Archive member included to satisfy reference by file (symbol)

D:/Progams/STM32CubeIDE_1.18.0/STM32CubeIDE/plugins/com.st.stm32cube.ide.mcu.externaltools.gnu-tools-for-stm32.13.3.rel1.win32_1.0.0.202411081344/tools/bin/../lib/gcc/arm-none-eabi/13.3.1/../../../../arm-none-eabi/lib/thumb/v7e-m+dp/hard\libc_nano.a(libc_a-exit.o)
                              D:/Progams/STM32CubeIDE_1.18.0/STM32CubeIDE/plugins/com.st.stm32cube.ide.mcu.externaltools.gnu-tools-for-stm32.13.3.rel1.win32_1.0.0.202411081344/tools/bin/../lib/gcc/arm-none-eabi/13.3.1/../../../../arm-none-eabi/lib/thumb/v7e-m+dp/hard/crt0.o (exit)
D:/Progams/STM32CubeIDE_1.18.0/STM32CubeIDE/plugins/com.st.stm32cube.ide.mcu.externaltools.gnu-tools-for-stm32.13.3.rel1.win32_1.0.0.202411081344/tools/bin/../lib/gcc/arm-none-eabi/13.3.1/../../../../arm-none-eabi/lib/thumb/v7e-m+dp/hard\libc_nano.a(libc_a-findfp.o)
                              D:/Progams/STM32CubeIDE_1.18.0/STM32CubeIDE/plugins/com.st.stm32cube.ide.mcu.externaltools.gnu-tools-for-stm32.13.3.rel1.win32_1.0.0.202411081344/tools/bin/../lib/gcc/arm-none-eabi/13.3.1/../../../../arm-none-eabi/lib/thumb/v7e-m+dp/hard\libc_nano.a(libc_a-exit.o) (__stdio_exit_handler)
D:/Progams/STM32CubeIDE_1.18.0/STM32CubeIDE/plugins/com.st.stm32cube.ide.mcu.externaltools.gnu-tools-for-stm32.13.3.rel1.win32_1.0.0.202411081344/tools/bin/../lib/gcc/arm-none-eabi/13.3.1/../../../../arm-none-eabi/lib/thumb/v7e-m+dp/hard\libc_nano.a(libc_a-fwalk.o)
                              D:/Progams/STM32CubeIDE_1.18.0/STM32CubeIDE/plugins/com.st.stm32cube.ide.mcu.externaltools.gnu-tools-for-stm32.13.3.rel1.win32_1.0.0.202411081344/tools/bin/../lib/gcc/arm-none-eabi/13.3.1/../../../../arm-none-eabi/lib/thumb/v7e-m+dp/hard\libc_nano.a(libc_a-findfp.o) (_fwalk_sglue)
D:/Progams/STM32CubeIDE_1.18.0/STM32CubeIDE/plugins/com.st.stm32cube.ide.mcu.externaltools.gnu-tools-for-stm32.13.3.rel1.win32_1.0.0.202411081344/tools/bin/../lib/gcc/arm-none-eabi/13.3.1/../../../../arm-none-eabi/lib/thumb/v7e-m+dp/hard\libc_nano.a(libc_a-stdio.o)
                              D:/Progams/STM32CubeIDE_1.18.0/STM32CubeIDE/plugins/com.st.stm32cube.ide.mcu.externaltools.gnu-tools-for-stm32.13.3.rel1.win32_1.0.0.202411081344/tools/bin/../lib/gcc/arm-none-eabi/13.3.1/../../../../arm-none-eabi/lib/thumb/v7e-m+dp/hard\libc_nano.a(libc_a-findfp.o) (__sread)
D:/Progams/STM32CubeIDE_1.18.0/STM32CubeIDE/plugins/com.st.stm32cube.ide.mcu.externaltools.gnu-tools-for-stm32.13.3.rel1.win32_1.0.0.202411081344/tools/bin/../lib/gcc/arm-none-eabi/13.3.1/../../../../arm-none-eabi/lib/thumb/v7e-m+dp/hard\libc_nano.a(libc_a-memset.o)
                              D:/Progams/STM32CubeIDE_1.18.0/STM32CubeIDE/plugins/com.st.stm32cube.ide.mcu.externaltools.gnu-tools-for-stm32.13.3.rel1.win32_1.0.0.202411081344/tools/bin/../lib/gcc/arm-none-eabi/13.3.1/../../../../arm-none-eabi/lib/thumb/v7e-m+dp/hard/crt0.o (memset)
D:/Progams/STM32CubeIDE_1.18.0/STM32CubeIDE/plugins/com.st.stm32cube.ide.mcu.externaltools.gnu-tools-for-stm32.13.3.rel1.win32_1.0.0.202411081344/tools/bin/../lib/gcc/arm-none-eabi/13.3.1/../../../../arm-none-eabi/lib/thumb/v7e-m+dp/hard\libc_nano.a(libc_a-closer.o)
                              D:/Progams/STM32CubeIDE_1.18.0/STM32CubeIDE/plugins/com.st.stm32cube.ide.mcu.externaltools.gnu-tools-for-stm32.13.3.rel1.win32_1.0.0.202411081344/tools/bin/../lib/gcc/arm-none-eabi/13.3.1/../../../../arm-none-eabi/lib/thumb/v7e-m+dp/hard\libc_nano.a(libc_a-stdio.o) (_close_r)
D:/Progams/STM32CubeIDE_1.18.0/STM32CubeIDE/plugins/com.st.stm32cube.ide.mcu.externaltools.gnu-tools-for-stm32.13.3.rel1.win32_1.0.0.202411081344/tools/bin/../lib/gcc/arm-none-eabi/13.3.1/../../../../arm-none-eabi/lib/thumb/v7e-m+dp/hard\libc_nano.a(libc_a-reent.o)
                              D:/Progams/STM32CubeIDE_1.18.0/STM32CubeIDE/plugins/com.st.stm32cube.ide.mcu.externaltools.gnu-tools-for-stm32.13.3.rel1.win32_1.0.0.202411081344/tools/bin/../lib/gcc/arm-none-eabi/13.3.1/../../../../arm-none-eabi/lib/thumb/v7e-m+dp/hard\libc_nano.a(libc_a-closer.o) (errno)
D:/Progams/STM32CubeIDE_1.18.0/STM32CubeIDE/plugins/com.st.stm32cube.ide.mcu.externaltools.gnu-tools-for-stm32.13.3.rel1.win32_1.0.0.202411081344/tools/bin/../lib/gcc/arm-none-eabi/13.3.1/../../../../arm-none-eabi/lib/thumb/v7e-m+dp/hard\libc_nano.a(libc_a-impure.o)
                              D:/Progams/STM32CubeIDE_1.18.0/STM32CubeIDE/plugins/com.st.stm32cube.ide.mcu.externaltools.gnu-tools-for-stm32.13.3.rel1.win32_1.0.0.202411081344/tools/bin/../lib/gcc/arm-none-eabi/13.3.1/../../../../arm-none-eabi/lib/thumb/v7e-m+dp/hard\libc_nano.a(libc_a-reent.o) (_impure_ptr)
D:/Progams/STM32CubeIDE_1.18.0/STM32CubeIDE/plugins/com.st.stm32cube.ide.mcu.externaltools.gnu-tools-for-stm32.13.3.rel1.win32_1.0.0.202411081344/tools/bin/../lib/gcc/arm-none-eabi/13.3.1/../../../../arm-none-eabi/lib/thumb/v7e-m+dp/hard\libc_nano.a(libc_a-lseekr.o)
[...]
Memory Configuration

Name             Origin             Length             Attributes
RAM_D1           0x24000000         0x00080000         xrw
FLASH            0x08000000         0x00100000         xr
DTCMRAM          0x20000000         0x00020000         xrw
RAM_D2           0x30000000         0x00048000         xrw
RAM_D3           0x38000000         0x00010000         xrw
ITCMRAM          0x00000000         0x00010000         xrw
*default*        0x00000000         0xffffffff

Linker script and memory map

LOAD D:/Progams/STM32CubeIDE_1.18.0/STM32CubeIDE/plugins/com.st.stm32cube.ide.mcu.externaltools.gnu-tools-for-stm32.13.3.rel1.win32_1.0.0.202411081344/tools/bin/../lib/gcc/arm-none-eabi/13.3.1/thumb/v7e-m+dp/hard/crti.o
LOAD D:/Progams/STM32CubeIDE_1.18.0/STM32CubeIDE/plugins/com.st.stm32cube.ide.mcu.externaltools.gnu-tools-for-stm32.13.3.rel1.win32_1.0.0.202411081344/tools/bin/../lib/gcc/arm-none-eabi/13.3.1/thumb/v7e-m+dp/hard/crtbegin.o
LOAD D:/Progams/STM32CubeIDE_1.18.0/STM32CubeIDE/plugins/com.st.stm32cube.ide.mcu.externaltools.gnu-tools-for-stm32.13.3.rel1.win32_1.0.0.202411081344/tools/bin/../lib/gcc/arm-none-eabi/13.3.1/../../../../arm-none-eabi/lib/thumb/v7e-m+dp/hard/crt0.o
LOAD ./Common/Src/system_stm32h7xx_dualcore_boot_cm4_cm7.o
LOAD ./Core/Src/aic3x.o
LOAD ./Core/Src/main.o
LOAD ./Core/Src/stm32h7xx_hal_msp.o
LOAD ./Core/Src/stm32h7xx_it.o
LOAD ./Core/Src/syscalls.o
LOAD ./Core/Src/sysmem.o
LOAD ./Core/Startup/startup_stm32h755zitx.o
LOAD ./Drivers/BSP/STM32H7xx_Nucleo/stm32h7xx_nucleo.o
LOAD ./Drivers/STM32H7xx_HAL_Driver/stm32h7xx_hal.o
LOAD ./Drivers/STM32H7xx_HAL_Driver/stm32h7xx_hal_cortex.o
LOAD ./Drivers/STM32H7xx_HAL_Driver/stm32h7xx_hal_dma.o
LOAD ./Drivers/STM32H7xx_HAL_Driver/stm32h7xx_hal_dma_ex.o
LOAD ./Drivers/STM32H7xx_HAL_Driver/stm32h7xx_hal_exti.o
LOAD ./Drivers/STM32H7xx_HAL_Driver/stm32h7xx_hal_flash.o
LOAD ./Drivers/STM32H7xx_HAL_Driver/stm32h7xx_hal_flash_ex.o
LOAD ./Drivers/STM32H7xx_HAL_Driver/stm32h7xx_hal_gpio.o
LOAD ./Drivers/STM32H7xx_HAL_Driver/stm32h7xx_hal_hsem.o
LOAD ./Drivers/STM32H7xx_HAL_Driver/stm32h7xx_hal_i2c.o
LOAD ./Drivers/STM32H7xx_HAL_Driver/stm32h7xx_hal_i2c_ex.o
LOAD ./Drivers/STM32H7xx_HAL_Driver/stm32h7xx_hal_mdma.o
LOAD ./Drivers/STM32H7xx_HAL_Driver/stm32h7xx_hal_pwr.o
LOAD ./Drivers/STM32H7xx_HAL_Driver/stm32h7xx_hal_pwr_ex.o
LOAD ./Drivers/STM32H7xx_HAL_Driver/stm32h7xx_hal_rcc.o
LOAD ./Drivers/STM32H7xx_HAL_Driver/stm32h7xx_hal_rcc_ex.o
LOAD ./Drivers/STM32H7xx_HAL_Driver/stm32h7xx_hal_sai.o
LOAD ./Drivers/STM32H7xx_HAL_Driver/stm32h7xx_hal_sai_ex.o
LOAD ./Drivers/STM32H7xx_HAL_Driver/stm32h7xx_hal_uart.o
LOAD ./Drivers/STM32H7xx_HAL_Driver/stm32h7xx_hal_uart_ex.o
LOAD ./Drivers/STM32H7xx_HAL_Driver/stm32h7xx_hal_usart.o
LOAD ./Drivers/STM32H7xx_HAL_Driver/stm32h7xx_hal_usart_ex.o
LOAD D:\AppData\CubeIDE\Workspace\Audio_Matrix\CM7\Drivers\CMSIS\DSP\Lib\GCC\libarm_cortexM7lfdp_math.a
START GROUP
LOAD D:/Progams/STM32CubeIDE_1.18.0/STM32CubeIDE/plugins/com.st.stm32cube.ide.mcu.externaltools.gnu-tools-for-stm32.13.3.rel1.win32_1.0.0.202411081344/tools/bin/../lib/gcc/arm-none-eabi/13.3.1/../../../../arm-none-eabi/lib/thumb/v7e-m+dp/hard\libc_nano.a
LOAD D:/Progams/STM32CubeIDE_1.18.0/STM32CubeIDE/plugins/com.st.stm32cube.ide.mcu.externaltools.gnu-tools-for-stm32.13.3.rel1.win32_1.0.0.202411081344/tools/bin/../lib/gcc/arm-none-eabi/13.3.1/../../../../arm-none-eabi/lib/thumb/v7e-m+dp/hard\libm.a
END GROUP
START GROUP
LOAD D:/Progams/STM32CubeIDE_1.18.0/STM32CubeIDE/plugins/com.st.stm32cube.ide.mcu.externaltools.gnu-tools-for-stm32.13.3.rel1.win32_1.0.0.202411081344/tools/bin/../lib/gcc/arm-none-eabi/13.3.1/thumb/v7e-m+dp/hard\libgcc.a
LOAD D:/Progams/STM32CubeIDE_1.18.0/STM32CubeIDE/plugins/com.st.stm32cube.ide.mcu.externaltools.gnu-tools-for-stm32.13.3.rel1.win32_1.0.0.202411081344/tools/bin/../lib/gcc/arm-none-eabi/13.3.1/../../../../arm-none-eabi/lib/thumb/v7e-m+dp/hard\libc_nano.a
END GROUP
START GROUP
LOAD D:/Progams/STM32CubeIDE_1.18.0/STM32CubeIDE/plugins/com.st.stm32cube.ide.mcu.externaltools.gnu-tools-for-stm32.13.3.rel1.win32_1.0.0.202411081344/tools/bin/../lib/gcc/arm-none-eabi/13.3.1/thumb/v7e-m+dp/hard\libgcc.a
LOAD D:/Progams/STM32CubeIDE_1.18.0/STM32CubeIDE/plugins/com.st.stm32cube.ide.mcu.externaltools.gnu-tools-for-stm32.13.3.rel1.win32_1.0.0.202411081344/tools/bin/../lib/gcc/arm-none-eabi/13.3.1/../../../../arm-none-eabi/lib/thumb/v7e-m+dp/hard\libc_nano.a
LOAD D:/Progams/STM32CubeIDE_1.18.0/STM32CubeIDE/plugins/com.st.stm32cube.ide.mcu.externaltools.gnu-tools-for-stm32.13.3.rel1.win32_1.0.0.202411081344/tools/bin/../lib/gcc/arm-none-eabi/13.3.1/../../../../arm-none-eabi/lib/thumb/v7e-m+dp/hard\libnosys.a
END GROUP
START GROUP
LOAD D:/Progams/STM32CubeIDE_1.18.0/STM32CubeIDE/plugins/com.st.stm32cube.ide.mcu.externaltools.gnu-tools-for-stm32.13.3.rel1.win32_1.0.0.202411081344/tools/bin/../lib/gcc/arm-none-eabi/13.3.1/thumb/v7e-m+dp/hard\libgcc.a
LOAD D:/Progams/STM32CubeIDE_1.18.0/STM32CubeIDE/plugins/com.st.stm32cube.ide.mcu.externaltools.gnu-tools-for-stm32.13.3.rel1.win32_1.0.0.202411081344/tools/bin/../lib/gcc/arm-none-eabi/13.3.1/../../../../arm-none-eabi/lib/thumb/v7e-m+dp/hard\libc_nano.a
LOAD D:/Progams/STM32CubeIDE_1.18.0/STM32CubeIDE/plugins/com.st.stm32cube.ide.mcu.externaltools.gnu-tools-for-stm32.13.3.rel1.win32_1.0.0.202411081344/tools/bin/../lib/gcc/arm-none-eabi/13.3.1/../../../../arm-none-eabi/lib/thumb/v7e-m+dp/hard\libnosys.a
END GROUP
LOAD D:/Progams/STM32CubeIDE_1.18.0/STM32CubeIDE/plugins/com.st.stm32cube.ide.mcu.externaltools.gnu-tools-for-stm32.13.3.rel1.win32_1.0.0.202411081344/tools/bin/../lib/gcc/arm-none-eabi/13.3.1/thumb/v7e-m+dp/hard/crtend.o
LOAD D:/Progams/STM32CubeIDE_1.18.0/STM32CubeIDE/plugins/com.st.stm32cube.ide.mcu.externaltools.gnu-tools-for-stm32.13.3.rel1.win32_1.0.0.202411081344/tools/bin/../lib/gcc/arm-none-eabi/13.3.1/thumb/v7e-m+dp/hard/crtn.o
                0x24080000                        _estack = (ORIGIN (RAM_D1) + LENGTH (RAM_D1))
                0x00000200                        _Min_Heap_Size = 0x200
                0x00000400                        _Min_Stack_Size = 0x400

.isr_vector     0x08000000      0x298
                0x08000000                        . = ALIGN (0x4)
 *(.isr_vector)
 .isr_vector    0x08000000      0x298 ./Core/Startup/startup_stm32h755zitx.o
                0x08000000                g_pfnVectors
                0x08000298                        . = ALIGN (0x4)

.text           0x08000298     0xcbe4
                0x08000298                        . = ALIGN (0x4)
 *(.text)
 .text          0x08000298       0x40 D:/Progams/STM32CubeIDE_1.18.0/STM32CubeIDE/plugins/com.st.stm32cube.ide.mcu.externaltools.gnu-tools-for-stm32.13.3.rel1.win32_1.0.0.202411081344/tools/bin/../lib/gcc/arm-none-eabi/13.3.1/thumb/v7e-m+dp/hard/crtbegin.o
 .text          0x080002d8       0x30 D:/Progams/STM32CubeIDE_1.18.0/STM32CubeIDE/plugins/com.st.stm32cube.ide.mcu.externaltools.gnu-tools-for-stm32.13.3.rel1.win32_1.0.0.202411081344/tools/bin/../lib/gcc/arm-none-eabi/13.3.1/thumb/v7e-m+dp/hard\libgcc.a(_aeabi_uldivmod.o)
                0x080002d8                __aeabi_uldivmod
 .text          0x08000308      0x2f8 D:/Progams/STM32CubeIDE_1.18.0/STM32CubeIDE/plugins/com.st.stm32cube.ide.mcu.externaltools.gnu-tools-for-stm32.13.3.rel1.win32_1.0.0.202411081344/tools/bin/../lib/gcc/arm-none-eabi/13.3.1/thumb/v7e-m+dp/hard\libgcc.a(_udivmoddi4.o)
                0x08000308                __udivmoddi4
 .text          0x08000600        0x4 D:/Progams/STM32CubeIDE_1.18.0/STM32CubeIDE/plugins/com.st.stm32cube.ide.mcu.externaltools.gnu-tools-for-stm32.13.3.rel1.win32_1.0.0.202411081344/tools/bin/../lib/gcc/arm-none-eabi/13.3.1/thumb/v7e-m+dp/hard\libgcc.a(_dvmd_tls.o)
                0x08000600                __aeabi_idiv0
                0x08000600                __aeabi_ldiv0
 *(.text*)
 .text.SystemInit
                0x08000604      0x15c ./Common/Src/system_stm32h7xx_dualcore_boot_cm4_cm7.o
                0x08000604                SystemInit
 .text.ExitRun0Mode
                0x08000760       0x30 ./Common/Src/system_stm32h7xx_dualcore_boot_cm4_cm7.o
                0x08000760                ExitRun0Mode
 .text.AIC3X_Init
                0x08000790       0x28 ./Core/Src/aic3x.o
                0x08000790                AIC3X_Init
 .text.AIC3X_HwReset
                0x080007b8       0x48 ./Core/Src/aic3x.o
                0x080007b8                AIC3X_HwReset
 .text.AIC3X_SwReset
                0x08000800       0x3c ./Core/Src/aic3x.o
                0x08000800                AIC3X_SwReset
 .text.AIC3X_ReadData
                0x0800083c       0x50 ./Core/Src/aic3x.o
                0x0800083c                AIC3X_ReadData
 .text.AIC3X_WriteData
                0x0800088c       0x50 ./Core/Src/aic3x.o
                0x0800088c                AIC3X_WriteData
 .text.AIC3X_WriteDataPathControl
                0x080008dc       0x7e ./Core/Src/aic3x.o
                0x080008dc                AIC3X_WriteDataPathControl
 .text.AIC3X_WriteASDataIntfControl
                0x0800095a       0xde ./Core/Src/aic3x.o
                0x0800095a                AIC3X_WriteASDataIntfControl
 .text.AIC3X_WritePGAGainControl
                0x08000a38       0x8e ./Core/Src/aic3x.o
                0x08000a38                AIC3X_WritePGAGainControl
 .text.AIC3X_WriteADCMixControl
                0x08000ac6      0x27c ./Core/Src/aic3x.o
                0x08000ac6                AIC3X_WriteADCMixControl
 .text.AIC3X_WriteDACPowerControl
                0x08000d42       0x88 ./Core/Src/aic3x.o
                0x08000d42                AIC3X_WriteDACPowerControl
 .text.AIC3X_WriteVolControl
                0x08000dca       0x96 ./Core/Src/aic3x.o
                0x08000dca                AIC3X_WriteVolControl
 .text.AIC3X_WriteOutputLevelControl
                0x08000e60       0xb6 ./Core/Src/aic3x.o
                0x08000e60                AIC3X_WriteOutputLevelControl
 *fill*         0x08000f16        0x2 
 .text.main     0x08000f18      0x6ec ./Core/Src/main.o
                0x08000f18                main
 .text.SystemClock_Config
                0x08001604       0xfc ./Core/Src/main.o
                0x08001604                SystemClock_Config
 .text.PeriphCommonClock_Config
                0x08001700       0x60 ./Core/Src/main.o
                0x08001700                PeriphCommonClock_Config
 .text.MX_I2C2_Init
                0x08001760       0x7c ./Core/Src/main.o
 .text.MX_SAI1_Init
                0x080017dc       0xc4 ./Core/Src/main.o
 .text.MX_USART3_UART_Init
                0x080018a0       0x98 ./Core/Src/main.o
 .text.MX_DMA_Init
                0x08001938       0x50 ./Core/Src/main.o
 .text.MX_MDMA_Init
                0x08001988      0xb58 ./Core/Src/main.o
 .text.MX_GPIO_Init
                0x080024e0      0x1bc ./Core/Src/main.o
 .text.HAL_SAI_RxHalfCpltCallback
                0x0800269c       0x14 ./Core/Src/main.o
                0x0800269c                HAL_SAI_RxHalfCpltCallback
 .text.HAL_SAI_RxCpltCallback
                0x080026b0       0x14 ./Core/Src/main.o
                0x080026b0                HAL_SAI_RxCpltCallback
 .text.HAL_SAI_TxHalfCpltCallback
                0x080026c4       0x14 ./Core/Src/main.o
                0x080026c4                HAL_SAI_TxHalfCpltCallback
 .text.HAL_SAI_TxCpltCallback
                0x080026d8       0x14 ./Core/Src/main.o
                0x080026d8                HAL_SAI_TxCpltCallback
 .text.MDMA_RxXferBlockCpltCallback
                0x080026ec      0x23c ./Core/Src/main.o
                0x080026ec                MDMA_RxXferBlockCpltCallback
 .text.MDMA_TxXferBlockCpltCallback
                0x08002928       0x44 ./Core/Src/main.o
                0x08002928                MDMA_TxXferBlockCpltCallback
 .text.MDMA_RxErrorCallback
                0x0800296c       0x18 ./Core/Src/main.o
                0x0800296c                MDMA_RxErrorCallback
 .text.MDMA_TxErrorCallback
                0x08002984       0x1e ./Core/Src/main.o
                0x08002984                MDMA_TxErrorCallback
 *fill*         0x080029a2        0x2 
 .text.codecSetup
                0x080029a4      0x1fc ./Core/Src/main.o
                0x080029a4                codecSetup
 .text.Error_Handler
                0x08002ba0        0xc ./Core/Src/main.o
                0x08002ba0                Error_Handler
 .text.HAL_MspInit
                0x08002bac       0x34 ./Core/Src/stm32h7xx_hal_msp.o
                0x08002bac                HAL_MspInit
 .text.HAL_I2C_MspInit
                0x08002be0       0xf8 ./Core/Src/stm32h7xx_hal_msp.o
                0x08002be0                HAL_I2C_MspInit
 .text.HAL_UART_MspInit
                0x08002cd8       0x94 ./Core/Src/stm32h7xx_hal_msp.o
                0x08002cd8                HAL_UART_MspInit
 .text.HAL_SAI_MspInit
                0x08002d6c      0x224 ./Core/Src/stm32h7xx_hal_msp.o
                0x08002d6c                HAL_SAI_MspInit
 .text.NMI_Handler
                0x08002f90        0x8 ./Core/Src/stm32h7xx_it.o
                0x08002f90                NMI_Handler
 .text.HardFault_Handler
                0x08002f98        0x8 ./Core/Src/stm32h7xx_it.o
                0x08002f98                HardFault_Handler
 .text.MemManage_Handler
                0x08002fa0        0x8 ./Core/Src/stm32h7xx_it.o
                0x08002fa0                MemManage_Handler
 .text.BusFault_Handler
                0x08002fa8        0x8 ./Core/Src/stm32h7xx_it.o
                0x08002fa8                BusFault_Handler
 .text.UsageFault_Handler
                0x08002fb0        0x8 ./Core/Src/stm32h7xx_it.o
                0x08002fb0                UsageFault_Handler
 .text.SVC_Handler
                0x08002fb8        0xe ./Core/Src/stm32h7xx_it.o
                0x08002fb8                SVC_Handler
 .text.DebugMon_Handler
                0x08002fc6        0xe ./Core/Src/stm32h7xx_it.o
                0x08002fc6                DebugMon_Handler
 .text.PendSV_Handler
                0x08002fd4        0xe ./Core/Src/stm32h7xx_it.o
                0x08002fd4                PendSV_Handler
 .text.SysTick_Handler
                0x08002fe2        0xc ./Core/Src/stm32h7xx_it.o
                0x08002fe2                SysTick_Handler
 *fill*         0x08002fee        0x2 
 .text.DMA1_Stream0_IRQHandler
                0x08002ff0       0x14 ./Core/Src/stm32h7xx_it.o
                0x08002ff0                DMA1_Stream0_IRQHandler
 .text.DMA1_Stream1_IRQHandler
                0x08003004       0x14 ./Core/Src/stm32h7xx_it.o
                0x08003004                DMA1_Stream1_IRQHandler
 .text.MDMA_IRQHandler
                0x08003018       0x28 ./Core/Src/stm32h7xx_it.o
                0x08003018                MDMA_IRQHandler
 .text.Reset_Handler
                0x08003040       0x54 ./Core/Startup/startup_stm32h755zitx.o
                0x08003040                Reset_Handler
 .text.Default_Handler
                0x08003094        0x2 ./Core/Startup/startup_stm32h755zitx.o
                0x08003094                RTC_Alarm_IRQHandler
                0x08003094                HASH_RNG_IRQHandler
                0x08003094                EXTI2_IRQHandler
                0x08003094                TIM8_CC_IRQHandler
                0x08003094                HRTIM1_Master_IRQHandler
                0x08003094                UART8_IRQHandler
                0x08003094                SPI4_IRQHandler
                0x08003094                TIM1_CC_IRQHandler
                0x08003094                BDMA_Channel6_IRQHandler
                0x08003094                DMA2_Stream5_IRQHandler
                0x08003094                HRTIM1_FLT_IRQHandler
                0x08003094                JPEG_IRQHandler
                0x08003094                DMA1_Stream5_IRQHandler
                0x08003094                BDMA_Channel1_IRQHandler
                0x08003094                HRTIM1_TIMD_IRQHandler
                0x08003094                TAMP_STAMP_IRQHandler
                0x08003094                EXTI3_IRQHandler
                0x08003094                LPTIM4_IRQHandler
                0x08003094                TIM8_TRG_COM_TIM14_IRQHandler
                0x08003094                LPTIM2_IRQHandler
                0x08003094                DFSDM1_FLT1_IRQHandler
                0x08003094                DMAMUX2_OVR_IRQHandler
                0x08003094                TIM8_UP_TIM13_IRQHandler
                0x08003094                I2C3_ER_IRQHandler
                0x08003094                DFSDM1_FLT2_IRQHandler
                0x08003094                LPTIM3_IRQHandler
                0x08003094                HSEM1_IRQHandler
                0x08003094                EXTI0_IRQHandler
                0x08003094                I2C2_EV_IRQHandler
                0x08003094                DMA1_Stream2_IRQHandler
                0x08003094                FPU_IRQHandler
                0x08003094                OTG_HS_WKUP_IRQHandler
                0x08003094                FDCAN1_IT1_IRQHandler
                0x08003094                LTDC_ER_IRQHandler
                0x08003094                DMA2_Stream2_IRQHandler
                0x08003094                HRTIM1_TIME_IRQHandler
                0x08003094                SPI1_IRQHandler
                0x08003094                TIM6_DAC_IRQHandler
                0x08003094                DCMI_IRQHandler
                0x08003094                HRTIM1_TIMC_IRQHandler
                0x08003094                DMA2_Stream3_IRQHandler
                0x08003094                SAI2_IRQHandler
                0x08003094                DFSDM1_FLT3_IRQHandler
                0x08003094                USART6_IRQHandler
                0x08003094                TIM17_IRQHandler
                0x08003094                USART3_IRQHandler
                0x08003094                BDMA_Channel7_IRQHandler
                0x08003094                CRYP_IRQHandler
                0x08003094                LPTIM5_IRQHandler
                0x08003094                UART5_IRQHandler
                0x08003094                ADC3_IRQHandler
                0x08003094                DMA2_Stream0_IRQHandler
                0x08003094                TIM4_IRQHandler
                0x08003094                BDMA_Channel2_IRQHandler
                0x08003094                QUADSPI_IRQHandler
                0x08003094                I2C1_EV_IRQHandler
                0x08003094                DMA1_Stream6_IRQHandler
                0x08003094                DMAMUX1_OVR_IRQHandler
                0x08003094                TIM16_IRQHandler
                0x08003094                UART4_IRQHandler
                0x08003094                BDMA_Channel5_IRQHandler
                0x08003094                TIM3_IRQHandler
                0x08003094                RCC_IRQHandler
                0x08003094                TIM8_BRK_TIM12_IRQHandler
                0x08003094                TIM1_TRG_COM_IRQHandler
                0x08003094                Default_Handler
                0x08003094                ECC_IRQHandler
                0x08003094                CEC_IRQHandler
                0x08003094                EXTI15_10_IRQHandler
                0x08003094                BDMA_Channel0_IRQHandler
                0x08003094                ADC_IRQHandler
                0x08003094                DMA1_Stream7_IRQHandler
                0x08003094                HRTIM1_TIMA_IRQHandler
                0x08003094                SPI5_IRQHandler
                0x08003094                TIM7_IRQHandler
                0x08003094                SDMMC1_IRQHandler
                0x08003094                TIM5_IRQHandler
                0x08003094                DMA2_Stream7_IRQHandler
                0x08003094                TIM15_IRQHandler
                0x08003094                PVD_AVD_IRQHandler
                0x08003094                I2C3_EV_IRQHandler
                0x08003094                EXTI9_5_IRQHandler
                0x08003094                RTC_WKUP_IRQHandler
                0x08003094                LTDC_IRQHandler
                0x08003094                SAI3_IRQHandler
                0x08003094                ETH_WKUP_IRQHandler
                0x08003094                SPDIF_RX_IRQHandler
                0x08003094                SPI2_IRQHandler
                0x08003094                OTG_HS_EP1_IN_IRQHandler
                0x08003094                CRS_IRQHandler
                0x08003094                CM7_SEV_IRQHandler
                0x08003094                EXTI4_IRQHandler
                0x08003094                CM4_SEV_IRQHandler
                0x08003094                HRTIM1_TIMB_IRQHandler
                0x08003094                FDCAN2_IT1_IRQHandler
                0x08003094                ETH_IRQHandler
                0x08003094                TIM1_UP_IRQHandler
                0x08003094                WWDG_RST_IRQHandler
                0x08003094                BDMA_Channel4_IRQHandler
                0x08003094                OTG_HS_EP1_OUT_IRQHandler
                0x08003094                WWDG_IRQHandler
                0x08003094                SPI6_IRQHandler
                0x08003094                MDIOS_IRQHandler
                0x08003094                I2C4_EV_IRQHandler
                0x08003094                FDCAN2_IT0_IRQHandler
                0x08003094                LPUART1_IRQHandler
                0x08003094                FDCAN1_IT0_IRQHandler
                0x08003094                TIM2_IRQHandler
                0x08003094                OTG_FS_WKUP_IRQHandler
                0x08003094                OTG_HS_IRQHandler
                0x08003094                HSEM2_IRQHandler
                0x08003094                DMA2D_IRQHandler
                0x08003094                TIM1_BRK_IRQHandler
                0x08003094                EXTI1_IRQHandler
                0x08003094                SDMMC2_IRQHandler
                0x08003094                OTG_FS_EP1_OUT_IRQHandler
                0x08003094                BDMA_Channel3_IRQHandler
                0x08003094                HOLD_CORE_IRQHandler
                0x08003094                UART7_IRQHandler
                0x08003094                MDIOS_WKUP_IRQHandler
                0x08003094                USART2_IRQHandler
                0x08003094                DFSDM1_FLT0_IRQHandler
                0x08003094                SAI4_IRQHandler
                0x08003094                I2C2_ER_IRQHandler
                0x08003094                DMA2_Stream1_IRQHandler
                0x08003094                FLASH_IRQHandler
                0x08003094                DMA2_Stream4_IRQHandler
                0x08003094                USART1_IRQHandler
                0x08003094                OTG_FS_IRQHandler
                0x08003094                SPI3_IRQHandler
                0x08003094                WAKEUP_PIN_IRQHandler
                0x08003094                DMA1_Stream4_IRQHandler
                0x08003094                OTG_FS_EP1_IN_IRQHandler
                0x08003094                I2C1_ER_IRQHandler
                0x08003094                FMC_IRQHandler
                0x08003094                FDCAN_CAL_IRQHandler
                0x08003094                SWPMI1_IRQHandler
                0x08003094                COMP1_IRQHandler
                0x08003094                LPTIM1_IRQHandler
                0x08003094                I2C4_ER_IRQHandler
                0x08003094                DMA2_Stream6_IRQHandler
                0x08003094                SAI1_IRQHandler
                0x08003094                DMA1_Stream3_IRQHandler
 *fill*         0x08003096        0x2 
 .text.BSP_PB_Init
                0x08003098       0xe4 ./Drivers/BSP/STM32H7xx_Nucleo/stm32h7xx_nucleo.o
                0x08003098                BSP_PB_Init
 .text.BSP_PB_GetState
                0x0800317c       0x2c ./Drivers/BSP/STM32H7xx_Nucleo/stm32h7xx_nucleo.o
                0x0800317c                BSP_PB_GetState
 .text.BSP_PB_Callback
                0x080031a8       0x16 ./Drivers/BSP/STM32H7xx_Nucleo/stm32h7xx_nucleo.o
                0x080031a8                BSP_PB_Callback
 .text.BUTTON_USER_EXTI_Callback
                0x080031be        0xe ./Drivers/BSP/STM32H7xx_Nucleo/stm32h7xx_nucleo.o
 .text.HAL_Init
                0x080031cc       0x78 ./Drivers/STM32H7xx_HAL_Driver/stm32h7xx_hal.o
                0x080031cc                HAL_Init
 .text.HAL_InitTick
                0x08003244       0x6c ./Drivers/STM32H7xx_HAL_Driver/stm32h7xx_hal.o
                0x08003244                HAL_InitTick
 .text.HAL_IncTick
                0x080032b0       0x28 ./Drivers/STM32H7xx_HAL_Driver/stm32h7xx_hal.o
                0x080032b0                HAL_IncTick
 .text.HAL_GetTick
                0x080032d8       0x18 ./Drivers/STM32H7xx_HAL_Driver/stm32h7xx_hal.o
                0x080032d8                HAL_GetTick
 .text.HAL_Delay
                0x080032f0       0x48 ./Drivers/STM32H7xx_HAL_Driver/stm32h7xx_hal.o
                0x080032f0                HAL_Delay
 .text.HAL_GetREVID
                0x08003338       0x18 ./Drivers/STM32H7xx_HAL_Driver/stm32h7xx_hal.o
                0x08003338                HAL_GetREVID
 .text.__NVIC_SetPriorityGrouping
                0x08003350       0x48 ./Drivers/STM32H7xx_HAL_Driver/stm32h7xx_hal_cortex.o
 .text.__NVIC_GetPriorityGrouping
                0x08003398       0x1c ./Drivers/STM32H7xx_HAL_Driver/stm32h7xx_hal_cortex.o
 .text.__NVIC_EnableIRQ
                0x080033b4       0x3c ./Drivers/STM32H7xx_HAL_Driver/stm32h7xx_hal_cortex.o
 .text.__NVIC_SetPriority
                0x080033f0       0x54 ./Drivers/STM32H7xx_HAL_Driver/stm32h7xx_hal_cortex.o
 .text.NVIC_EncodePriority
                0x08003444       0x66 ./Drivers/STM32H7xx_HAL_Driver/stm32h7xx_hal_cortex.o
 *fill*         0x080034aa        0x2 
 .text.SysTick_Config
                0x080034ac       0x44 ./Drivers/STM32H7xx_HAL_Driver/stm32h7xx_hal_cortex.o
 .text.HAL_NVIC_SetPriorityGrouping
                0x080034f0       0x16 ./Drivers/STM32H7xx_HAL_Driver/stm32h7xx_hal_cortex.o
                0x080034f0                HAL_NVIC_SetPriorityGrouping
 .text.HAL_NVIC_SetPriority
                0x08003506       0x34 ./Drivers/STM32H7xx_HAL_Driver/stm32h7xx_hal_cortex.o
                0x08003506                HAL_NVIC_SetPriority
 .text.HAL_NVIC_EnableIRQ
                0x0800353a       0x1c ./Drivers/STM32H7xx_HAL_Driver/stm32h7xx_hal_cortex.o
                0x0800353a                HAL_NVIC_EnableIRQ
 .text.HAL_SYSTICK_Config
                0x08003556       0x18 ./Drivers/STM32H7xx_HAL_Driver/stm32h7xx_hal_cortex.o
                0x08003556                HAL_SYSTICK_Config
 *fill*         0x0800356e        0x2 
 .text.HAL_DMA_Init
                0x08003570      0x6b8 ./Drivers/STM32H7xx_HAL_Driver/stm32h7xx_hal_dma.o
                0x08003570                HAL_DMA_Init
 .text.HAL_DMA_Start_IT
                0x08003c28      0x4d4 ./Drivers/STM32H7xx_HAL_Driver/stm32h7xx_hal_dma.o
                0x08003c28                HAL_DMA_Start_IT
 .text.HAL_DMA_IRQHandler
                0x080040fc      0xe54 ./Drivers/STM32H7xx_HAL_Driver/stm32h7xx_hal_dma.o
                0x080040fc                HAL_DMA_IRQHandler
 .text.HAL_DMA_GetError
                0x08004f50       0x18 ./Drivers/STM32H7xx_HAL_Driver/stm32h7xx_hal_dma.o
                0x08004f50                HAL_DMA_GetError
 .text.DMA_SetConfig
                0x08004f68      0x358 ./Drivers/STM32H7xx_HAL_Driver/stm32h7xx_hal_dma.o
 .text.DMA_CalcBaseAndBitshift
                0x080052c0      0x164 ./Drivers/STM32H7xx_HAL_Driver/stm32h7xx_hal_dma.o
 .text.DMA_CheckFifoParam
                0x08005424       0xf8 ./Drivers/STM32H7xx_HAL_Driver/stm32h7xx_hal_dma.o
 .text.DMA_CalcDMAMUXChannelBaseAndMask
                0x0800551c      0x134 ./Drivers/STM32H7xx_HAL_Driver/stm32h7xx_hal_dma.o
 .text.DMA_CalcDMAMUXRequestGenBaseAndMask
                0x08005650       0xe8 ./Drivers/STM32H7xx_HAL_Driver/stm32h7xx_hal_dma.o
 .text.HAL_DMAEx_ConfigMuxSync
                0x08005738      0x18c ./Drivers/STM32H7xx_HAL_Driver/stm32h7xx_hal_dma_ex.o
                0x08005738                HAL_DMAEx_ConfigMuxSync
 .text.HAL_EXTI_RegisterCallback
                0x080058c4       0x3e ./Drivers/STM32H7xx_HAL_Driver/stm32h7xx_hal_exti.o
                0x080058c4                HAL_EXTI_RegisterCallback
 .text.HAL_EXTI_GetHandle
                0x08005902       0x28 ./Drivers/STM32H7xx_HAL_Driver/stm32h7xx_hal_exti.o
                0x08005902                HAL_EXTI_GetHandle
 *fill*         0x0800592a        0x2 
 .text.HAL_GPIO_Init
                0x0800592c      0x360 ./Drivers/STM32H7xx_HAL_Driver/stm32h7xx_hal_gpio.o
                0x0800592c                HAL_GPIO_Init
 .text.HAL_GPIO_ReadPin
                0x08005c8c       0x30 ./Drivers/STM32H7xx_HAL_Driver/stm32h7xx_hal_gpio.o
                0x08005c8c                HAL_GPIO_ReadPin
 .text.HAL_GPIO_WritePin
                0x08005cbc       0x32 ./Drivers/STM32H7xx_HAL_Driver/stm32h7xx_hal_gpio.o
                0x08005cbc                HAL_GPIO_WritePin
 *fill*         0x08005cee        0x2 
 .text.HAL_HSEM_FastTake
                0x08005cf0       0x34 ./Drivers/STM32H7xx_HAL_Driver/stm32h7xx_hal_hsem.o
                0x08005cf0                HAL_HSEM_FastTake
 .text.HAL_HSEM_Release
                0x08005d24       0x28 ./Drivers/STM32H7xx_HAL_Driver/stm32h7xx_hal_hsem.o
                0x08005d24                HAL_HSEM_Release
 .text.HAL_I2C_Init
                0x08005d4c      0x138 ./Drivers/STM32H7xx_HAL_Driver/stm32h7xx_hal_i2c.o
                0x08005d4c                HAL_I2C_Init
 .text.HAL_I2C_Mem_Write
                0x08005e84      0x228 ./Drivers/STM32H7xx_HAL_Driver/stm32h7xx_hal_i2c.o
                0x08005e84                HAL_I2C_Mem_Write
 .text.HAL_I2C_Mem_Read
                0x080060ac      0x234 ./Drivers/STM32H7xx_HAL_Driver/stm32h7xx_hal_i2c.o
                0x080060ac                HAL_I2C_Mem_Read
 .text.I2C_RequestMemoryWrite
                0x080062e0       0xa8 ./Drivers/STM32H7xx_HAL_Driver/stm32h7xx_hal_i2c.o
 .text.I2C_RequestMemoryRead
                0x08006388       0xa8 ./Drivers/STM32H7xx_HAL_Driver/stm32h7xx_hal_i2c.o
 .text.I2C_Flush_TXDR
                0x08006430       0x48 ./Drivers/STM32H7xx_HAL_Driver/stm32h7xx_hal_i2c.o
 .text.I2C_WaitOnFlagUntilTimeout
                0x08006478       0xb2 ./Drivers/STM32H7xx_HAL_Driver/stm32h7xx_hal_i2c.o
 .text.I2C_WaitOnTXISFlagUntilTimeout
                0x0800652a       0x8e ./Drivers/STM32H7xx_HAL_Driver/stm32h7xx_hal_i2c.o
 .text.I2C_WaitOnSTOPFlagUntilTimeout
                0x080065b8       0x86 ./Drivers/STM32H7xx_HAL_Driver/stm32h7xx_hal_i2c.o
 *fill*         0x0800663e        0x2 
 .text.I2C_IsErrorOccurred
                0x08006640      0x1c0 ./Drivers/STM32H7xx_HAL_Driver/stm32h7xx_hal_i2c.o
 .text.I2C_TransferConfig
                0x08006800       0x64 ./Drivers/STM32H7xx_HAL_Driver/stm32h7xx_hal_i2c.o
 .text.HAL_I2CEx_ConfigAnalogFilter
                0x08006864       0x96 ./Drivers/STM32H7xx_HAL_Driver/stm32h7xx_hal_i2c_ex.o
                0x08006864                HAL_I2CEx_ConfigAnalogFilter
 .text.HAL_I2CEx_ConfigDigitalFilter
                0x080068fa       0x98 ./Drivers/STM32H7xx_HAL_Driver/stm32h7xx_hal_i2c_ex.o
                0x080068fa                HAL_I2CEx_ConfigDigitalFilter
 .text.HAL_MDMA_Init
                0x08006992       0x98 ./Drivers/STM32H7xx_HAL_Driver/stm32h7xx_hal_mdma.o
                0x08006992                HAL_MDMA_Init
 *fill*         0x08006a2a        0x2 
 .text.HAL_MDMA_RegisterCallback
                0x08006a2c       0xb4 ./Drivers/STM32H7xx_HAL_Driver/stm32h7xx_hal_mdma.o
                0x08006a2c                HAL_MDMA_RegisterCallback
 .text.HAL_MDMA_LinkedList_CreateNode
                0x08006ae0      0x1b8 ./Drivers/STM32H7xx_HAL_Driver/stm32h7xx_hal_mdma.o
                0x08006ae0                HAL_MDMA_LinkedList_CreateNode
 .text.HAL_MDMA_LinkedList_AddNode
                0x08006c98      0x188 ./Drivers/STM32H7xx_HAL_Driver/stm32h7xx_hal_mdma.o
                0x08006c98                HAL_MDMA_LinkedList_AddNode
 .text.HAL_MDMA_LinkedList_EnableCircularMode
                0x08006e20       0x86 ./Drivers/STM32H7xx_HAL_Driver/stm32h7xx_hal_mdma.o
                0x08006e20                HAL_MDMA_LinkedList_EnableCircularMode
 .text.HAL_MDMA_Start_IT
                0x08006ea6      0x102 ./Drivers/STM32H7xx_HAL_Driver/stm32h7xx_hal_mdma.o
                0x08006ea6                HAL_MDMA_Start_IT
 .text.HAL_MDMA_GenerateSWRequest
                0x08006fa8       0x74 ./Drivers/STM32H7xx_HAL_Driver/stm32h7xx_hal_mdma.o
                0x08006fa8                HAL_MDMA_GenerateSWRequest
 .text.HAL_MDMA_IRQHandler
                0x0800701c      0x2a8 ./Drivers/STM32H7xx_HAL_Driver/stm32h7xx_hal_mdma.o
                0x0800701c                HAL_MDMA_IRQHandler
 .text.MDMA_SetConfig
                0x080072c4       0xe0 ./Drivers/STM32H7xx_HAL_Driver/stm32h7xx_hal_mdma.o
 .text.MDMA_Init
                0x080073a4      0x130 ./Drivers/STM32H7xx_HAL_Driver/stm32h7xx_hal_mdma.o
 .text.HAL_PWREx_ConfigSupply
                0x080074d4       0xb4 ./Drivers/STM32H7xx_HAL_Driver/stm32h7xx_hal_pwr_ex.o
                0x080074d4                HAL_PWREx_ConfigSupply
 .text.HAL_RCC_OscConfig
                0x08007588      0x8b4 ./Drivers/STM32H7xx_HAL_Driver/stm32h7xx_hal_rcc.o
                0x08007588                HAL_RCC_OscConfig
 .text.HAL_RCC_ClockConfig
                0x08007e3c      0x36c ./Drivers/STM32H7xx_HAL_Driver/stm32h7xx_hal_rcc.o
                0x08007e3c                HAL_RCC_ClockConfig
 .text.HAL_RCC_GetSysClockFreq
                0x080081a8      0x2f4 ./Drivers/STM32H7xx_HAL_Driver/stm32h7xx_hal_rcc.o
                0x080081a8                HAL_RCC_GetSysClockFreq
 .text.HAL_RCC_GetHCLKFreq
                0x0800849c       0x60 ./Drivers/STM32H7xx_HAL_Driver/stm32h7xx_hal_rcc.o
                0x0800849c                HAL_RCC_GetHCLKFreq
 .text.HAL_RCC_GetPCLK1Freq
                0x080084fc       0x2c ./Drivers/STM32H7xx_HAL_Driver/stm32h7xx_hal_rcc.o
                0x080084fc                HAL_RCC_GetPCLK1Freq
 .text.HAL_RCC_GetPCLK2Freq
                0x08008528       0x2c ./Drivers/STM32H7xx_HAL_Driver/stm32h7xx_hal_rcc.o
                0x08008528                HAL_RCC_GetPCLK2Freq
 .text.HAL_RCCEx_PeriphCLKConfig
                0x08008554     0x1414 ./Drivers/STM32H7xx_HAL_Driver/stm32h7xx_hal_rcc_ex.o
                0x08008554                HAL_RCCEx_PeriphCLKConfig
 .text.HAL_RCCEx_GetPeriphCLKFreq
                0x08009968      0xb00 ./Drivers/STM32H7xx_HAL_Driver/stm32h7xx_hal_rcc_ex.o
                0x08009968                HAL_RCCEx_GetPeriphCLKFreq
 .text.HAL_RCCEx_GetD3PCLK1Freq
                0x0800a468       0x2c ./Drivers/STM32H7xx_HAL_Driver/stm32h7xx_hal_rcc_ex.o
                0x0800a468                HAL_RCCEx_GetD3PCLK1Freq
 .text.HAL_RCCEx_GetPLL2ClockFreq
                0x0800a494      0x2a8 ./Drivers/STM32H7xx_HAL_Driver/stm32h7xx_hal_rcc_ex.o
                0x0800a494                HAL_RCCEx_GetPLL2ClockFreq
 .text.HAL_RCCEx_GetPLL3ClockFreq
                0x0800a73c      0x2a8 ./Drivers/STM32H7xx_HAL_Driver/stm32h7xx_hal_rcc_ex.o
                0x0800a73c                HAL_RCCEx_GetPLL3ClockFreq
 .text.HAL_RCCEx_GetPLL1ClockFreq
                0x0800a9e4      0x2a4 ./Drivers/STM32H7xx_HAL_Driver/stm32h7xx_hal_rcc_ex.o
                0x0800a9e4                HAL_RCCEx_GetPLL1ClockFreq
 .text.RCCEx_PLL2_Config
                0x0800ac88      0x164 ./Drivers/STM32H7xx_HAL_Driver/stm32h7xx_hal_rcc_ex.o
 .text.RCCEx_PLL3_Config
                0x0800adec      0x164 ./Drivers/STM32H7xx_HAL_Driver/stm32h7xx_hal_rcc_ex.o
 .text.HAL_SAI_InitProtocol
                0x0800af50       0x62 ./Drivers/STM32H7xx_HAL_Driver/stm32h7xx_hal_sai.o
                0x0800af50                HAL_SAI_InitProtocol
 *fill*         0x0800afb2        0x2 
 .text.HAL_SAI_Init
                0x0800afb4      0x554 ./Drivers/STM32H7xx_HAL_Driver/stm32h7xx_hal_sai.o
                0x0800afb4                HAL_SAI_Init
 .text.HAL_SAI_Transmit_DMA
                0x0800b508      0x16c ./Drivers/STM32H7xx_HAL_Driver/stm32h7xx_hal_sai.o
                0x0800b508                HAL_SAI_Transmit_DMA
 .text.HAL_SAI_Receive_DMA
                0x0800b674      0x128 ./Drivers/STM32H7xx_HAL_Driver/stm32h7xx_hal_sai.o
                0x0800b674                HAL_SAI_Receive_DMA
 .text.HAL_SAI_ErrorCallback
                0x0800b79c       0x14 ./Drivers/STM32H7xx_HAL_Driver/stm32h7xx_hal_sai.o
                0x0800b79c                HAL_SAI_ErrorCallback
 .text.SAI_InitI2S
                0x0800b7b0      0x164 ./Drivers/STM32H7xx_HAL_Driver/stm32h7xx_hal_sai.o
 .text.SAI_InitPCM
                0x0800b914      0x104 ./Drivers/STM32H7xx_HAL_Driver/stm32h7xx_hal_sai.o
 .text.SAI_InterruptFlag
                0x0800ba18       0x6e ./Drivers/STM32H7xx_HAL_Driver/stm32h7xx_hal_sai.o
 *fill*         0x0800ba86        0x2 
 .text.SAI_Disable
                0x0800ba88       0x74 ./Drivers/STM32H7xx_HAL_Driver/stm32h7xx_hal_sai.o
 .text.SAI_DMATxCplt
                0x0800bafc       0x60 ./Drivers/STM32H7xx_HAL_Driver/stm32h7xx_hal_sai.o
 .text.SAI_DMATxHalfCplt
                0x0800bb5c       0x1c ./Drivers/STM32H7xx_HAL_Driver/stm32h7xx_hal_sai.o
 .text.SAI_DMARxCplt
                0x0800bb78       0x60 ./Drivers/STM32H7xx_HAL_Driver/stm32h7xx_hal_sai.o
 .text.SAI_DMARxHalfCplt
                0x0800bbd8       0x1c ./Drivers/STM32H7xx_HAL_Driver/stm32h7xx_hal_sai.o
 .text.SAI_DMAError
                0x0800bbf4       0x5e ./Drivers/STM32H7xx_HAL_Driver/stm32h7xx_hal_sai.o
 .text.HAL_UART_Init
                0x0800bc52       0xa0 ./Drivers/STM32H7xx_HAL_Driver/stm32h7xx_hal_uart.o
                0x0800bc52                HAL_UART_Init
 *fill*         0x0800bcf2        0x2 
 .text.UART_SetConfig
                0x0800bcf4      0xad0 ./Drivers/STM32H7xx_HAL_Driver/stm32h7xx_hal_uart.o
                0x0800bcf4                UART_SetConfig
 .text.UART_AdvFeatureConfig
                0x0800c7c4      0x144 ./Drivers/STM32H7xx_HAL_Driver/stm32h7xx_hal_uart.o
                0x0800c7c4                UART_AdvFeatureConfig
 .text.UART_CheckIdleState
                0x0800c908      0x154 ./Drivers/STM32H7xx_HAL_Driver/stm32h7xx_hal_uart.o
                0x0800c908                UART_CheckIdleState
 .text.UART_WaitOnFlagUntilTimeout
                0x0800ca5c       0xda ./Drivers/STM32H7xx_HAL_Driver/stm32h7xx_hal_uart.o
                0x0800ca5c                UART_WaitOnFlagUntilTimeout
 *fill*         0x0800cb36        0x2 
 .text.UART_EndRxTransfer
                0x0800cb38       0xcc ./Drivers/STM32H7xx_HAL_Driver/stm32h7xx_hal_uart.o
 .text.HAL_UARTEx_DisableFifoMode
                0x0800cc04       0x72 ./Drivers/STM32H7xx_HAL_Driver/stm32h7xx_hal_uart_ex.o
                0x0800cc04                HAL_UARTEx_DisableFifoMode
 .text.HAL_UARTEx_SetTxFifoThreshold
                0x0800cc76       0x7c ./Drivers/STM32H7xx_HAL_Driver/stm32h7xx_hal_uart_ex.o
                0x0800cc76                HAL_UARTEx_SetTxFifoThreshold
 .text.HAL_UARTEx_SetRxFifoThreshold
                0x0800ccf2       0x7c ./Drivers/STM32H7xx_HAL_Driver/stm32h7xx_hal_uart_ex.o
                0x0800ccf2                HAL_UARTEx_SetRxFifoThreshold
 *fill*         0x0800cd6e        0x2 
 .text.UARTEx_SetNbDataToProcess
                0x0800cd70       0x9c ./Drivers/STM32H7xx_HAL_Driver/stm32h7xx_hal_uart_ex.o
 .text.memset   0x0800ce0c       0x10 D:/Progams/STM32CubeIDE_1.18.0/STM32CubeIDE/plugins/com.st.stm32cube.ide.mcu.externaltools.gnu-tools-for-stm32.13.3.rel1.win32_1.0.0.202411081344/tools/bin/../lib/gcc/arm-none-eabi/13.3.1/../../../../arm-none-eabi/lib/thumb/v7e-m+dp/hard\libc_nano.a(libc_a-memset.o)
                0x0800ce0c                memset
 .text.__libc_init_array
                0x0800ce1c       0x48 D:/Progams/STM32CubeIDE_1.18.0/STM32CubeIDE/plugins/com.st.stm32cube.ide.mcu.externaltools.gnu-tools-for-stm32.13.3.rel1.win32_1.0.0.202411081344/tools/bin/../lib/gcc/arm-none-eabi/13.3.1/../../../../arm-none-eabi/lib/thumb/v7e-m+dp/hard\libc_nano.a(libc_a-init.o)
                0x0800ce1c                __libc_init_array
 *(.glue_7)
 .glue_7        0x0800ce64        0x0 linker stubs
 *(.glue_7t)
 .glue_7t       0x0800ce64        0x0 linker stubs
 *(.eh_frame)
 .eh_frame      0x0800ce64        0x0 D:/Progams/STM32CubeIDE_1.18.0/STM32CubeIDE/plugins/com.st.stm32cube.ide.mcu.externaltools.gnu-tools-for-stm32.13.3.rel1.win32_1.0.0.202411081344/tools/bin/../lib/gcc/arm-none-eabi/13.3.1/thumb/v7e-m+dp/hard/crtbegin.o
 *(.init)
 .init          0x0800ce64        0x4 D:/Progams/STM32CubeIDE_1.18.0/STM32CubeIDE/plugins/com.st.stm32cube.ide.mcu.externaltools.gnu-tools-for-stm32.13.3.rel1.win32_1.0.0.202411081344/tools/bin/../lib/gcc/arm-none-eabi/13.3.1/thumb/v7e-m+dp/hard/crti.o
                0x0800ce64                _init
 .init          0x0800ce68        0x8 D:/Progams/STM32CubeIDE_1.18.0/STM32CubeIDE/plugins/com.st.stm32cube.ide.mcu.externaltools.gnu-tools-for-stm32.13.3.rel1.win32_1.0.0.202411081344/tools/bin/../lib/gcc/arm-none-eabi/13.3.1/thumb/v7e-m+dp/hard/crtn.o
 *(.fini)
 .fini          0x0800ce70        0x4 D:/Progams/STM32CubeIDE_1.18.0/STM32CubeIDE/plugins/com.st.stm32cube.ide.mcu.externaltools.gnu-tools-for-stm32.13.3.rel1.win32_1.0.0.202411081344/tools/bin/../lib/gcc/arm-none-eabi/13.3.1/thumb/v7e-m+dp/hard/crti.o
                0x0800ce70                _fini
 .fini          0x0800ce74        0x8 D:/Progams/STM32CubeIDE_1.18.0/STM32CubeIDE/plugins/com.st.stm32cube.ide.mcu.externaltools.gnu-tools-for-stm32.13.3.rel1.win32_1.0.0.202411081344/tools/bin/../lib/gcc/arm-none-eabi/13.3.1/thumb/v7e-m+dp/hard/crtn.o
                0x0800ce7c                        . = ALIGN (0x4)
                0x0800ce7c                        _etext = .

.vfp11_veneer   0x0800ce7c        0x0
 .vfp11_veneer  0x0800ce7c        0x0 linker stubs

.v4_bx          0x0800ce7c        0x0
 .v4_bx         0x0800ce7c        0x0 linker stubs

.iplt           0x0800ce7c        0x0
 .iplt          0x0800ce7c        0x0 D:/Progams/STM32CubeIDE_1.18.0/STM32CubeIDE/plugins/com.st.stm32cube.ide.mcu.externaltools.gnu-tools-for-stm32.13.3.rel1.win32_1.0.0.202411081344/tools/bin/../lib/gcc/arm-none-eabi/13.3.1/thumb/v7e-m+dp/hard/crtbegin.o

.rodata         0x0800ce7c       0x5c
                0x0800ce7c                        . = ALIGN (0x4)
 *(.rodata)
 .rodata        0x0800ce7c       0x16 ./Core/Src/main.o
 *(.rodata*)
 *fill*         0x0800ce92        0x2 
 .rodata.D1CorePrescTable
                0x0800ce94       0x10 ./Common/Src/system_stm32h7xx_dualcore_boot_cm4_cm7.o
                0x0800ce94                D1CorePrescTable
 .rodata.BUTTON_EXTI_LINE.2
                0x0800cea4        0x4 ./Drivers/BSP/STM32H7xx_Nucleo/stm32h7xx_nucleo.o
 .rodata.flagBitshiftOffset.0
                0x0800cea8        0x8 ./Drivers/STM32H7xx_HAL_Driver/stm32h7xx_hal_dma.o
 .rodata.UARTPrescTable
                0x0800ceb0       0x18 ./Drivers/STM32H7xx_HAL_Driver/stm32h7xx_hal_uart.o
                0x0800ceb0                UARTPrescTable
 .rodata.numerator.1
                0x0800cec8        0x8 ./Drivers/STM32H7xx_HAL_Driver/stm32h7xx_hal_uart_ex.o
 .rodata.denominator.0
                0x0800ced0        0x8 ./Drivers/STM32H7xx_HAL_Driver/stm32h7xx_hal_uart_ex.o
                0x0800ced8                        . = ALIGN (0x4)

.ARM.extab      0x0800ced8        0x0
                0x0800ced8                        . = ALIGN (0x4)
 *(.ARM.extab* .gnu.linkonce.armextab.*)
                0x0800ced8                        . = ALIGN (0x4)

.ARM            0x0800ced8        0x8
                0x0800ced8                        . = ALIGN (0x4)
                0x0800ced8                        __exidx_start = .
 *(.ARM.exidx*)
 .ARM.exidx     0x0800ced8        0x8 D:/Progams/STM32CubeIDE_1.18.0/STM32CubeIDE/plugins/com.st.stm32cube.ide.mcu.externaltools.gnu-tools-for-stm32.13.3.rel1.win32_1.0.0.202411081344/tools/bin/../lib/gcc/arm-none-eabi/13.3.1/thumb/v7e-m+dp/hard\libgcc.a(_udivmoddi4.o)
                0x0800cee0                        __exidx_end = .
                0x0800cee0                        . = ALIGN (0x4)

.preinit_array  0x0800cee0        0x0
                0x0800cee0                        . = ALIGN (0x4)
                0x0800cee0                        PROVIDE (__preinit_array_start = .)
 *(.preinit_array*)
                0x0800cee0                        PROVIDE (__preinit_array_end = .)
                0x0800cee0                        . = ALIGN (0x4)

.init_array     0x0800cee0        0x4
                0x0800cee0                        . = ALIGN (0x4)
                0x0800cee0                        PROVIDE (__init_array_start = .)
 *(SORT_BY_NAME(.init_array.*))
 *(.init_array*)
 .init_array    0x0800cee0        0x4 D:/Progams/STM32CubeIDE_1.18.0/STM32CubeIDE/plugins/com.st.stm32cube.ide.mcu.externaltools.gnu-tools-for-stm32.13.3.rel1.win32_1.0.0.202411081344/tools/bin/../lib/gcc/arm-none-eabi/13.3.1/thumb/v7e-m+dp/hard/crtbegin.o
                0x0800cee4                        PROVIDE (__init_array_end = .)
                0x0800cee4                        . = ALIGN (0x4)

.fini_array     0x0800cee4        0x4
                0x0800cee4                        . = ALIGN (0x4)
                [!provide]                        PROVIDE (__fini_array_start = .)
 *(SORT_BY_NAME(.fini_array.*))
 *(.fini_array*)
 .fini_array    0x0800cee4        0x4 D:/Progams/STM32CubeIDE_1.18.0/STM32CubeIDE/plugins/com.st.stm32cube.ide.mcu.externaltools.gnu-tools-for-stm32.13.3.rel1.win32_1.0.0.202411081344/tools/bin/../lib/gcc/arm-none-eabi/13.3.1/thumb/v7e-m+dp/hard/crtbegin.o
                [!provide]                        PROVIDE (__fini_array_end = .)
                0x0800cee8                        . = ALIGN (0x4)
                0x0800cee8                        _sidata = LOADADDR (.data)

.rel.dyn        0x0800cee8        0x0
 .rel.iplt      0x0800cee8        0x0 D:/Progams/STM32CubeIDE_1.18.0/STM32CubeIDE/plugins/com.st.stm32cube.ide.mcu.externaltools.gnu-tools-for-stm32.13.3.rel1.win32_1.0.0.202411081344/tools/bin/../lib/gcc/arm-none-eabi/13.3.1/thumb/v7e-m+dp/hard/crtbegin.o

.data           0x24000000       0x20 load address 0x0800cee8
                0x24000000                        . = ALIGN (0x4)
                0x24000000                        _sdata = .
 *(.data)
 *(.data*)
 .data.SystemCoreClock
                0x24000000        0x4 ./Common/Src/system_stm32h7xx_dualcore_boot_cm4_cm7.o
                0x24000000                SystemCoreClock
 .data.SystemD2Clock
                0x24000004        0x4 ./Common/Src/system_stm32h7xx_dualcore_boot_cm4_cm7.o
                0x24000004                SystemD2Clock
 .data.startUp  0x24000008        0x1 ./Core/Src/main.o
                0x24000008                startUp
 *fill*         0x24000009        0x3 
 .data.BUTTON_PORT
                0x2400000c        0x4 ./Drivers/BSP/STM32H7xx_Nucleo/stm32h7xx_nucleo.o
 .data.ButtonCallback.1
                0x24000010        0x4 ./Drivers/BSP/STM32H7xx_Nucleo/stm32h7xx_nucleo.o
 .data.BSP_BUTTON_PRIO.0
                0x24000014        0x4 ./Drivers/BSP/STM32H7xx_Nucleo/stm32h7xx_nucleo.o
 .data.uwTickPrio
                0x24000018        0x4 ./Drivers/STM32H7xx_HAL_Driver/stm32h7xx_hal.o
                0x24000018                uwTickPrio
 .data.uwTickFreq
                0x2400001c        0x1 ./Drivers/STM32H7xx_HAL_Driver/stm32h7xx_hal.o
                0x2400001c                uwTickFreq
 *(.RamFunc)
 *(.RamFunc*)
                0x24000020                        . = ALIGN (0x4)
 *fill*         0x2400001d        0x3 
                0x24000020                        _edata = .

.igot.plt       0x24000020        0x0 load address 0x0800cf08
 .igot.plt      0x24000020        0x0 D:/Progams/STM32CubeIDE_1.18.0/STM32CubeIDE/plugins/com.st.stm32cube.ide.mcu.externaltools.gnu-tools-for-stm32.13.3.rel1.win32_1.0.0.202411081344/tools/bin/../lib/gcc/arm-none-eabi/13.3.1/thumb/v7e-m+dp/hard/crtbegin.o
                0x24000020                        . = ALIGN (0x4)

.bss            0x24000020      0xf10 load address 0x0800cf08
                0x24000020                        _sbss = .
                0x24000020                        __bss_start__ = _sbss
 *(.bss)
 .bss           0x24000020       0x1c D:/Progams/STM32CubeIDE_1.18.0/STM32CubeIDE/plugins/com.st.stm32cube.ide.mcu.externaltools.gnu-tools-for-stm32.13.3.rel1.win32_1.0.0.202411081344/tools/bin/../lib/gcc/arm-none-eabi/13.3.1/thumb/v7e-m+dp/hard/crtbegin.o
 *(.bss*)
 .bss.hi2c2     0x2400003c       0x54 ./Core/Src/main.o
                0x2400003c                hi2c2
 .bss.hsai_BlockA1
                0x24000090       0x98 ./Core/Src/main.o
                0x24000090                hsai_BlockA1
 .bss.hsai_BlockB1
                0x24000128       0x98 ./Core/Src/main.o
                0x24000128                hsai_BlockB1
 .bss.hdma_sai1_a
                0x240001c0       0x78 ./Core/Src/main.o
                0x240001c0                hdma_sai1_a
 .bss.hdma_sai1_b
                0x24000238       0x78 ./Core/Src/main.o
                0x24000238                hdma_sai1_b
 .bss.huart3    0x240002b0       0x94 ./Core/Src/main.o
                0x240002b0                huart3
 .bss.hmdma_mdma_channel0_sw_0
                0x24000344       0x6c ./Core/Src/main.o
                0x24000344                hmdma_mdma_channel0_sw_0
 .bss.node_mdma_channel0_sw_1
                0x240003b0       0x28 ./Core/Src/main.o
                0x240003b0                node_mdma_channel0_sw_1
 .bss.node_mdma_channel0_sw_2
                0x240003d8       0x28 ./Core/Src/main.o
                0x240003d8                node_mdma_channel0_sw_2
 .bss.node_mdma_channel0_sw_3
                0x24000400       0x28 ./Core/Src/main.o
                0x24000400                node_mdma_channel0_sw_3
 .bss.node_mdma_channel0_sw_4
                0x24000428       0x28 ./Core/Src/main.o
                0x24000428                node_mdma_channel0_sw_4
 .bss.node_mdma_channel0_sw_5
                0x24000450       0x28 ./Core/Src/main.o
                0x24000450                node_mdma_channel0_sw_5
 .bss.node_mdma_channel0_sw_6
                0x24000478       0x28 ./Core/Src/main.o
                0x24000478                node_mdma_channel0_sw_6
 .bss.node_mdma_channel0_sw_7
                0x240004a0       0x28 ./Core/Src/main.o
                0x240004a0                node_mdma_channel0_sw_7
 .bss.node_mdma_channel0_sw_8
                0x240004c8       0x28 ./Core/Src/main.o
                0x240004c8                node_mdma_channel0_sw_8
 .bss.hmdma_mdma_channel2_sw_0
                0x240004f0       0x6c ./Core/Src/main.o
                0x240004f0                hmdma_mdma_channel2_sw_0
 .bss.node_mdma_channel2_sw_1
                0x2400055c       0x28 ./Core/Src/main.o
                0x2400055c                node_mdma_channel2_sw_1
 .bss.node_mdma_channel2_sw_2
                0x24000584       0x28 ./Core/Src/main.o
                0x24000584                node_mdma_channel2_sw_2
 .bss.node_mdma_channel2_sw_3
                0x240005ac       0x28 ./Core/Src/main.o
                0x240005ac                node_mdma_channel2_sw_3
 .bss.node_mdma_channel2_sw_4
                0x240005d4       0x28 ./Core/Src/main.o
                0x240005d4                node_mdma_channel2_sw_4
 .bss.hmdma_mdma_channel1_sw_0
                0x240005fc       0x6c ./Core/Src/main.o
                0x240005fc                hmdma_mdma_channel1_sw_0
 .bss.node_mdma_channel1_sw_1
                0x24000668       0x28 ./Core/Src/main.o
                0x24000668                node_mdma_channel1_sw_1
 .bss.node_mdma_channel1_sw_2
                0x24000690       0x28 ./Core/Src/main.o
                0x24000690                node_mdma_channel1_sw_2
 .bss.node_mdma_channel1_sw_3
                0x240006b8       0x28 ./Core/Src/main.o
                0x240006b8                node_mdma_channel1_sw_3
 .bss.node_mdma_channel1_sw_4
                0x240006e0       0x28 ./Core/Src/main.o
                0x240006e0                node_mdma_channel1_sw_4
 .bss.aic3xHandle
                0x24000708        0xc ./Core/Src/main.o
                0x24000708                aic3xHandle
 *fill*         0x24000714        0x4 
 .bss.sai_buffer_rx
                0x24000718      0x400 ./Core/Src/main.o
                0x24000718                sai_buffer_rx
 .bss.sai_buffer_tx
                0x24000b18      0x400 ./Core/Src/main.o
                0x24000b18                sai_buffer_tx
 .bss.audio_rx_status
                0x24000f18        0x1 ./Core/Src/main.o
                0x24000f18                audio_rx_status
 .bss.audio_dsp_status
                0x24000f19        0x1 ./Core/Src/main.o
                0x24000f19                audio_dsp_status
 .bss.audio_tx_status
                0x24000f1a        0x1 ./Core/Src/main.o
                0x24000f1a                audio_tx_status
 .bss.sai_status
                0x24000f1b        0x1 ./Core/Src/main.o
                0x24000f1b                sai_status
 .bss.transfercounter
                0x24000f1c        0x4 ./Core/Src/main.o
                0x24000f1c                transfercounter
 .bss.SAI1_client
                0x24000f20        0x4 ./Core/Src/stm32h7xx_hal_msp.o
 .bss.hpb_exti  0x24000f24        0x8 ./Drivers/BSP/STM32H7xx_Nucleo/stm32h7xx_nucleo.o
                0x24000f24                hpb_exti
 .bss.uwTick    0x24000f2c        0x4 ./Drivers/STM32H7xx_HAL_Driver/stm32h7xx_hal.o
                0x24000f2c                uwTick
 *(COMMON)
                0x24000f30                        . = ALIGN (0x4)
                0x24000f30                        _ebss = .
                0x24000f30                        __bss_end__ = _ebss

.audiobuffer    0x20000000      0x800
                0x20000000                        . = ALIGN (0x4)
 *(.audiobuffer)
 .audiobuffer   0x20000000      0x800 ./Core/Src/main.o
                0x20000000                audio_buffer_rx_ch1_l
                0x20000200                audio_buffer_rx_ch1_r
                0x20000400                audio_buffer_tx_ch1_l
                0x20000600                audio_buffer_tx_ch1_r
                0x20000800                        . = ALIGN (0x4)

._user_heap_stack
                0x24000f30      0x600
                0x24000f30                        . = ALIGN (0x8)
                [!provide]                        PROVIDE (end = .)
                0x24000f30                        PROVIDE (_end = .)
                0x24001130                        . = (. + _Min_Heap_Size)
 *fill*         0x24000f30      0x200 
                0x24001530                        . = (. + _Min_Stack_Size)
 *fill*         0x24001130      0x400 
                0x24001530                        . = ALIGN (0x8)

/DISCARD/
 libc.a(*)
 libm.a(*)
 libgcc.a(*)

.ARM.attributes
                0x00000000       0x2e
 *(.ARM.attributes)
 .ARM.attributes
                0x00000000       0x20 D:/Progams/STM32CubeIDE_1.18.0/STM32CubeIDE/plugins/com.st.stm32cube.ide.mcu.externaltools.gnu-tools-for-stm32.13.3.rel1.win32_1.0.0.202411081344/tools/bin/../lib/gcc/arm-none-eabi/13.3.1/thumb/v7e-m+dp/hard/crti.o
 .ARM.attributes
                0x00000020       0x32 D:/Progams/STM32CubeIDE_1.18.0/STM32CubeIDE/plugins/com.st.stm32cube.ide.mcu.externaltools.gnu-tools-for-stm32.13.3.rel1.win32_1.0.0.202411081344/tools/bin/../lib/gcc/arm-none-eabi/13.3.1/thumb/v7e-m+dp/hard/crtbegin.o
 .ARM.attributes
                0x00000052       0x32 ./Common/Src/system_stm32h7xx_dualcore_boot_cm4_cm7.o
 .ARM.attributes
                0x00000084       0x32 ./Core/Src/aic3x.o
 .ARM.attributes
                0x000000b6       0x32 ./Core/Src/main.o
 .ARM.attributes
                0x000000e8       0x32 ./Core/Src/stm32h7xx_hal_msp.o
 .ARM.attributes
                0x0000011a       0x32 ./Core/Src/stm32h7xx_it.o
 .ARM.attributes
                0x0000014c       0x21 ./Core/Startup/startup_stm32h755zitx.o
 .ARM.attributes
                0x0000016d       0x32 ./Drivers/BSP/STM32H7xx_Nucleo/stm32h7xx_nucleo.o
 .ARM.attributes
                0x0000019f       0x32 ./Drivers/STM32H7xx_HAL_Driver/stm32h7xx_hal.o
 .ARM.attributes
                0x000001d1       0x32 ./Drivers/STM32H7xx_HAL_Driver/stm32h7xx_hal_cortex.o
 .ARM.attributes
                0x00000203       0x32 ./Drivers/STM32H7xx_HAL_Driver/stm32h7xx_hal_dma.o
 .ARM.attributes
                0x00000235       0x32 ./Drivers/STM32H7xx_HAL_Driver/stm32h7xx_hal_dma_ex.o
 .ARM.attributes
                0x00000267       0x32 ./Drivers/STM32H7xx_HAL_Driver/stm32h7xx_hal_exti.o
 .ARM.attributes
                0x00000299       0x32 ./Drivers/STM32H7xx_HAL_Driver/stm32h7xx_hal_gpio.o
 .ARM.attributes
                0x000002cb       0x32 ./Drivers/STM32H7xx_HAL_Driver/stm32h7xx_hal_hsem.o
 .ARM.attributes
                0x000002fd       0x32 ./Drivers/STM32H7xx_HAL_Driver/stm32h7xx_hal_i2c.o
 .ARM.attributes
                0x0000032f       0x32 ./Drivers/STM32H7xx_HAL_Driver/stm32h7xx_hal_i2c_ex.o
 .ARM.attributes
                0x00000361       0x32 ./Drivers/STM32H7xx_HAL_Driver/stm32h7xx_hal_mdma.o
 .ARM.attributes
                0x00000393       0x32 ./Drivers/STM32H7xx_HAL_Driver/stm32h7xx_hal_pwr_ex.o
 .ARM.attributes
                0x000003c5       0x32 ./Drivers/STM32H7xx_HAL_Driver/stm32h7xx_hal_rcc.o
 .ARM.attributes
                0x000003f7       0x32 ./Drivers/STM32H7xx_HAL_Driver/stm32h7xx_hal_rcc_ex.o
 .ARM.attributes
                0x00000429       0x32 ./Drivers/STM32H7xx_HAL_Driver/stm32h7xx_hal_sai.o
 .ARM.attributes
                0x0000045b       0x32 ./Drivers/STM32H7xx_HAL_Driver/stm32h7xx_hal_uart.o
 .ARM.attributes
                0x0000048d       0x32 ./Drivers/STM32H7xx_HAL_Driver/stm32h7xx_hal_uart_ex.o
 .ARM.attributes
                0x000004bf       0x32 D:/Progams/STM32CubeIDE_1.18.0/STM32CubeIDE/plugins/com.st.stm32cube.ide.mcu.externaltools.gnu-tools-for-stm32.13.3.rel1.win32_1.0.0.202411081344/tools/bin/../lib/gcc/arm-none-eabi/13.3.1/../../../../arm-none-eabi/lib/thumb/v7e-m+dp/hard\libc_nano.a(libc_a-memset.o)
 .ARM.attributes
                0x000004f1       0x32 D:/Progams/STM32CubeIDE_1.18.0/STM32CubeIDE/plugins/com.st.stm32cube.ide.mcu.externaltools.gnu-tools-for-stm32.13.3.rel1.win32_1.0.0.202411081344/tools/bin/../lib/gcc/arm-none-eabi/13.3.1/../../../../arm-none-eabi/lib/thumb/v7e-m+dp/hard\libc_nano.a(libc_a-init.o)
 .ARM.attributes
                0x00000523       0x20 D:/Progams/STM32CubeIDE_1.18.0/STM32CubeIDE/plugins/com.st.stm32cube.ide.mcu.externaltools.gnu-tools-for-stm32.13.3.rel1.win32_1.0.0.202411081344/tools/bin/../lib/gcc/arm-none-eabi/13.3.1/thumb/v7e-m+dp/hard\libgcc.a(_aeabi_uldivmod.o)
 .ARM.attributes
                0x00000543       0x32 D:/Progams/STM32CubeIDE_1.18.0/STM32CubeIDE/plugins/com.st.stm32cube.ide.mcu.externaltools.gnu-tools-for-stm32.13.3.rel1.win32_1.0.0.202411081344/tools/bin/../lib/gcc/arm-none-eabi/13.3.1/thumb/v7e-m+dp/hard\libgcc.a(_udivmoddi4.o)
 .ARM.attributes
                0x00000575       0x20 D:/Progams/STM32CubeIDE_1.18.0/STM32CubeIDE/plugins/com.st.stm32cube.ide.mcu.externaltools.gnu-tools-for-stm32.13.3.rel1.win32_1.0.0.202411081344/tools/bin/../lib/gcc/arm-none-eabi/13.3.1/thumb/v7e-m+dp/hard\libgcc.a(_dvmd_tls.o)
 .ARM.attributes
                0x00000595       0x20 D:/Progams/STM32CubeIDE_1.18.0/STM32CubeIDE/plugins/com.st.stm32cube.ide.mcu.externaltools.gnu-tools-for-stm32.13.3.rel1.win32_1.0.0.202411081344/tools/bin/../lib/gcc/arm-none-eabi/13.3.1/thumb/v7e-m+dp/hard/crtn.o
OUTPUT(Audio_Matrix_CM7.elf elf32-littlearm)
LOAD linker stubs
LOAD D:/Progams/STM32CubeIDE_1.18.0/STM32CubeIDE/plugins/com.st.stm32cube.ide.mcu.externaltools.gnu-tools-for-stm32.13.3.rel1.win32_1.0.0.202411081344/tools/bin/../lib/gcc/arm-none-eabi/13.3.1/../../../../arm-none-eabi/lib/thumb/v7e-m+dp/hard\libc.a
LOAD D:/Progams/STM32CubeIDE_1.18.0/STM32CubeIDE/plugins/com.st.stm32cube.ide.mcu.externaltools.gnu-tools-for-stm32.13.3.rel1.win32_1.0.0.202411081344/tools/bin/../lib/gcc/arm-none-eabi/13.3.1/../../../../arm-none-eabi/lib/thumb/v7e-m+dp/hard\libm.a
LOAD D:/Progams/STM32CubeIDE_1.18.0/STM32CubeIDE/plugins/com.st.stm32cube.ide.mcu.externaltools.gnu-tools-for-stm32.13.3.rel1.win32_1.0.0.202411081344/tools/bin/../lib/gcc/arm-none-eabi/13.3.1/thumb/v7e-m+dp/hard\libgcc.a

.debug_info     0x00000000    0x1bc31
 .debug_info    0x00000000      0xe73 ./Common/Src/system_stm32h7xx_dualcore_boot_cm4_cm7.o
 .debug_info    0x00000e73     0x142d ./Core/Src/aic3x.o
 .debug_info    0x000022a0     0x324c ./Core/Src/main.o
 .debug_info    0x000054ec     0x1936 ./Core/Src/stm32h7xx_hal_msp.o
 .debug_info    0x00006e22      0x836 ./Core/Src/stm32h7xx_it.o
 .debug_info    0x00007658       0x30 ./Core/Startup/startup_stm32h755zitx.o
 .debug_info    0x00007688      0xfe0 ./Drivers/BSP/STM32H7xx_Nucleo/stm32h7xx_nucleo.o
 .debug_info    0x00008668     0x177a ./Drivers/STM32H7xx_HAL_Driver/stm32h7xx_hal.o
 .debug_info    0x00009de2     0x10d5 ./Drivers/STM32H7xx_HAL_Driver/stm32h7xx_hal_cortex.o
 .debug_info    0x0000aeb7      0xc43 ./Drivers/STM32H7xx_HAL_Driver/stm32h7xx_hal_dma.o
 .debug_info    0x0000bafa      0x831 ./Drivers/STM32H7xx_HAL_Driver/stm32h7xx_hal_dma_ex.o
 .debug_info    0x0000c32b      0x9cc ./Drivers/STM32H7xx_HAL_Driver/stm32h7xx_hal_exti.o
 .debug_info    0x0000ccf7      0xd06 ./Drivers/STM32H7xx_HAL_Driver/stm32h7xx_hal_gpio.o
 .debug_info    0x0000d9fd      0x3d3 ./Drivers/STM32H7xx_HAL_Driver/stm32h7xx_hal_hsem.o
 .debug_info    0x0000ddd0     0x22c9 ./Drivers/STM32H7xx_HAL_Driver/stm32h7xx_hal_i2c.o
 .debug_info    0x00010099      0xd84 ./Drivers/STM32H7xx_HAL_Driver/stm32h7xx_hal_i2c_ex.o
 .debug_info    0x00010e1d      0xbd2 ./Drivers/STM32H7xx_HAL_Driver/stm32h7xx_hal_mdma.o
 .debug_info    0x000119ef     0x1225 ./Drivers/STM32H7xx_HAL_Driver/stm32h7xx_hal_pwr_ex.o
 .debug_info    0x00012c14      0xe67 ./Drivers/STM32H7xx_HAL_Driver/stm32h7xx_hal_rcc.o
 .debug_info    0x00013a7b     0x1303 ./Drivers/STM32H7xx_HAL_Driver/stm32h7xx_hal_rcc_ex.o
 .debug_info    0x00014d7e     0x13d7 ./Drivers/STM32H7xx_HAL_Driver/stm32h7xx_hal_sai.o
 .debug_info    0x00016155     0x4b1d ./Drivers/STM32H7xx_HAL_Driver/stm32h7xx_hal_uart.o
 .debug_info    0x0001ac72      0xfbf ./Drivers/STM32H7xx_HAL_Driver/stm32h7xx_hal_uart_ex.o

.debug_abbrev   0x00000000     0x349d
 .debug_abbrev  0x00000000      0x165 ./Common/Src/system_stm32h7xx_dualcore_boot_cm4_cm7.o
 .debug_abbrev  0x00000165      0x224 ./Core/Src/aic3x.o
 .debug_abbrev  0x00000389      0x36d ./Core/Src/main.o
 .debug_abbrev  0x000006f6      0x281 ./Core/Src/stm32h7xx_hal_msp.o
 .debug_abbrev  0x00000977      0x16f ./Core/Src/stm32h7xx_it.o
 .debug_abbrev  0x00000ae6       0x24 ./Core/Startup/startup_stm32h755zitx.o
 .debug_abbrev  0x00000b0a      0x2d4 ./Drivers/BSP/STM32H7xx_Nucleo/stm32h7xx_nucleo.o
 .debug_abbrev  0x00000dde      0x295 ./Drivers/STM32H7xx_HAL_Driver/stm32h7xx_hal.o
 .debug_abbrev  0x00001073      0x339 ./Drivers/STM32H7xx_HAL_Driver/stm32h7xx_hal_cortex.o
 .debug_abbrev  0x000013ac      0x248 ./Drivers/STM32H7xx_HAL_Driver/stm32h7xx_hal_dma.o
 .debug_abbrev  0x000015f4      0x1cc ./Drivers/STM32H7xx_HAL_Driver/stm32h7xx_hal_dma_ex.o
 .debug_abbrev  0x000017c0      0x212 ./Drivers/STM32H7xx_HAL_Driver/stm32h7xx_hal_exti.o
 .debug_abbrev  0x000019d2      0x205 ./Drivers/STM32H7xx_HAL_Driver/stm32h7xx_hal_gpio.o
 .debug_abbrev  0x00001bd7      0x1d3 ./Drivers/STM32H7xx_HAL_Driver/stm32h7xx_hal_hsem.o
 .debug_abbrev  0x00001daa      0x25d ./Drivers/STM32H7xx_HAL_Driver/stm32h7xx_hal_i2c.o
 .debug_abbrev  0x00002007      0x1f5 ./Drivers/STM32H7xx_HAL_Driver/stm32h7xx_hal_i2c_ex.o
 .debug_abbrev  0x000021fc      0x1ff ./Drivers/STM32H7xx_HAL_Driver/stm32h7xx_hal_mdma.o
 .debug_abbrev  0x000023fb      0x2d7 ./Drivers/STM32H7xx_HAL_Driver/stm32h7xx_hal_pwr_ex.o
 .debug_abbrev  0x000026d2      0x2c8 ./Drivers/STM32H7xx_HAL_Driver/stm32h7xx_hal_rcc.o
 .debug_abbrev  0x0000299a      0x269 ./Drivers/STM32H7xx_HAL_Driver/stm32h7xx_hal_rcc_ex.o
 .debug_abbrev  0x00002c03      0x28b ./Drivers/STM32H7xx_HAL_Driver/stm32h7xx_hal_sai.o
 .debug_abbrev  0x00002e8e      0x33d ./Drivers/STM32H7xx_HAL_Driver/stm32h7xx_hal_uart.o
 .debug_abbrev  0x000031cb      0x2d2 ./Drivers/STM32H7xx_HAL_Driver/stm32h7xx_hal_uart_ex.o

.debug_aranges  0x00000000     0x1370
 .debug_aranges
                0x00000000       0x30 ./Common/Src/system_stm32h7xx_dualcore_boot_cm4_cm7.o
 .debug_aranges
                0x00000030       0xc0 ./Core/Src/aic3x.o
 .debug_aranges
                0x000000f0       0xb0 ./Core/Src/main.o
 .debug_aranges
                0x000001a0       0x50 ./Core/Src/stm32h7xx_hal_msp.o
 .debug_aranges
                0x000001f0       0x78 ./Core/Src/stm32h7xx_it.o
 .debug_aranges
                0x00000268       0x28 ./Core/Startup/startup_stm32h755zitx.o
 .debug_aranges
                0x00000290       0x80 ./Drivers/BSP/STM32H7xx_Nucleo/stm32h7xx_nucleo.o
 .debug_aranges
                0x00000310      0x200 ./Drivers/STM32H7xx_HAL_Driver/stm32h7xx_hal.o
 .debug_aranges
                0x00000510      0x130 ./Drivers/STM32H7xx_HAL_Driver/stm32h7xx_hal_cortex.o
 .debug_aranges
                0x00000640       0xa0 ./Drivers/STM32H7xx_HAL_Driver/stm32h7xx_hal_dma.o
 .debug_aranges
                0x000006e0       0x60 ./Drivers/STM32H7xx_HAL_Driver/stm32h7xx_hal_dma_ex.o
 .debug_aranges
                0x00000740       0x60 ./Drivers/STM32H7xx_HAL_Driver/stm32h7xx_hal_exti.o
 .debug_aranges
                0x000007a0       0x58 ./Drivers/STM32H7xx_HAL_Driver/stm32h7xx_hal_gpio.o
 .debug_aranges
                0x000007f8       0x70 ./Drivers/STM32H7xx_HAL_Driver/stm32h7xx_hal_hsem.o
 .debug_aranges
                0x00000868      0x2a0 ./Drivers/STM32H7xx_HAL_Driver/stm32h7xx_hal_i2c.o
 .debug_aranges
                0x00000b08       0x48 ./Drivers/STM32H7xx_HAL_Driver/stm32h7xx_hal_i2c_ex.o
 .debug_aranges
                0x00000b50       0xc0 ./Drivers/STM32H7xx_HAL_Driver/stm32h7xx_hal_mdma.o
 .debug_aranges
                0x00000c10      0x170 ./Drivers/STM32H7xx_HAL_Driver/stm32h7xx_hal_pwr_ex.o
 .debug_aranges
                0x00000d80       0x88 ./Drivers/STM32H7xx_HAL_Driver/stm32h7xx_hal_rcc.o
 .debug_aranges
                0x00000e08      0x100 ./Drivers/STM32H7xx_HAL_Driver/stm32h7xx_hal_rcc_ex.o
 .debug_aranges
                0x00000f08      0x178 ./Drivers/STM32H7xx_HAL_Driver/stm32h7xx_hal_sai.o
 .debug_aranges
                0x00001080      0x248 ./Drivers/STM32H7xx_HAL_Driver/stm32h7xx_hal_uart.o
 .debug_aranges
                0x000012c8       0xa8 ./Drivers/STM32H7xx_HAL_Driver/stm32h7xx_hal_uart_ex.o

.debug_rnglists
                0x00000000      0xf35
 .debug_rnglists
                0x00000000       0x21 ./Common/Src/system_stm32h7xx_dualcore_boot_cm4_cm7.o
 .debug_rnglists
                0x00000021       0x98 ./Core/Src/aic3x.o
 .debug_rnglists
                0x000000b9       0x87 ./Core/Src/main.o
 .debug_rnglists
                0x00000140       0x3b ./Core/Src/stm32h7xx_hal_msp.o
 .debug_rnglists
                0x0000017b       0x55 ./Core/Src/stm32h7xx_it.o
 .debug_rnglists
                0x000001d0       0x19 ./Core/Startup/startup_stm32h755zitx.o
 .debug_rnglists
                0x000001e9       0x5d ./Drivers/BSP/STM32H7xx_Nucleo/stm32h7xx_nucleo.o
 .debug_rnglists
                0x00000246      0x180 ./Drivers/STM32H7xx_HAL_Driver/stm32h7xx_hal.o
 .debug_rnglists
                0x000003c6       0xe0 ./Drivers/STM32H7xx_HAL_Driver/stm32h7xx_hal_cortex.o
 .debug_rnglists
                0x000004a6       0x82 ./Drivers/STM32H7xx_HAL_Driver/stm32h7xx_hal_dma.o
 .debug_rnglists
                0x00000528       0x4a ./Drivers/STM32H7xx_HAL_Driver/stm32h7xx_hal_dma_ex.o
 .debug_rnglists
                0x00000572       0x46 ./Drivers/STM32H7xx_HAL_Driver/stm32h7xx_hal_exti.o
 .debug_rnglists
                0x000005b8       0x3f ./Drivers/STM32H7xx_HAL_Driver/stm32h7xx_hal_gpio.o
 .debug_rnglists
                0x000005f7       0x4f ./Drivers/STM32H7xx_HAL_Driver/stm32h7xx_hal_hsem.o
 .debug_rnglists
                0x00000646      0x22a ./Drivers/STM32H7xx_HAL_Driver/stm32h7xx_hal_i2c.o
 .debug_rnglists
                0x00000870       0x35 ./Drivers/STM32H7xx_HAL_Driver/stm32h7xx_hal_i2c_ex.o
 .debug_rnglists
                0x000008a5       0x9c ./Drivers/STM32H7xx_HAL_Driver/stm32h7xx_hal_mdma.o
 .debug_rnglists
                0x00000941      0x117 ./Drivers/STM32H7xx_HAL_Driver/stm32h7xx_hal_pwr_ex.o
 .debug_rnglists
                0x00000a58       0x68 ./Drivers/STM32H7xx_HAL_Driver/stm32h7xx_hal_rcc.o
 .debug_rnglists
                0x00000ac0       0xc6 ./Drivers/STM32H7xx_HAL_Driver/stm32h7xx_hal_rcc_ex.o
 .debug_rnglists
                0x00000b86      0x136 ./Drivers/STM32H7xx_HAL_Driver/stm32h7xx_hal_sai.o
 .debug_rnglists
                0x00000cbc      0x1fa ./Drivers/STM32H7xx_HAL_Driver/stm32h7xx_hal_uart.o
 .debug_rnglists
                0x00000eb6       0x7f ./Drivers/STM32H7xx_HAL_Driver/stm32h7xx_hal_uart_ex.o

.debug_macro    0x00000000    0x3bd29
 .debug_macro   0x00000000      0x2ad ./Common/Src/system_stm32h7xx_dualcore_boot_cm4_cm7.o
 .debug_macro   0x000002ad      0xb02 ./Common/Src/system_stm32h7xx_dualcore_boot_cm4_cm7.o
 .debug_macro   0x00000daf       0x2e ./Common/Src/system_stm32h7xx_dualcore_boot_cm4_cm7.o
 .debug_macro   0x00000ddd       0x49 ./Common/Src/system_stm32h7xx_dualcore_boot_cm4_cm7.o
 .debug_macro   0x00000e26       0x22 ./Common/Src/system_stm32h7xx_dualcore_boot_cm4_cm7.o
 .debug_macro   0x00000e48       0x8e ./Common/Src/system_stm32h7xx_dualcore_boot_cm4_cm7.o
 .debug_macro   0x00000ed6       0x51 ./Common/Src/system_stm32h7xx_dualcore_boot_cm4_cm7.o
 .debug_macro   0x00000f27      0x103 ./Common/Src/system_stm32h7xx_dualcore_boot_cm4_cm7.o
 .debug_macro   0x0000102a       0x6a ./Common/Src/system_stm32h7xx_dualcore_boot_cm4_cm7.o
 .debug_macro   0x00001094      0x1df ./Common/Src/system_stm32h7xx_dualcore_boot_cm4_cm7.o
 .debug_macro   0x00001273       0x1c ./Common/Src/system_stm32h7xx_dualcore_boot_cm4_cm7.o
 .debug_macro   0x0000128f       0x22 ./Common/Src/system_stm32h7xx_dualcore_boot_cm4_cm7.o
 .debug_macro   0x000012b1       0xfb ./Common/Src/system_stm32h7xx_dualcore_boot_cm4_cm7.o
 .debug_macro   0x000013ac     0x1305 ./Common/Src/system_stm32h7xx_dualcore_boot_cm4_cm7.o
 .debug_macro   0x000026b1      0x11f ./Common/Src/system_stm32h7xx_dualcore_boot_cm4_cm7.o
 .debug_macro   0x000027d0       0x27 ./Common/Src/system_stm32h7xx_dualcore_boot_cm4_cm7.o
 .debug_macro   0x000027f7    0x2769e ./Common/Src/system_stm32h7xx_dualcore_boot_cm4_cm7.o
 .debug_macro   0x00029e95       0x6d ./Common/Src/system_stm32h7xx_dualcore_boot_cm4_cm7.o
 .debug_macro   0x00029f02      0x238 ./Common/Src/system_stm32h7xx_dualcore_boot_cm4_cm7.o
 .debug_macro   0x0002a13a     0x3d79 ./Common/Src/system_stm32h7xx_dualcore_boot_cm4_cm7.o
 .debug_macro   0x0002deb3      0x190 ./Common/Src/system_stm32h7xx_dualcore_boot_cm4_cm7.o
 .debug_macro   0x0002e043       0x61 ./Common/Src/system_stm32h7xx_dualcore_boot_cm4_cm7.o
 .debug_macro   0x0002e0a4       0x29 ./Common/Src/system_stm32h7xx_dualcore_boot_cm4_cm7.o
 .debug_macro   0x0002e0cd       0x43 ./Common/Src/system_stm32h7xx_dualcore_boot_cm4_cm7.o
 .debug_macro   0x0002e110       0x34 ./Common/Src/system_stm32h7xx_dualcore_boot_cm4_cm7.o
 .debug_macro   0x0002e144      0x370 ./Common/Src/system_stm32h7xx_dualcore_boot_cm4_cm7.o
 .debug_macro   0x0002e4b4       0x16 ./Common/Src/system_stm32h7xx_dualcore_boot_cm4_cm7.o
 .debug_macro   0x0002e4ca       0x4a ./Common/Src/system_stm32h7xx_dualcore_boot_cm4_cm7.o
 .debug_macro   0x0002e514       0x34 ./Common/Src/system_stm32h7xx_dualcore_boot_cm4_cm7.o
 .debug_macro   0x0002e548       0x10 ./Common/Src/system_stm32h7xx_dualcore_boot_cm4_cm7.o
 .debug_macro   0x0002e558       0x58 ./Common/Src/system_stm32h7xx_dualcore_boot_cm4_cm7.o
 .debug_macro   0x0002e5b0       0x8e ./Common/Src/system_stm32h7xx_dualcore_boot_cm4_cm7.o
 .debug_macro   0x0002e63e       0x1c ./Common/Src/system_stm32h7xx_dualcore_boot_cm4_cm7.o
 .debug_macro   0x0002e65a      0x185 ./Common/Src/system_stm32h7xx_dualcore_boot_cm4_cm7.o
 .debug_macro   0x0002e7df      0x19b ./Common/Src/system_stm32h7xx_dualcore_boot_cm4_cm7.o
 .debug_macro   0x0002e97a       0x5d ./Common/Src/system_stm32h7xx_dualcore_boot_cm4_cm7.o
 .debug_macro   0x0002e9d7     0x3b99 ./Common/Src/system_stm32h7xx_dualcore_boot_cm4_cm7.o
 .debug_macro   0x00032570     0x1072 ./Common/Src/system_stm32h7xx_dualcore_boot_cm4_cm7.o
 .debug_macro   0x000335e2      0x154 ./Common/Src/system_stm32h7xx_dualcore_boot_cm4_cm7.o
 .debug_macro   0x00033736      0x130 ./Common/Src/system_stm32h7xx_dualcore_boot_cm4_cm7.o
 .debug_macro   0x00033866      0x3c2 ./Common/Src/system_stm32h7xx_dualcore_boot_cm4_cm7.o
 .debug_macro   0x00033c28       0xac ./Common/Src/system_stm32h7xx_dualcore_boot_cm4_cm7.o
 .debug_macro   0x00033cd4      0x72d ./Common/Src/system_stm32h7xx_dualcore_boot_cm4_cm7.o
 .debug_macro   0x00034401      0x228 ./Common/Src/system_stm32h7xx_dualcore_boot_cm4_cm7.o
 .debug_macro   0x00034629       0x66 ./Common/Src/system_stm32h7xx_dualcore_boot_cm4_cm7.o
 .debug_macro   0x0003468f      0x3bb ./Common/Src/system_stm32h7xx_dualcore_boot_cm4_cm7.o
 .debug_macro   0x00034a4a      0x407 ./Common/Src/system_stm32h7xx_dualcore_boot_cm4_cm7.o
 .debug_macro   0x00034e51      0x27c ./Common/Src/system_stm32h7xx_dualcore_boot_cm4_cm7.o
 .debug_macro   0x000350cd      0x3ca ./Common/Src/system_stm32h7xx_dualcore_boot_cm4_cm7.o
 .debug_macro   0x00035497      0x4a2 ./Common/Src/system_stm32h7xx_dualcore_boot_cm4_cm7.o
 .debug_macro   0x00035939       0x51 ./Common/Src/system_stm32h7xx_dualcore_boot_cm4_cm7.o
 .debug_macro   0x0003598a       0x4a ./Common/Src/system_stm32h7xx_dualcore_boot_cm4_cm7.o
 .debug_macro   0x000359d4      0x22c ./Common/Src/system_stm32h7xx_dualcore_boot_cm4_cm7.o
 .debug_macro   0x00035c00       0x67 ./Common/Src/system_stm32h7xx_dualcore_boot_cm4_cm7.o
 .debug_macro   0x00035c67       0xa5 ./Common/Src/system_stm32h7xx_dualcore_boot_cm4_cm7.o
 .debug_macro   0x00035d0c      0x218 ./Common/Src/system_stm32h7xx_dualcore_boot_cm4_cm7.o
 .debug_macro   0x00035f24      0x2ea ./Common/Src/system_stm32h7xx_dualcore_boot_cm4_cm7.o
 .debug_macro   0x0003620e       0x35 ./Common/Src/system_stm32h7xx_dualcore_boot_cm4_cm7.o
 .debug_macro   0x00036243      0x3bb ./Common/Src/system_stm32h7xx_dualcore_boot_cm4_cm7.o
 .debug_macro   0x000365fe       0x10 ./Common/Src/system_stm32h7xx_dualcore_boot_cm4_cm7.o
 .debug_macro   0x0003660e       0xe4 ./Common/Src/system_stm32h7xx_dualcore_boot_cm4_cm7.o
 .debug_macro   0x000366f2      0x693 ./Common/Src/system_stm32h7xx_dualcore_boot_cm4_cm7.o
 .debug_macro   0x00036d85       0xa6 ./Common/Src/system_stm32h7xx_dualcore_boot_cm4_cm7.o
 .debug_macro   0x00036e2b      0x7a4 ./Common/Src/system_stm32h7xx_dualcore_boot_cm4_cm7.o
 .debug_macro   0x000375cf      0x3e5 ./Core/Src/aic3x.o
 .debug_macro   0x000379b4       0x22 ./Core/Src/aic3x.o
 .debug_macro   0x000379d6      0x305 ./Core/Src/aic3x.o
 .debug_macro   0x00037cdb      0x42c ./Core/Src/main.o
 .debug_macro   0x00038107       0x2e ./Core/Src/main.o
 .debug_macro   0x00038135       0x52 ./Core/Src/main.o
 .debug_macro   0x00038187       0xc7 ./Core/Src/main.o
 .debug_macro   0x0003824e       0x10 ./Core/Src/main.o
 .debug_macro   0x0003825e       0x1c ./Core/Src/main.o
 .debug_macro   0x0003827a       0x3c ./Core/Src/main.o
 .debug_macro   0x000382b6       0x10 ./Core/Src/main.o
 .debug_macro   0x000382c6       0x1c ./Core/Src/main.o
 .debug_macro   0x000382e2       0x16 ./Core/Src/main.o
 .debug_macro   0x000382f8      0x146 ./Core/Src/main.o
 .debug_macro   0x0003843e       0x16 ./Core/Src/main.o
 .debug_macro   0x00038454       0x20 ./Core/Src/main.o
 .debug_macro   0x00038474      0x201 ./Core/Src/main.o
 .debug_macro   0x00038675       0xc8 ./Core/Src/main.o
 .debug_macro   0x0003873d      0x2dd ./Core/Src/stm32h7xx_hal_msp.o
 .debug_macro   0x00038a1a      0x2e7 ./Core/Src/stm32h7xx_it.o
 .debug_macro   0x00038d01      0x2d4 ./Drivers/BSP/STM32H7xx_Nucleo/stm32h7xx_nucleo.o
 .debug_macro   0x00038fd5       0x28 ./Drivers/BSP/STM32H7xx_Nucleo/stm32h7xx_nucleo.o
 .debug_macro   0x00038ffd      0x2d7 ./Drivers/STM32H7xx_HAL_Driver/stm32h7xx_hal.o
 .debug_macro   0x000392d4      0x2ad ./Drivers/STM32H7xx_HAL_Driver/stm32h7xx_hal_cortex.o
 .debug_macro   0x00039581      0x301 ./Drivers/STM32H7xx_HAL_Driver/stm32h7xx_hal_dma.o
 .debug_macro   0x00039882      0x2ad ./Drivers/STM32H7xx_HAL_Driver/stm32h7xx_hal_dma_ex.o
 .debug_macro   0x00039b2f      0x2bb ./Drivers/STM32H7xx_HAL_Driver/stm32h7xx_hal_exti.o
 .debug_macro   0x00039dea      0x2c1 ./Drivers/STM32H7xx_HAL_Driver/stm32h7xx_hal_gpio.o
 .debug_macro   0x0003a0ab      0x2bf ./Drivers/STM32H7xx_HAL_Driver/stm32h7xx_hal_hsem.o
 .debug_macro   0x0003a36a      0x379 ./Drivers/STM32H7xx_HAL_Driver/stm32h7xx_hal_i2c.o
 .debug_macro   0x0003a6e3      0x2ad ./Drivers/STM32H7xx_HAL_Driver/stm32h7xx_hal_i2c_ex.o
 .debug_macro   0x0003a990      0x2bc ./Drivers/STM32H7xx_HAL_Driver/stm32h7xx_hal_mdma.o
 .debug_macro   0x0003ac4c      0x2e6 ./Drivers/STM32H7xx_HAL_Driver/stm32h7xx_hal_pwr_ex.o
 .debug_macro   0x0003af32      0x2d1 ./Drivers/STM32H7xx_HAL_Driver/stm32h7xx_hal_rcc.o
 .debug_macro   0x0003b203      0x2cb ./Drivers/STM32H7xx_HAL_Driver/stm32h7xx_hal_rcc_ex.o
 .debug_macro   0x0003b4ce      0x2ca ./Drivers/STM32H7xx_HAL_Driver/stm32h7xx_hal_sai.o
 .debug_macro   0x0003b798      0x2d8 ./Drivers/STM32H7xx_HAL_Driver/stm32h7xx_hal_uart.o
 .debug_macro   0x0003ba70      0x2b9 ./Drivers/STM32H7xx_HAL_Driver/stm32h7xx_hal_uart_ex.o

.debug_line     0x00000000    0x1e038
 .debug_line    0x00000000      0xb49 ./Common/Src/system_stm32h7xx_dualcore_boot_cm4_cm7.o
 .debug_line    0x00000b49     0x10dd ./Core/Src/aic3x.o
 .debug_line    0x00001c26     0x1823 ./Core/Src/main.o
 .debug_line    0x00003449      0xb55 ./Core/Src/stm32h7xx_hal_msp.o
 .debug_line    0x00003f9e      0xa68 ./Core/Src/stm32h7xx_it.o
 .debug_line    0x00004a06       0x7b ./Core/Startup/startup_stm32h755zitx.o
 .debug_line    0x00004a81      0xbd6 ./Drivers/BSP/STM32H7xx_Nucleo/stm32h7xx_nucleo.o
 .debug_line    0x00005657     0x105d ./Drivers/STM32H7xx_HAL_Driver/stm32h7xx_hal.o
 .debug_line    0x000066b4      0xef4 ./Drivers/STM32H7xx_HAL_Driver/stm32h7xx_hal_cortex.o
 .debug_line    0x000075a8     0x287f ./Drivers/STM32H7xx_HAL_Driver/stm32h7xx_hal_dma.o
 .debug_line    0x00009e27     0x1233 ./Drivers/STM32H7xx_HAL_Driver/stm32h7xx_hal_dma_ex.o
 .debug_line    0x0000b05a      0xe57 ./Drivers/STM32H7xx_HAL_Driver/stm32h7xx_hal_exti.o
 .debug_line    0x0000beb1      0xd87 ./Drivers/STM32H7xx_HAL_Driver/stm32h7xx_hal_gpio.o
 .debug_line    0x0000cc38      0xa9c ./Drivers/STM32H7xx_HAL_Driver/stm32h7xx_hal_hsem.o
 .debug_line    0x0000d6d4     0x3c75 ./Drivers/STM32H7xx_HAL_Driver/stm32h7xx_hal_i2c.o
 .debug_line    0x00011349      0xa8c ./Drivers/STM32H7xx_HAL_Driver/stm32h7xx_hal_i2c_ex.o
 .debug_line    0x00011dd5     0x155e ./Drivers/STM32H7xx_HAL_Driver/stm32h7xx_hal_mdma.o
 .debug_line    0x00013333     0x11c7 ./Drivers/STM32H7xx_HAL_Driver/stm32h7xx_hal_pwr_ex.o
 .debug_line    0x000144fa     0x15a5 ./Drivers/STM32H7xx_HAL_Driver/stm32h7xx_hal_rcc.o
 .debug_line    0x00015a9f     0x1ec9 ./Drivers/STM32H7xx_HAL_Driver/stm32h7xx_hal_rcc_ex.o
 .debug_line    0x00017968     0x1eb7 ./Drivers/STM32H7xx_HAL_Driver/stm32h7xx_hal_sai.o
 .debug_line    0x0001981f     0x3985 ./Drivers/STM32H7xx_HAL_Driver/stm32h7xx_hal_uart.o
 .debug_line    0x0001d1a4      0xe94 ./Drivers/STM32H7xx_HAL_Driver/stm32h7xx_hal_uart_ex.o

.debug_str      0x00000000   0x1837c8
 .debug_str     0x00000000   0x1837c8 ./Common/Src/system_stm32h7xx_dualcore_boot_cm4_cm7.o
                             0x1790a7 (size before relaxing)
 .debug_str     0x001837c8   0x17abcc ./Core/Src/aic3x.o
 .debug_str     0x001837c8   0x17de5d ./Core/Src/main.o
 .debug_str     0x001837c8   0x17a38b ./Core/Src/stm32h7xx_hal_msp.o
 .debug_str     0x001837c8   0x1797fd ./Core/Src/stm32h7xx_it.o
 .debug_str     0x001837c8       0x78 ./Core/Startup/startup_stm32h755zitx.o
 .debug_str     0x001837c8   0x179f9b ./Drivers/BSP/STM32H7xx_Nucleo/stm32h7xx_nucleo.o
 .debug_str     0x001837c8   0x17a114 ./Drivers/STM32H7xx_HAL_Driver/stm32h7xx_hal.o
 .debug_str     0x001837c8   0x17997b ./Drivers/STM32H7xx_HAL_Driver/stm32h7xx_hal_cortex.o
 .debug_str     0x001837c8   0x179715 ./Drivers/STM32H7xx_HAL_Driver/stm32h7xx_hal_dma.o
 .debug_str     0x001837c8   0x1790a0 ./Drivers/STM32H7xx_HAL_Driver/stm32h7xx_hal_dma_ex.o
 .debug_str     0x001837c8   0x178e58 ./Drivers/STM32H7xx_HAL_Driver/stm32h7xx_hal_exti.o
 .debug_str     0x001837c8   0x179006 ./Drivers/STM32H7xx_HAL_Driver/stm32h7xx_hal_gpio.o
 .debug_str     0x001837c8   0x178c91 ./Drivers/STM32H7xx_HAL_Driver/stm32h7xx_hal_hsem.o
 .debug_str     0x001837c8   0x17a031 ./Drivers/STM32H7xx_HAL_Driver/stm32h7xx_hal_i2c.o
 .debug_str     0x001837c8   0x1793d5 ./Drivers/STM32H7xx_HAL_Driver/stm32h7xx_hal_i2c_ex.o
 .debug_str     0x001837c8   0x17930d ./Drivers/STM32H7xx_HAL_Driver/stm32h7xx_hal_mdma.o
 .debug_str     0x001837c8   0x179511 ./Drivers/STM32H7xx_HAL_Driver/stm32h7xx_hal_pwr_ex.o
 .debug_str     0x001837c8   0x179387 ./Drivers/STM32H7xx_HAL_Driver/stm32h7xx_hal_rcc.o
 .debug_str     0x001837c8   0x1798bc ./Drivers/STM32H7xx_HAL_Driver/stm32h7xx_hal_rcc_ex.o
 .debug_str     0x001837c8   0x179637 ./Drivers/STM32H7xx_HAL_Driver/stm32h7xx_hal_sai.o
 .debug_str     0x001837c8   0x179eb5 ./Drivers/STM32H7xx_HAL_Driver/stm32h7xx_hal_uart.o
 .debug_str     0x001837c8   0x179475 ./Drivers/STM32H7xx_HAL_Driver/stm32h7xx_hal_uart_ex.o

.comment        0x00000000       0x43
 .comment       0x00000000       0x43 ./Common/Src/system_stm32h7xx_dualcore_boot_cm4_cm7.o
                                 0x44 (size before relaxing)
 .comment       0x00000043       0x44 ./Core/Src/aic3x.o
 .comment       0x00000043       0x44 ./Core/Src/main.o
 .comment       0x00000043       0x44 ./Core/Src/stm32h7xx_hal_msp.o
 .comment       0x00000043       0x44 ./Core/Src/stm32h7xx_it.o
 .comment       0x00000043       0x44 ./Drivers/BSP/STM32H7xx_Nucleo/stm32h7xx_nucleo.o
 .comment       0x00000043       0x44 ./Drivers/STM32H7xx_HAL_Driver/stm32h7xx_hal.o
 .comment       0x00000043       0x44 ./Drivers/STM32H7xx_HAL_Driver/stm32h7xx_hal_cortex.o
 .comment       0x00000043       0x44 ./Drivers/STM32H7xx_HAL_Driver/stm32h7xx_hal_dma.o
 .comment       0x00000043       0x44 ./Drivers/STM32H7xx_HAL_Driver/stm32h7xx_hal_dma_ex.o
 .comment       0x00000043       0x44 ./Drivers/STM32H7xx_HAL_Driver/stm32h7xx_hal_exti.o
 .comment       0x00000043       0x44 ./Drivers/STM32H7xx_HAL_Driver/stm32h7xx_hal_gpio.o
 .comment       0x00000043       0x44 ./Drivers/STM32H7xx_HAL_Driver/stm32h7xx_hal_hsem.o
 .comment       0x00000043       0x44 ./Drivers/STM32H7xx_HAL_Driver/stm32h7xx_hal_i2c.o
 .comment       0x00000043       0x44 ./Drivers/STM32H7xx_HAL_Driver/stm32h7xx_hal_i2c_ex.o
 .comment       0x00000043       0x44 ./Drivers/STM32H7xx_HAL_Driver/stm32h7xx_hal_mdma.o
 .comment       0x00000043       0x44 ./Drivers/STM32H7xx_HAL_Driver/stm32h7xx_hal_pwr_ex.o
 .comment       0x00000043       0x44 ./Drivers/STM32H7xx_HAL_Driver/stm32h7xx_hal_rcc.o
 .comment       0x00000043       0x44 ./Drivers/STM32H7xx_HAL_Driver/stm32h7xx_hal_rcc_ex.o
 .comment       0x00000043       0x44 ./Drivers/STM32H7xx_HAL_Driver/stm32h7xx_hal_sai.o
 .comment       0x00000043       0x44 ./Drivers/STM32H7xx_HAL_Driver/stm32h7xx_hal_uart.o
 .comment       0x00000043       0x44 ./Drivers/STM32H7xx_HAL_Driver/stm32h7xx_hal_uart_ex.o

.debug_frame    0x00000000     0x51c8
 .debug_frame   0x00000000       0x78 ./Common/Src/system_stm32h7xx_dualcore_boot_cm4_cm7.o
 .debug_frame   0x00000078      0x318 ./Core/Src/aic3x.o
 .debug_frame   0x00000390      0x2bc ./Core/Src/main.o
 .debug_frame   0x0000064c      0x114 ./Core/Src/stm32h7xx_hal_msp.o
 .debug_frame   0x00000760      0x158 ./Core/Src/stm32h7xx_it.o
 .debug_frame   0x000008b8      0x1dc ./Drivers/BSP/STM32H7xx_Nucleo/stm32h7xx_nucleo.o
 .debug_frame   0x00000a94      0x848 ./Drivers/STM32H7xx_HAL_Driver/stm32h7xx_hal.o
 .debug_frame   0x000012dc      0x508 ./Drivers/STM32H7xx_HAL_Driver/stm32h7xx_hal_cortex.o
 .debug_frame   0x000017e4      0x2b4 ./Drivers/STM32H7xx_HAL_Driver/stm32h7xx_hal_dma.o
 .debug_frame   0x00001a98      0x174 ./Drivers/STM32H7xx_HAL_Driver/stm32h7xx_hal_dma_ex.o
 .debug_frame   0x00001c0c      0x16c ./Drivers/STM32H7xx_HAL_Driver/stm32h7xx_hal_exti.o
 .debug_frame   0x00001d78      0x14c ./Drivers/STM32H7xx_HAL_Driver/stm32h7xx_hal_gpio.o
 .debug_frame   0x00001ec4      0x1bc ./Drivers/STM32H7xx_HAL_Driver/stm32h7xx_hal_hsem.o
 .debug_frame   0x00002080      0xc40 ./Drivers/STM32H7xx_HAL_Driver/stm32h7xx_hal_i2c.o
 .debug_frame   0x00002cc0      0x100 ./Drivers/STM32H7xx_HAL_Driver/stm32h7xx_hal_i2c_ex.o
 .debug_frame   0x00002dc0      0x34c ./Drivers/STM32H7xx_HAL_Driver/stm32h7xx_hal_mdma.o
 .debug_frame   0x0000310c      0x5ec ./Drivers/STM32H7xx_HAL_Driver/stm32h7xx_hal_pwr_ex.o
 .debug_frame   0x000036f8      0x1f8 ./Drivers/STM32H7xx_HAL_Driver/stm32h7xx_hal_rcc.o
 .debug_frame   0x000038f0      0x43c ./Drivers/STM32H7xx_HAL_Driver/stm32h7xx_hal_rcc_ex.o
 .debug_frame   0x00003d2c      0x69c ./Drivers/STM32H7xx_HAL_Driver/stm32h7xx_hal_sai.o
 .debug_frame   0x000043c8      0xa94 ./Drivers/STM32H7xx_HAL_Driver/stm32h7xx_hal_uart.o
 .debug_frame   0x00004e5c      0x2c0 ./Drivers/STM32H7xx_HAL_Driver/stm32h7xx_hal_uart_ex.o
 .debug_frame   0x0000511c       0x20 D:/Progams/STM32CubeIDE_1.18.0/STM32CubeIDE/plugins/com.st.stm32cube.ide.mcu.externaltools.gnu-tools-for-stm32.13.3.rel1.win32_1.0.0.202411081344/tools/bin/../lib/gcc/arm-none-eabi/13.3.1/../../../../arm-none-eabi/lib/thumb/v7e-m+dp/hard\libc_nano.a(libc_a-memset.o)
 .debug_frame   0x0000513c       0x2c D:/Progams/STM32CubeIDE_1.18.0/STM32CubeIDE/plugins/com.st.stm32cube.ide.mcu.externaltools.gnu-tools-for-stm32.13.3.rel1.win32_1.0.0.202411081344/tools/bin/../lib/gcc/arm-none-eabi/13.3.1/../../../../arm-none-eabi/lib/thumb/v7e-m+dp/hard\libc_nano.a(libc_a-init.o)
 .debug_frame   0x00005168       0x2c D:/Progams/STM32CubeIDE_1.18.0/STM32CubeIDE/plugins/com.st.stm32cube.ide.mcu.externaltools.gnu-tools-for-stm32.13.3.rel1.win32_1.0.0.202411081344/tools/bin/../lib/gcc/arm-none-eabi/13.3.1/thumb/v7e-m+dp/hard\libgcc.a(_aeabi_uldivmod.o)
 .debug_frame   0x00005194       0x34 D:/Progams/STM32CubeIDE_1.18.0/STM32CubeIDE/plugins/com.st.stm32cube.ide.mcu.externaltools.gnu-tools-for-stm32.13.3.rel1.win32_1.0.0.202411081344/tools/bin/../lib/gcc/arm-none-eabi/13.3.1/thumb/v7e-m+dp/hard\libgcc.a(_udivmoddi4.o)

.debug_line_str
                0x00000000       0x5c
 .debug_line_str
                0x00000000       0x5c ./Core/Startup/startup_stm32h755zitx.o
