Archive member included to satisfy reference by file (symbol)

D:\Documents\01_Projects\Deersp\deersp\Audio_Matrix\CM7\Drivers\CMSIS\DSP\Lib\GCC\libarm_cortexM7lfdp_math.a(arm_fir_q15.o)
                              ./Core/Src/main.o (arm_fir_q15)
D:\Documents\01_Projects\Deersp\deersp\Audio_Matrix\CM7\Drivers\CMSIS\DSP\Lib\GCC\libarm_cortexM7lfdp_math.a(arm_fir_init_q15.o)
                              ./Core/Src/main.o (arm_fir_init_q15)
D:/Progams/STM32CubeIDE_1.18.0/STM32CubeIDE/plugins/com.st.stm32cube.ide.mcu.externaltools.gnu-tools-for-stm32.13.3.rel1.win32_1.0.0.202411081344/tools/bin/../lib/gcc/arm-none-eabi/13.3.1/../../../../arm-none-eabi/lib/thumb/v7e-m+dp/hard\libc_nano.a(libc_a-exit.o)
                              D:/Progams/STM32CubeIDE_1.18.0/STM32CubeIDE/plugins/com.st.stm32cube.ide.mcu.externaltools.gnu-tools-for-stm32.13.3.rel1.win32_1.0.0.202411081344/tools/bin/../lib/gcc/arm-none-eabi/13.3.1/../../../../arm-none-eabi/lib/thumb/v7e-m+dp/hard/crt0.o (exit)
D:/Progams/STM32CubeIDE_1.18.0/STM32CubeIDE/plugins/com.st.stm32cube.ide.mcu.externaltools.gnu-tools-for-stm32.13.3.rel1.win32_1.0.0.202411081344/tools/bin/../lib/gcc/arm-none-eabi/13.3.1/../../../../arm-none-eabi/lib/thumb/v7e-m+dp/hard\libc_nano.a(libc_a-findfp.o)
                              D:/Progams/STM32CubeIDE_1.18.0/STM32CubeIDE/plugins/com.st.stm32cube.ide.mcu.externaltools.gnu-tools-for-stm32.13.3.rel1.win32_1.0.0.202411081344/tools/bin/../lib/gcc/arm-none-eabi/13.3.1/../../../../arm-none-eabi/lib/thumb/v7e-m+dp/hard\libc_nano.a(libc_a-exit.o) (__stdio_exit_handler)
D:/Progams/STM32CubeIDE_1.18.0/STM32CubeIDE/plugins/com.st.stm32cube.ide.mcu.externaltools.gnu-tools-for-stm32.13.3.rel1.win32_1.0.0.202411081344/tools/bin/../lib/gcc/arm-none-eabi/13.3.1/../../../../arm-none-eabi/lib/thumb/v7e-m+dp/hard\libc_nano.a(libc_a-fwalk.o)
                              D:/Progams/STM32CubeIDE_1.18.0/STM32CubeIDE/plugins/com.st.stm32cube.ide.mcu.externaltools.gnu-tools-for-stm32.13.3.rel1.win32_1.0.0.202411081344/tools/bin/../lib/gcc/arm-none-eabi/13.3.1/../../../../arm-none-eabi/lib/thumb/v7e-m+dp/hard\libc_nano.a(libc_a-findfp.o) (_fwalk_sglue)
D:/Progams/STM32CubeIDE_1.18.0/STM32CubeIDE/plugins/com.st.stm32cube.ide.mcu.externaltools.gnu-tools-for-stm32.13.3.rel1.win32_1.0.0.202411081344/tools/bin/../lib/gcc/arm-none-eabi/13.3.1/../../../../arm-none-eabi/lib/thumb/v7e-m+dp/hard\libc_nano.a(libc_a-stdio.o)
                              D:/Progams/STM32CubeIDE_1.18.0/STM32CubeIDE/plugins/com.st.stm32cube.ide.mcu.externaltools.gnu-tools-for-stm32.13.3.rel1.win32_1.0.0.202411081344/tools/bin/../lib/gcc/arm-none-eabi/13.3.1/../../../../arm-none-eabi/lib/thumb/v7e-m+dp/hard\libc_nano.a(libc_a-findfp.o) (__sread)
D:/Progams/STM32CubeIDE_1.18.0/STM32CubeIDE/plugins/com.st.stm32cube.ide.mcu.externaltools.gnu-tools-for-stm32.13.3.rel1.win32_1.0.0.202411081344/tools/bin/../lib/gcc/arm-none-eabi/13.3.1/../../../../arm-none-eabi/lib/thumb/v7e-m+dp/hard\libc_nano.a(libc_a-memset.o)
                              D:/Progams/STM32CubeIDE_1.18.0/STM32CubeIDE/plugins/com.st.stm32cube.ide.mcu.externaltools.gnu-tools-for-stm32.13.3.rel1.win32_1.0.0.202411081344/tools/bin/../lib/gcc/arm-none-eabi/13.3.1/../../../../arm-none-eabi/lib/thumb/v7e-m+dp/hard/crt0.o (memset)
D:/Progams/STM32CubeIDE_1.18.0/STM32CubeIDE/plugins/com.st.stm32cube.ide.mcu.externaltools.gnu-tools-for-stm32.13.3.rel1.win32_1.0.0.202411081344/tools/bin/../lib/gcc/arm-none-eabi/13.3.1/../../../../arm-none-eabi/lib/thumb/v7e-m+dp/hard\libc_nano.a(libc_a-closer.o)
                              D:/Progams/STM32CubeIDE_1.18.0/STM32CubeIDE/plugins/com.st.stm32cube.ide.mcu.externaltools.gnu-tools-for-stm32.13.3.rel1.win32_1.0.0.202411081344/tools/bin/../lib/gcc/arm-none-eabi/13.3.1/../../../../arm-none-eabi/lib/thumb/v7e-m+dp/hard\libc_nano.a(libc_a-stdio.o) (_close_r)
D:/Progams/STM32CubeIDE_1.18.0/STM32CubeIDE/plugins/com.st.stm32cube.ide.mcu.externaltools.gnu-tools-for-stm32.13.3.rel1.win32_1.0.0.202411081344/tools/bin/../lib/gcc/arm-none-eabi/13.3.1/../../../../arm-none-eabi/lib/thumb/v7e-m+dp/hard\libc_nano.a(libc_a-reent.o)
                              D:/Progams/STM32CubeIDE_1.18.0/STM32CubeIDE/plugins/com.st.stm32cube.ide.mcu.externaltools.gnu-tools-for-stm32.13.3.rel1.win32_1.0.0.202411081344/tools/bin/../lib/gcc/arm-none-eabi/13.3.1/../../../../arm-none-eabi/lib/thumb/v7e-m+dp/hard\libc_nano.a(libc_a-closer.o) (errno)
D:/Progams/STM32CubeIDE_1.18.0/STM32CubeIDE/plugins/com.st.stm32cube.ide.mcu.externaltools.gnu-tools-for-stm32.13.3.rel1.win32_1.0.0.202411081344/tools/bin/../lib/gcc/arm-none-eabi/13.3.1/../../../../arm-none-eabi/lib/thumb/v7e-m+dp/hard\libc_nano.a(libc_a-impure.o)
[...]
Memory Configuration

Name             Origin             Length             Attributes
RAM_D1           0x24000000         0x00080000         xrw
FLASH            0x08000000         0x00100000         xr
DTCMRAM          0x20000000         0x00020000         xrw
RAM_D2           0x30000000         0x00048000         xrw
RAM_D3           0x38000000         0x00010000         xrw
ITCMRAM          0x00000000         0x00010000         xrw
*default*        0x00000000         0xffffffff

Linker script and memory map

LOAD D:/Progams/STM32CubeIDE_1.18.0/STM32CubeIDE/plugins/com.st.stm32cube.ide.mcu.externaltools.gnu-tools-for-stm32.13.3.rel1.win32_1.0.0.202411081344/tools/bin/../lib/gcc/arm-none-eabi/13.3.1/thumb/v7e-m+dp/hard/crti.o
LOAD D:/Progams/STM32CubeIDE_1.18.0/STM32CubeIDE/plugins/com.st.stm32cube.ide.mcu.externaltools.gnu-tools-for-stm32.13.3.rel1.win32_1.0.0.202411081344/tools/bin/../lib/gcc/arm-none-eabi/13.3.1/thumb/v7e-m+dp/hard/crtbegin.o
LOAD D:/Progams/STM32CubeIDE_1.18.0/STM32CubeIDE/plugins/com.st.stm32cube.ide.mcu.externaltools.gnu-tools-for-stm32.13.3.rel1.win32_1.0.0.202411081344/tools/bin/../lib/gcc/arm-none-eabi/13.3.1/../../../../arm-none-eabi/lib/thumb/v7e-m+dp/hard/crt0.o
LOAD ./Common/Src/system_stm32h7xx_dualcore_boot_cm4_cm7.o
LOAD ./Core/Src/aic3x.o
LOAD ./Core/Src/main.o
LOAD ./Core/Src/stm32h7xx_hal_msp.o
LOAD ./Core/Src/stm32h7xx_it.o
LOAD ./Core/Src/syscalls.o
LOAD ./Core/Src/sysmem.o
LOAD ./Core/Startup/startup_stm32h755zitx.o
LOAD ./Drivers/BSP/STM32H7xx_Nucleo/stm32h7xx_nucleo.o
LOAD ./Drivers/STM32H7xx_HAL_Driver/stm32h7xx_hal.o
LOAD ./Drivers/STM32H7xx_HAL_Driver/stm32h7xx_hal_cortex.o
LOAD ./Drivers/STM32H7xx_HAL_Driver/stm32h7xx_hal_dma.o
LOAD ./Drivers/STM32H7xx_HAL_Driver/stm32h7xx_hal_dma_ex.o
LOAD ./Drivers/STM32H7xx_HAL_Driver/stm32h7xx_hal_exti.o
LOAD ./Drivers/STM32H7xx_HAL_Driver/stm32h7xx_hal_flash.o
LOAD ./Drivers/STM32H7xx_HAL_Driver/stm32h7xx_hal_flash_ex.o
LOAD ./Drivers/STM32H7xx_HAL_Driver/stm32h7xx_hal_gpio.o
LOAD ./Drivers/STM32H7xx_HAL_Driver/stm32h7xx_hal_hsem.o
LOAD ./Drivers/STM32H7xx_HAL_Driver/stm32h7xx_hal_i2c.o
LOAD ./Drivers/STM32H7xx_HAL_Driver/stm32h7xx_hal_i2c_ex.o
LOAD ./Drivers/STM32H7xx_HAL_Driver/stm32h7xx_hal_mdma.o
LOAD ./Drivers/STM32H7xx_HAL_Driver/stm32h7xx_hal_pwr.o
LOAD ./Drivers/STM32H7xx_HAL_Driver/stm32h7xx_hal_pwr_ex.o
LOAD ./Drivers/STM32H7xx_HAL_Driver/stm32h7xx_hal_rcc.o
LOAD ./Drivers/STM32H7xx_HAL_Driver/stm32h7xx_hal_rcc_ex.o
LOAD ./Drivers/STM32H7xx_HAL_Driver/stm32h7xx_hal_sai.o
LOAD ./Drivers/STM32H7xx_HAL_Driver/stm32h7xx_hal_sai_ex.o
LOAD ./Drivers/STM32H7xx_HAL_Driver/stm32h7xx_hal_uart.o
LOAD ./Drivers/STM32H7xx_HAL_Driver/stm32h7xx_hal_uart_ex.o
LOAD ./Drivers/STM32H7xx_HAL_Driver/stm32h7xx_hal_usart.o
LOAD ./Drivers/STM32H7xx_HAL_Driver/stm32h7xx_hal_usart_ex.o
LOAD D:\Documents\01_Projects\Deersp\deersp\Audio_Matrix\CM7\Drivers\CMSIS\DSP\Lib\GCC\libarm_cortexM7lfdp_math.a
START GROUP
LOAD D:/Progams/STM32CubeIDE_1.18.0/STM32CubeIDE/plugins/com.st.stm32cube.ide.mcu.externaltools.gnu-tools-for-stm32.13.3.rel1.win32_1.0.0.202411081344/tools/bin/../lib/gcc/arm-none-eabi/13.3.1/../../../../arm-none-eabi/lib/thumb/v7e-m+dp/hard\libc_nano.a
LOAD D:/Progams/STM32CubeIDE_1.18.0/STM32CubeIDE/plugins/com.st.stm32cube.ide.mcu.externaltools.gnu-tools-for-stm32.13.3.rel1.win32_1.0.0.202411081344/tools/bin/../lib/gcc/arm-none-eabi/13.3.1/../../../../arm-none-eabi/lib/thumb/v7e-m+dp/hard\libm.a
END GROUP
START GROUP
LOAD D:/Progams/STM32CubeIDE_1.18.0/STM32CubeIDE/plugins/com.st.stm32cube.ide.mcu.externaltools.gnu-tools-for-stm32.13.3.rel1.win32_1.0.0.202411081344/tools/bin/../lib/gcc/arm-none-eabi/13.3.1/thumb/v7e-m+dp/hard\libgcc.a
LOAD D:/Progams/STM32CubeIDE_1.18.0/STM32CubeIDE/plugins/com.st.stm32cube.ide.mcu.externaltools.gnu-tools-for-stm32.13.3.rel1.win32_1.0.0.202411081344/tools/bin/../lib/gcc/arm-none-eabi/13.3.1/../../../../arm-none-eabi/lib/thumb/v7e-m+dp/hard\libc_nano.a
END GROUP
START GROUP
LOAD D:/Progams/STM32CubeIDE_1.18.0/STM32CubeIDE/plugins/com.st.stm32cube.ide.mcu.externaltools.gnu-tools-for-stm32.13.3.rel1.win32_1.0.0.202411081344/tools/bin/../lib/gcc/arm-none-eabi/13.3.1/thumb/v7e-m+dp/hard\libgcc.a
LOAD D:/Progams/STM32CubeIDE_1.18.0/STM32CubeIDE/plugins/com.st.stm32cube.ide.mcu.externaltools.gnu-tools-for-stm32.13.3.rel1.win32_1.0.0.202411081344/tools/bin/../lib/gcc/arm-none-eabi/13.3.1/../../../../arm-none-eabi/lib/thumb/v7e-m+dp/hard\libc_nano.a
LOAD D:/Progams/STM32CubeIDE_1.18.0/STM32CubeIDE/plugins/com.st.stm32cube.ide.mcu.externaltools.gnu-tools-for-stm32.13.3.rel1.win32_1.0.0.202411081344/tools/bin/../lib/gcc/arm-none-eabi/13.3.1/../../../../arm-none-eabi/lib/thumb/v7e-m+dp/hard\libnosys.a
END GROUP
START GROUP
LOAD D:/Progams/STM32CubeIDE_1.18.0/STM32CubeIDE/plugins/com.st.stm32cube.ide.mcu.externaltools.gnu-tools-for-stm32.13.3.rel1.win32_1.0.0.202411081344/tools/bin/../lib/gcc/arm-none-eabi/13.3.1/thumb/v7e-m+dp/hard\libgcc.a
LOAD D:/Progams/STM32CubeIDE_1.18.0/STM32CubeIDE/plugins/com.st.stm32cube.ide.mcu.externaltools.gnu-tools-for-stm32.13.3.rel1.win32_1.0.0.202411081344/tools/bin/../lib/gcc/arm-none-eabi/13.3.1/../../../../arm-none-eabi/lib/thumb/v7e-m+dp/hard\libc_nano.a
LOAD D:/Progams/STM32CubeIDE_1.18.0/STM32CubeIDE/plugins/com.st.stm32cube.ide.mcu.externaltools.gnu-tools-for-stm32.13.3.rel1.win32_1.0.0.202411081344/tools/bin/../lib/gcc/arm-none-eabi/13.3.1/../../../../arm-none-eabi/lib/thumb/v7e-m+dp/hard\libnosys.a
END GROUP
LOAD D:/Progams/STM32CubeIDE_1.18.0/STM32CubeIDE/plugins/com.st.stm32cube.ide.mcu.externaltools.gnu-tools-for-stm32.13.3.rel1.win32_1.0.0.202411081344/tools/bin/../lib/gcc/arm-none-eabi/13.3.1/thumb/v7e-m+dp/hard/crtend.o
LOAD D:/Progams/STM32CubeIDE_1.18.0/STM32CubeIDE/plugins/com.st.stm32cube.ide.mcu.externaltools.gnu-tools-for-stm32.13.3.rel1.win32_1.0.0.202411081344/tools/bin/../lib/gcc/arm-none-eabi/13.3.1/thumb/v7e-m+dp/hard/crtn.o
                0x24080000                        _estack = (ORIGIN (RAM_D1) + LENGTH (RAM_D1))
                0x00000200                        _Min_Heap_Size = 0x200
                0x00000400                        _Min_Stack_Size = 0x400

.isr_vector     0x08000000      0x298
                0x08000000                        . = ALIGN (0x4)
 *(.isr_vector)
 .isr_vector    0x08000000      0x298 ./Core/Startup/startup_stm32h755zitx.o
                0x08000000                g_pfnVectors
                0x08000298                        . = ALIGN (0x4)

.text           0x08000298     0xcb6c
                0x08000298                        . = ALIGN (0x4)
 *(.text)
 .text          0x08000298       0x40 D:/Progams/STM32CubeIDE_1.18.0/STM32CubeIDE/plugins/com.st.stm32cube.ide.mcu.externaltools.gnu-tools-for-stm32.13.3.rel1.win32_1.0.0.202411081344/tools/bin/../lib/gcc/arm-none-eabi/13.3.1/thumb/v7e-m+dp/hard/crtbegin.o
 .text          0x080002d8       0x30 D:/Progams/STM32CubeIDE_1.18.0/STM32CubeIDE/plugins/com.st.stm32cube.ide.mcu.externaltools.gnu-tools-for-stm32.13.3.rel1.win32_1.0.0.202411081344/tools/bin/../lib/gcc/arm-none-eabi/13.3.1/thumb/v7e-m+dp/hard\libgcc.a(_aeabi_uldivmod.o)
                0x080002d8                __aeabi_uldivmod
 .text          0x08000308      0x2f8 D:/Progams/STM32CubeIDE_1.18.0/STM32CubeIDE/plugins/com.st.stm32cube.ide.mcu.externaltools.gnu-tools-for-stm32.13.3.rel1.win32_1.0.0.202411081344/tools/bin/../lib/gcc/arm-none-eabi/13.3.1/thumb/v7e-m+dp/hard\libgcc.a(_udivmoddi4.o)
                0x08000308                __udivmoddi4
 .text          0x08000600        0x4 D:/Progams/STM32CubeIDE_1.18.0/STM32CubeIDE/plugins/com.st.stm32cube.ide.mcu.externaltools.gnu-tools-for-stm32.13.3.rel1.win32_1.0.0.202411081344/tools/bin/../lib/gcc/arm-none-eabi/13.3.1/thumb/v7e-m+dp/hard\libgcc.a(_dvmd_tls.o)
                0x08000600                __aeabi_idiv0
                0x08000600                __aeabi_ldiv0
 *(.text*)
 .text.SystemInit
                0x08000604      0x15c ./Common/Src/system_stm32h7xx_dualcore_boot_cm4_cm7.o
                0x08000604                SystemInit
 .text.ExitRun0Mode
                0x08000760       0x30 ./Common/Src/system_stm32h7xx_dualcore_boot_cm4_cm7.o
                0x08000760                ExitRun0Mode
 .text.AIC3X_Init
                0x08000790       0x28 ./Core/Src/aic3x.o
                0x08000790                AIC3X_Init
 .text.AIC3X_HwReset
                0x080007b8       0x48 ./Core/Src/aic3x.o
                0x080007b8                AIC3X_HwReset
 .text.AIC3X_SwReset
                0x08000800       0x3c ./Core/Src/aic3x.o
                0x08000800                AIC3X_SwReset
 .text.AIC3X_ReadData
                0x0800083c       0x50 ./Core/Src/aic3x.o
                0x0800083c                AIC3X_ReadData
 .text.AIC3X_WriteData
                0x0800088c       0x50 ./Core/Src/aic3x.o
                0x0800088c                AIC3X_WriteData
 .text.AIC3X_WriteDataPathControl
                0x080008dc       0x7e ./Core/Src/aic3x.o
                0x080008dc                AIC3X_WriteDataPathControl
 .text.AIC3X_WriteASDataIntfControl
                0x0800095a       0xde ./Core/Src/aic3x.o
                0x0800095a                AIC3X_WriteASDataIntfControl
 .text.AIC3X_WritePGAGainControl
                0x08000a38       0x8e ./Core/Src/aic3x.o
                0x08000a38                AIC3X_WritePGAGainControl
 .text.AIC3X_WriteADCMixControl
                0x08000ac6      0x27c ./Core/Src/aic3x.o
                0x08000ac6                AIC3X_WriteADCMixControl
 .text.AIC3X_WriteDACPowerControl
                0x08000d42       0x88 ./Core/Src/aic3x.o
                0x08000d42                AIC3X_WriteDACPowerControl
 .text.AIC3X_WriteVolControl
                0x08000dca       0x9e ./Core/Src/aic3x.o
                0x08000dca                AIC3X_WriteVolControl
 .text.AIC3X_WriteOutputLevelControl
                0x08000e68       0xb6 ./Core/Src/aic3x.o
                0x08000e68                AIC3X_WriteOutputLevelControl
 *fill*         0x08000f1e        0x2 
 .text.main     0x08000f20      0x758 ./Core/Src/main.o
                0x08000f20                main
 .text.SystemClock_Config
                0x08001678       0xfc ./Core/Src/main.o
                0x08001678                SystemClock_Config
 .text.PeriphCommonClock_Config
                0x08001774       0x60 ./Core/Src/main.o
                0x08001774                PeriphCommonClock_Config
 .text.MX_I2C2_Init
                0x080017d4       0x7c ./Core/Src/main.o
 .text.MX_SAI1_Init
                0x08001850       0xc4 ./Core/Src/main.o
 .text.MX_USART3_UART_Init
                0x08001914       0x98 ./Core/Src/main.o
 .text.MX_DMA_Init
                0x080019ac       0x50 ./Core/Src/main.o
 .text.MX_MDMA_Init
                0x080019fc      0x62c ./Core/Src/main.o
 .text.MX_GPIO_Init
                0x08002028      0x1bc ./Core/Src/main.o
 .text.HAL_SAI_RxHalfCpltCallback
                0x080021e4       0x94 ./Core/Src/main.o
                0x080021e4                HAL_SAI_RxHalfCpltCallback
 .text.HAL_SAI_RxCpltCallback
                0x08002278       0x94 ./Core/Src/main.o
                0x08002278                HAL_SAI_RxCpltCallback
 .text.MDMA_RxXferBlockCpltCallback
                0x0800230c      0x150 ./Core/Src/main.o
                0x0800230c                MDMA_RxXferBlockCpltCallback
 .text.MDMA_TxXferBlockCpltCallback
                0x0800245c      0x150 ./Core/Src/main.o
                0x0800245c                MDMA_TxXferBlockCpltCallback
 .text.MDMA_RxErrorCallback
                0x080025ac       0x14 ./Core/Src/main.o
                0x080025ac                MDMA_RxErrorCallback
 .text.MDMA_TxErrorCallback
                0x080025c0       0x14 ./Core/Src/main.o
                0x080025c0                MDMA_TxErrorCallback
 .text.codecSetup
                0x080025d4      0x1fc ./Core/Src/main.o
                0x080025d4                codecSetup
 .text.Error_Handler
                0x080027d0        0xc ./Core/Src/main.o
                0x080027d0                Error_Handler
 .text.HAL_MspInit
                0x080027dc       0x34 ./Core/Src/stm32h7xx_hal_msp.o
                0x080027dc                HAL_MspInit
 .text.HAL_I2C_MspInit
                0x08002810       0xf8 ./Core/Src/stm32h7xx_hal_msp.o
                0x08002810                HAL_I2C_MspInit
 .text.HAL_UART_MspInit
                0x08002908       0x94 ./Core/Src/stm32h7xx_hal_msp.o
                0x08002908                HAL_UART_MspInit
 .text.HAL_SAI_MspInit
                0x0800299c      0x224 ./Core/Src/stm32h7xx_hal_msp.o
                0x0800299c                HAL_SAI_MspInit
 .text.NMI_Handler
                0x08002bc0        0x8 ./Core/Src/stm32h7xx_it.o
                0x08002bc0                NMI_Handler
 .text.HardFault_Handler
                0x08002bc8        0x8 ./Core/Src/stm32h7xx_it.o
                0x08002bc8                HardFault_Handler
 .text.MemManage_Handler
                0x08002bd0        0x8 ./Core/Src/stm32h7xx_it.o
                0x08002bd0                MemManage_Handler
 .text.BusFault_Handler
                0x08002bd8        0x8 ./Core/Src/stm32h7xx_it.o
                0x08002bd8                BusFault_Handler
 .text.UsageFault_Handler
                0x08002be0        0x8 ./Core/Src/stm32h7xx_it.o
                0x08002be0                UsageFault_Handler
 .text.SVC_Handler
                0x08002be8        0xe ./Core/Src/stm32h7xx_it.o
                0x08002be8                SVC_Handler
 .text.DebugMon_Handler
                0x08002bf6        0xe ./Core/Src/stm32h7xx_it.o
                0x08002bf6                DebugMon_Handler
 .text.PendSV_Handler
                0x08002c04        0xe ./Core/Src/stm32h7xx_it.o
                0x08002c04                PendSV_Handler
 .text.SysTick_Handler
                0x08002c12        0xc ./Core/Src/stm32h7xx_it.o
                0x08002c12                SysTick_Handler
 *fill*         0x08002c1e        0x2 
 .text.DMA1_Stream0_IRQHandler
                0x08002c20       0x14 ./Core/Src/stm32h7xx_it.o
                0x08002c20                DMA1_Stream0_IRQHandler
 .text.DMA1_Stream1_IRQHandler
                0x08002c34       0x14 ./Core/Src/stm32h7xx_it.o
                0x08002c34                DMA1_Stream1_IRQHandler
 .text.MDMA_IRQHandler
                0x08002c48       0x1c ./Core/Src/stm32h7xx_it.o
                0x08002c48                MDMA_IRQHandler
 .text.Reset_Handler
                0x08002c64       0x54 ./Core/Startup/startup_stm32h755zitx.o
                0x08002c64                Reset_Handler
 .text.Default_Handler
                0x08002cb8        0x2 ./Core/Startup/startup_stm32h755zitx.o
                0x08002cb8                RTC_Alarm_IRQHandler
                0x08002cb8                HASH_RNG_IRQHandler
                0x08002cb8                EXTI2_IRQHandler
                0x08002cb8                TIM8_CC_IRQHandler
                0x08002cb8                HRTIM1_Master_IRQHandler
                0x08002cb8                UART8_IRQHandler
                0x08002cb8                SPI4_IRQHandler
                0x08002cb8                TIM1_CC_IRQHandler
                0x08002cb8                BDMA_Channel6_IRQHandler
                0x08002cb8                DMA2_Stream5_IRQHandler
                0x08002cb8                HRTIM1_FLT_IRQHandler
                0x08002cb8                JPEG_IRQHandler
                0x08002cb8                DMA1_Stream5_IRQHandler
                0x08002cb8                BDMA_Channel1_IRQHandler
                0x08002cb8                HRTIM1_TIMD_IRQHandler
                0x08002cb8                TAMP_STAMP_IRQHandler
                0x08002cb8                EXTI3_IRQHandler
                0x08002cb8                LPTIM4_IRQHandler
                0x08002cb8                TIM8_TRG_COM_TIM14_IRQHandler
                0x08002cb8                LPTIM2_IRQHandler
                0x08002cb8                DFSDM1_FLT1_IRQHandler
                0x08002cb8                DMAMUX2_OVR_IRQHandler
                0x08002cb8                TIM8_UP_TIM13_IRQHandler
                0x08002cb8                I2C3_ER_IRQHandler
                0x08002cb8                DFSDM1_FLT2_IRQHandler
                0x08002cb8                LPTIM3_IRQHandler
                0x08002cb8                HSEM1_IRQHandler
                0x08002cb8                EXTI0_IRQHandler
                0x08002cb8                I2C2_EV_IRQHandler
                0x08002cb8                DMA1_Stream2_IRQHandler
                0x08002cb8                FPU_IRQHandler
                0x08002cb8                OTG_HS_WKUP_IRQHandler
                0x08002cb8                FDCAN1_IT1_IRQHandler
                0x08002cb8                LTDC_ER_IRQHandler
                0x08002cb8                DMA2_Stream2_IRQHandler
                0x08002cb8                HRTIM1_TIME_IRQHandler
                0x08002cb8                SPI1_IRQHandler
                0x08002cb8                TIM6_DAC_IRQHandler
                0x08002cb8                DCMI_IRQHandler
                0x08002cb8                HRTIM1_TIMC_IRQHandler
                0x08002cb8                DMA2_Stream3_IRQHandler
                0x08002cb8                SAI2_IRQHandler
                0x08002cb8                DFSDM1_FLT3_IRQHandler
                0x08002cb8                USART6_IRQHandler
                0x08002cb8                TIM17_IRQHandler
                0x08002cb8                USART3_IRQHandler
                0x08002cb8                BDMA_Channel7_IRQHandler
                0x08002cb8                CRYP_IRQHandler
                0x08002cb8                LPTIM5_IRQHandler
                0x08002cb8                UART5_IRQHandler
                0x08002cb8                ADC3_IRQHandler
                0x08002cb8                DMA2_Stream0_IRQHandler
                0x08002cb8                TIM4_IRQHandler
                0x08002cb8                BDMA_Channel2_IRQHandler
                0x08002cb8                QUADSPI_IRQHandler
                0x08002cb8                I2C1_EV_IRQHandler
                0x08002cb8                DMA1_Stream6_IRQHandler
                0x08002cb8                DMAMUX1_OVR_IRQHandler
                0x08002cb8                TIM16_IRQHandler
                0x08002cb8                UART4_IRQHandler
                0x08002cb8                BDMA_Channel5_IRQHandler
                0x08002cb8                TIM3_IRQHandler
                0x08002cb8                RCC_IRQHandler
                0x08002cb8                TIM8_BRK_TIM12_IRQHandler
                0x08002cb8                TIM1_TRG_COM_IRQHandler
                0x08002cb8                Default_Handler
                0x08002cb8                ECC_IRQHandler
                0x08002cb8                CEC_IRQHandler
                0x08002cb8                EXTI15_10_IRQHandler
                0x08002cb8                BDMA_Channel0_IRQHandler
                0x08002cb8                ADC_IRQHandler
                0x08002cb8                DMA1_Stream7_IRQHandler
                0x08002cb8                HRTIM1_TIMA_IRQHandler
                0x08002cb8                SPI5_IRQHandler
                0x08002cb8                TIM7_IRQHandler
                0x08002cb8                SDMMC1_IRQHandler
                0x08002cb8                TIM5_IRQHandler
                0x08002cb8                DMA2_Stream7_IRQHandler
                0x08002cb8                TIM15_IRQHandler
                0x08002cb8                PVD_AVD_IRQHandler
                0x08002cb8                I2C3_EV_IRQHandler
                0x08002cb8                EXTI9_5_IRQHandler
                0x08002cb8                RTC_WKUP_IRQHandler
                0x08002cb8                LTDC_IRQHandler
                0x08002cb8                SAI3_IRQHandler
                0x08002cb8                ETH_WKUP_IRQHandler
                0x08002cb8                SPDIF_RX_IRQHandler
                0x08002cb8                SPI2_IRQHandler
                0x08002cb8                OTG_HS_EP1_IN_IRQHandler
                0x08002cb8                CRS_IRQHandler
                0x08002cb8                CM7_SEV_IRQHandler
                0x08002cb8                EXTI4_IRQHandler
                0x08002cb8                CM4_SEV_IRQHandler
                0x08002cb8                HRTIM1_TIMB_IRQHandler
                0x08002cb8                FDCAN2_IT1_IRQHandler
                0x08002cb8                ETH_IRQHandler
                0x08002cb8                TIM1_UP_IRQHandler
                0x08002cb8                WWDG_RST_IRQHandler
                0x08002cb8                BDMA_Channel4_IRQHandler
                0x08002cb8                OTG_HS_EP1_OUT_IRQHandler
                0x08002cb8                WWDG_IRQHandler
                0x08002cb8                SPI6_IRQHandler
                0x08002cb8                MDIOS_IRQHandler
                0x08002cb8                I2C4_EV_IRQHandler
                0x08002cb8                FDCAN2_IT0_IRQHandler
                0x08002cb8                LPUART1_IRQHandler
                0x08002cb8                FDCAN1_IT0_IRQHandler
                0x08002cb8                TIM2_IRQHandler
                0x08002cb8                OTG_FS_WKUP_IRQHandler
                0x08002cb8                OTG_HS_IRQHandler
                0x08002cb8                HSEM2_IRQHandler
                0x08002cb8                DMA2D_IRQHandler
                0x08002cb8                TIM1_BRK_IRQHandler
                0x08002cb8                EXTI1_IRQHandler
                0x08002cb8                SDMMC2_IRQHandler
                0x08002cb8                OTG_FS_EP1_OUT_IRQHandler
                0x08002cb8                BDMA_Channel3_IRQHandler
                0x08002cb8                HOLD_CORE_IRQHandler
                0x08002cb8                UART7_IRQHandler
                0x08002cb8                MDIOS_WKUP_IRQHandler
                0x08002cb8                USART2_IRQHandler
                0x08002cb8                DFSDM1_FLT0_IRQHandler
                0x08002cb8                SAI4_IRQHandler
                0x08002cb8                I2C2_ER_IRQHandler
                0x08002cb8                DMA2_Stream1_IRQHandler
                0x08002cb8                FLASH_IRQHandler
                0x08002cb8                DMA2_Stream4_IRQHandler
                0x08002cb8                USART1_IRQHandler
                0x08002cb8                OTG_FS_IRQHandler
                0x08002cb8                SPI3_IRQHandler
                0x08002cb8                WAKEUP_PIN_IRQHandler
                0x08002cb8                DMA1_Stream4_IRQHandler
                0x08002cb8                OTG_FS_EP1_IN_IRQHandler
                0x08002cb8                I2C1_ER_IRQHandler
                0x08002cb8                FMC_IRQHandler
                0x08002cb8                FDCAN_CAL_IRQHandler
                0x08002cb8                SWPMI1_IRQHandler
                0x08002cb8                COMP1_IRQHandler
                0x08002cb8                LPTIM1_IRQHandler
                0x08002cb8                I2C4_ER_IRQHandler
                0x08002cb8                DMA2_Stream6_IRQHandler
                0x08002cb8                SAI1_IRQHandler
                0x08002cb8                DMA1_Stream3_IRQHandler
 *fill*         0x08002cba        0x2 
 .text.BSP_PB_Init
                0x08002cbc       0xe4 ./Drivers/BSP/STM32H7xx_Nucleo/stm32h7xx_nucleo.o
                0x08002cbc                BSP_PB_Init
 .text.BSP_PB_Callback
                0x08002da0       0x16 ./Drivers/BSP/STM32H7xx_Nucleo/stm32h7xx_nucleo.o
                0x08002da0                BSP_PB_Callback
 .text.BUTTON_USER_EXTI_Callback
                0x08002db6        0xe ./Drivers/BSP/STM32H7xx_Nucleo/stm32h7xx_nucleo.o
 .text.HAL_Init
                0x08002dc4       0x78 ./Drivers/STM32H7xx_HAL_Driver/stm32h7xx_hal.o
                0x08002dc4                HAL_Init
 .text.HAL_InitTick
                0x08002e3c       0x6c ./Drivers/STM32H7xx_HAL_Driver/stm32h7xx_hal.o
                0x08002e3c                HAL_InitTick
 .text.HAL_IncTick
                0x08002ea8       0x28 ./Drivers/STM32H7xx_HAL_Driver/stm32h7xx_hal.o
                0x08002ea8                HAL_IncTick
 .text.HAL_GetTick
                0x08002ed0       0x18 ./Drivers/STM32H7xx_HAL_Driver/stm32h7xx_hal.o
                0x08002ed0                HAL_GetTick
 .text.HAL_Delay
                0x08002ee8       0x48 ./Drivers/STM32H7xx_HAL_Driver/stm32h7xx_hal.o
                0x08002ee8                HAL_Delay
 .text.HAL_GetREVID
                0x08002f30       0x18 ./Drivers/STM32H7xx_HAL_Driver/stm32h7xx_hal.o
                0x08002f30                HAL_GetREVID
 .text.__NVIC_SetPriorityGrouping
                0x08002f48       0x48 ./Drivers/STM32H7xx_HAL_Driver/stm32h7xx_hal_cortex.o
 .text.__NVIC_GetPriorityGrouping
                0x08002f90       0x1c ./Drivers/STM32H7xx_HAL_Driver/stm32h7xx_hal_cortex.o
 .text.__NVIC_EnableIRQ
                0x08002fac       0x3c ./Drivers/STM32H7xx_HAL_Driver/stm32h7xx_hal_cortex.o
 .text.__NVIC_SetPriority
                0x08002fe8       0x54 ./Drivers/STM32H7xx_HAL_Driver/stm32h7xx_hal_cortex.o
 .text.NVIC_EncodePriority
                0x0800303c       0x66 ./Drivers/STM32H7xx_HAL_Driver/stm32h7xx_hal_cortex.o
 *fill*         0x080030a2        0x2 
 .text.SysTick_Config
                0x080030a4       0x44 ./Drivers/STM32H7xx_HAL_Driver/stm32h7xx_hal_cortex.o
 .text.HAL_NVIC_SetPriorityGrouping
                0x080030e8       0x16 ./Drivers/STM32H7xx_HAL_Driver/stm32h7xx_hal_cortex.o
                0x080030e8                HAL_NVIC_SetPriorityGrouping
 .text.HAL_NVIC_SetPriority
                0x080030fe       0x34 ./Drivers/STM32H7xx_HAL_Driver/stm32h7xx_hal_cortex.o
                0x080030fe                HAL_NVIC_SetPriority
 .text.HAL_NVIC_EnableIRQ
                0x08003132       0x1c ./Drivers/STM32H7xx_HAL_Driver/stm32h7xx_hal_cortex.o
                0x08003132                HAL_NVIC_EnableIRQ
 .text.HAL_SYSTICK_Config
                0x0800314e       0x18 ./Drivers/STM32H7xx_HAL_Driver/stm32h7xx_hal_cortex.o
                0x0800314e                HAL_SYSTICK_Config
 *fill*         0x08003166        0x2 
 .text.HAL_DMA_Init
                0x08003168      0x6b8 ./Drivers/STM32H7xx_HAL_Driver/stm32h7xx_hal_dma.o
                0x08003168                HAL_DMA_Init
 .text.HAL_DMA_Start_IT
                0x08003820      0x4d4 ./Drivers/STM32H7xx_HAL_Driver/stm32h7xx_hal_dma.o
                0x08003820                HAL_DMA_Start_IT
 .text.HAL_DMA_IRQHandler
                0x08003cf4      0xe54 ./Drivers/STM32H7xx_HAL_Driver/stm32h7xx_hal_dma.o
                0x08003cf4                HAL_DMA_IRQHandler
 .text.HAL_DMA_GetError
                0x08004b48       0x18 ./Drivers/STM32H7xx_HAL_Driver/stm32h7xx_hal_dma.o
                0x08004b48                HAL_DMA_GetError
 .text.DMA_SetConfig
                0x08004b60      0x358 ./Drivers/STM32H7xx_HAL_Driver/stm32h7xx_hal_dma.o
 .text.DMA_CalcBaseAndBitshift
                0x08004eb8      0x164 ./Drivers/STM32H7xx_HAL_Driver/stm32h7xx_hal_dma.o
 .text.DMA_CheckFifoParam
                0x0800501c       0xf8 ./Drivers/STM32H7xx_HAL_Driver/stm32h7xx_hal_dma.o
 .text.DMA_CalcDMAMUXChannelBaseAndMask
                0x08005114      0x134 ./Drivers/STM32H7xx_HAL_Driver/stm32h7xx_hal_dma.o
 .text.DMA_CalcDMAMUXRequestGenBaseAndMask
                0x08005248       0xe8 ./Drivers/STM32H7xx_HAL_Driver/stm32h7xx_hal_dma.o
 .text.HAL_DMAEx_ConfigMuxSync
                0x08005330      0x18c ./Drivers/STM32H7xx_HAL_Driver/stm32h7xx_hal_dma_ex.o
                0x08005330                HAL_DMAEx_ConfigMuxSync
 .text.HAL_EXTI_RegisterCallback
                0x080054bc       0x3e ./Drivers/STM32H7xx_HAL_Driver/stm32h7xx_hal_exti.o
                0x080054bc                HAL_EXTI_RegisterCallback
 .text.HAL_EXTI_GetHandle
                0x080054fa       0x28 ./Drivers/STM32H7xx_HAL_Driver/stm32h7xx_hal_exti.o
                0x080054fa                HAL_EXTI_GetHandle
 *fill*         0x08005522        0x2 
 .text.HAL_GPIO_Init
                0x08005524      0x360 ./Drivers/STM32H7xx_HAL_Driver/stm32h7xx_hal_gpio.o
                0x08005524                HAL_GPIO_Init
 .text.HAL_GPIO_WritePin
                0x08005884       0x32 ./Drivers/STM32H7xx_HAL_Driver/stm32h7xx_hal_gpio.o
                0x08005884                HAL_GPIO_WritePin
 *fill*         0x080058b6        0x2 
 .text.HAL_HSEM_FastTake
                0x080058b8       0x34 ./Drivers/STM32H7xx_HAL_Driver/stm32h7xx_hal_hsem.o
                0x080058b8                HAL_HSEM_FastTake
 .text.HAL_HSEM_Release
                0x080058ec       0x28 ./Drivers/STM32H7xx_HAL_Driver/stm32h7xx_hal_hsem.o
                0x080058ec                HAL_HSEM_Release
 .text.HAL_I2C_Init
                0x08005914      0x138 ./Drivers/STM32H7xx_HAL_Driver/stm32h7xx_hal_i2c.o
                0x08005914                HAL_I2C_Init
 .text.HAL_I2C_Mem_Write
                0x08005a4c      0x228 ./Drivers/STM32H7xx_HAL_Driver/stm32h7xx_hal_i2c.o
                0x08005a4c                HAL_I2C_Mem_Write
 .text.HAL_I2C_Mem_Read
                0x08005c74      0x234 ./Drivers/STM32H7xx_HAL_Driver/stm32h7xx_hal_i2c.o
                0x08005c74                HAL_I2C_Mem_Read
 .text.I2C_RequestMemoryWrite
                0x08005ea8       0xa8 ./Drivers/STM32H7xx_HAL_Driver/stm32h7xx_hal_i2c.o
 .text.I2C_RequestMemoryRead
                0x08005f50       0xa8 ./Drivers/STM32H7xx_HAL_Driver/stm32h7xx_hal_i2c.o
 .text.I2C_Flush_TXDR
                0x08005ff8       0x48 ./Drivers/STM32H7xx_HAL_Driver/stm32h7xx_hal_i2c.o
 .text.I2C_WaitOnFlagUntilTimeout
                0x08006040       0xb2 ./Drivers/STM32H7xx_HAL_Driver/stm32h7xx_hal_i2c.o
 .text.I2C_WaitOnTXISFlagUntilTimeout
                0x080060f2       0x8e ./Drivers/STM32H7xx_HAL_Driver/stm32h7xx_hal_i2c.o
 .text.I2C_WaitOnSTOPFlagUntilTimeout
                0x08006180       0x86 ./Drivers/STM32H7xx_HAL_Driver/stm32h7xx_hal_i2c.o
 *fill*         0x08006206        0x2 
 .text.I2C_IsErrorOccurred
                0x08006208      0x1c0 ./Drivers/STM32H7xx_HAL_Driver/stm32h7xx_hal_i2c.o
 .text.I2C_TransferConfig
                0x080063c8       0x64 ./Drivers/STM32H7xx_HAL_Driver/stm32h7xx_hal_i2c.o
 .text.HAL_I2CEx_ConfigAnalogFilter
                0x0800642c       0x96 ./Drivers/STM32H7xx_HAL_Driver/stm32h7xx_hal_i2c_ex.o
                0x0800642c                HAL_I2CEx_ConfigAnalogFilter
 .text.HAL_I2CEx_ConfigDigitalFilter
                0x080064c2       0x98 ./Drivers/STM32H7xx_HAL_Driver/stm32h7xx_hal_i2c_ex.o
                0x080064c2                HAL_I2CEx_ConfigDigitalFilter
 .text.HAL_MDMA_Init
                0x0800655a       0x98 ./Drivers/STM32H7xx_HAL_Driver/stm32h7xx_hal_mdma.o
                0x0800655a                HAL_MDMA_Init
 *fill*         0x080065f2        0x2 
 .text.HAL_MDMA_RegisterCallback
                0x080065f4       0xb4 ./Drivers/STM32H7xx_HAL_Driver/stm32h7xx_hal_mdma.o
                0x080065f4                HAL_MDMA_RegisterCallback
 .text.HAL_MDMA_LinkedList_CreateNode
                0x080066a8      0x1b8 ./Drivers/STM32H7xx_HAL_Driver/stm32h7xx_hal_mdma.o
                0x080066a8                HAL_MDMA_LinkedList_CreateNode
 .text.HAL_MDMA_LinkedList_AddNode
                0x08006860      0x188 ./Drivers/STM32H7xx_HAL_Driver/stm32h7xx_hal_mdma.o
                0x08006860                HAL_MDMA_LinkedList_AddNode
 .text.HAL_MDMA_LinkedList_EnableCircularMode
                0x080069e8       0x86 ./Drivers/STM32H7xx_HAL_Driver/stm32h7xx_hal_mdma.o
                0x080069e8                HAL_MDMA_LinkedList_EnableCircularMode
 .text.HAL_MDMA_Start_IT
                0x08006a6e      0x102 ./Drivers/STM32H7xx_HAL_Driver/stm32h7xx_hal_mdma.o
                0x08006a6e                HAL_MDMA_Start_IT
 .text.HAL_MDMA_GenerateSWRequest
                0x08006b70       0x74 ./Drivers/STM32H7xx_HAL_Driver/stm32h7xx_hal_mdma.o
                0x08006b70                HAL_MDMA_GenerateSWRequest
 .text.HAL_MDMA_IRQHandler
                0x08006be4      0x2a8 ./Drivers/STM32H7xx_HAL_Driver/stm32h7xx_hal_mdma.o
                0x08006be4                HAL_MDMA_IRQHandler
 .text.MDMA_SetConfig
                0x08006e8c       0xe0 ./Drivers/STM32H7xx_HAL_Driver/stm32h7xx_hal_mdma.o
 .text.MDMA_Init
                0x08006f6c      0x130 ./Drivers/STM32H7xx_HAL_Driver/stm32h7xx_hal_mdma.o
 .text.HAL_PWREx_ConfigSupply
                0x0800709c       0xb4 ./Drivers/STM32H7xx_HAL_Driver/stm32h7xx_hal_pwr_ex.o
                0x0800709c                HAL_PWREx_ConfigSupply
 .text.HAL_RCC_OscConfig
                0x08007150      0x8b4 ./Drivers/STM32H7xx_HAL_Driver/stm32h7xx_hal_rcc.o
                0x08007150                HAL_RCC_OscConfig
 .text.HAL_RCC_ClockConfig
                0x08007a04      0x36c ./Drivers/STM32H7xx_HAL_Driver/stm32h7xx_hal_rcc.o
                0x08007a04                HAL_RCC_ClockConfig
 .text.HAL_RCC_GetSysClockFreq
                0x08007d70      0x2f4 ./Drivers/STM32H7xx_HAL_Driver/stm32h7xx_hal_rcc.o
                0x08007d70                HAL_RCC_GetSysClockFreq
 .text.HAL_RCC_GetHCLKFreq
                0x08008064       0x60 ./Drivers/STM32H7xx_HAL_Driver/stm32h7xx_hal_rcc.o
                0x08008064                HAL_RCC_GetHCLKFreq
 .text.HAL_RCC_GetPCLK1Freq
                0x080080c4       0x2c ./Drivers/STM32H7xx_HAL_Driver/stm32h7xx_hal_rcc.o
                0x080080c4                HAL_RCC_GetPCLK1Freq
 .text.HAL_RCC_GetPCLK2Freq
                0x080080f0       0x2c ./Drivers/STM32H7xx_HAL_Driver/stm32h7xx_hal_rcc.o
                0x080080f0                HAL_RCC_GetPCLK2Freq
 .text.HAL_RCCEx_PeriphCLKConfig
                0x0800811c     0x1414 ./Drivers/STM32H7xx_HAL_Driver/stm32h7xx_hal_rcc_ex.o
                0x0800811c                HAL_RCCEx_PeriphCLKConfig
 .text.HAL_RCCEx_GetPeriphCLKFreq
                0x08009530      0xb00 ./Drivers/STM32H7xx_HAL_Driver/stm32h7xx_hal_rcc_ex.o
                0x08009530                HAL_RCCEx_GetPeriphCLKFreq
 .text.HAL_RCCEx_GetD3PCLK1Freq
                0x0800a030       0x2c ./Drivers/STM32H7xx_HAL_Driver/stm32h7xx_hal_rcc_ex.o
                0x0800a030                HAL_RCCEx_GetD3PCLK1Freq
 .text.HAL_RCCEx_GetPLL2ClockFreq
                0x0800a05c      0x2a8 ./Drivers/STM32H7xx_HAL_Driver/stm32h7xx_hal_rcc_ex.o
                0x0800a05c                HAL_RCCEx_GetPLL2ClockFreq
 .text.HAL_RCCEx_GetPLL3ClockFreq
                0x0800a304      0x2a8 ./Drivers/STM32H7xx_HAL_Driver/stm32h7xx_hal_rcc_ex.o
                0x0800a304                HAL_RCCEx_GetPLL3ClockFreq
 .text.HAL_RCCEx_GetPLL1ClockFreq
                0x0800a5ac      0x2a4 ./Drivers/STM32H7xx_HAL_Driver/stm32h7xx_hal_rcc_ex.o
                0x0800a5ac                HAL_RCCEx_GetPLL1ClockFreq
 .text.RCCEx_PLL2_Config
                0x0800a850      0x164 ./Drivers/STM32H7xx_HAL_Driver/stm32h7xx_hal_rcc_ex.o
 .text.RCCEx_PLL3_Config
                0x0800a9b4      0x164 ./Drivers/STM32H7xx_HAL_Driver/stm32h7xx_hal_rcc_ex.o
 .text.HAL_SAI_InitProtocol
                0x0800ab18       0x62 ./Drivers/STM32H7xx_HAL_Driver/stm32h7xx_hal_sai.o
                0x0800ab18                HAL_SAI_InitProtocol
 *fill*         0x0800ab7a        0x2 
 .text.HAL_SAI_Init
                0x0800ab7c      0x554 ./Drivers/STM32H7xx_HAL_Driver/stm32h7xx_hal_sai.o
                0x0800ab7c                HAL_SAI_Init
 .text.HAL_SAI_Transmit_DMA
                0x0800b0d0      0x16c ./Drivers/STM32H7xx_HAL_Driver/stm32h7xx_hal_sai.o
                0x0800b0d0                HAL_SAI_Transmit_DMA
 .text.HAL_SAI_Receive_DMA
                0x0800b23c      0x128 ./Drivers/STM32H7xx_HAL_Driver/stm32h7xx_hal_sai.o
                0x0800b23c                HAL_SAI_Receive_DMA
 .text.HAL_SAI_TxCpltCallback
                0x0800b364       0x14 ./Drivers/STM32H7xx_HAL_Driver/stm32h7xx_hal_sai.o
                0x0800b364                HAL_SAI_TxCpltCallback
 .text.HAL_SAI_TxHalfCpltCallback
                0x0800b378       0x14 ./Drivers/STM32H7xx_HAL_Driver/stm32h7xx_hal_sai.o
                0x0800b378                HAL_SAI_TxHalfCpltCallback
 .text.HAL_SAI_ErrorCallback
                0x0800b38c       0x14 ./Drivers/STM32H7xx_HAL_Driver/stm32h7xx_hal_sai.o
                0x0800b38c                HAL_SAI_ErrorCallback
 .text.SAI_InitI2S
                0x0800b3a0      0x164 ./Drivers/STM32H7xx_HAL_Driver/stm32h7xx_hal_sai.o
 .text.SAI_InitPCM
                0x0800b504      0x104 ./Drivers/STM32H7xx_HAL_Driver/stm32h7xx_hal_sai.o
 .text.SAI_InterruptFlag
                0x0800b608       0x6e ./Drivers/STM32H7xx_HAL_Driver/stm32h7xx_hal_sai.o
 *fill*         0x0800b676        0x2 
 .text.SAI_Disable
                0x0800b678       0x74 ./Drivers/STM32H7xx_HAL_Driver/stm32h7xx_hal_sai.o
 .text.SAI_DMATxCplt
                0x0800b6ec       0x60 ./Drivers/STM32H7xx_HAL_Driver/stm32h7xx_hal_sai.o
 .text.SAI_DMATxHalfCplt
                0x0800b74c       0x1c ./Drivers/STM32H7xx_HAL_Driver/stm32h7xx_hal_sai.o
 .text.SAI_DMARxCplt
                0x0800b768       0x60 ./Drivers/STM32H7xx_HAL_Driver/stm32h7xx_hal_sai.o
 .text.SAI_DMARxHalfCplt
                0x0800b7c8       0x1c ./Drivers/STM32H7xx_HAL_Driver/stm32h7xx_hal_sai.o
 .text.SAI_DMAError
                0x0800b7e4       0x5e ./Drivers/STM32H7xx_HAL_Driver/stm32h7xx_hal_sai.o
 .text.HAL_UART_Init
                0x0800b842       0xa0 ./Drivers/STM32H7xx_HAL_Driver/stm32h7xx_hal_uart.o
                0x0800b842                HAL_UART_Init
 *fill*         0x0800b8e2        0x2 
 .text.UART_SetConfig
                0x0800b8e4      0xad0 ./Drivers/STM32H7xx_HAL_Driver/stm32h7xx_hal_uart.o
                0x0800b8e4                UART_SetConfig
 .text.UART_AdvFeatureConfig
                0x0800c3b4      0x144 ./Drivers/STM32H7xx_HAL_Driver/stm32h7xx_hal_uart.o
                0x0800c3b4                UART_AdvFeatureConfig
 .text.UART_CheckIdleState
                0x0800c4f8      0x154 ./Drivers/STM32H7xx_HAL_Driver/stm32h7xx_hal_uart.o
                0x0800c4f8                UART_CheckIdleState
 .text.UART_WaitOnFlagUntilTimeout
                0x0800c64c       0xda ./Drivers/STM32H7xx_HAL_Driver/stm32h7xx_hal_uart.o
                0x0800c64c                UART_WaitOnFlagUntilTimeout
 *fill*         0x0800c726        0x2 
 .text.UART_EndRxTransfer
                0x0800c728       0xcc ./Drivers/STM32H7xx_HAL_Driver/stm32h7xx_hal_uart.o
 .text.HAL_UARTEx_DisableFifoMode
                0x0800c7f4       0x72 ./Drivers/STM32H7xx_HAL_Driver/stm32h7xx_hal_uart_ex.o
                0x0800c7f4                HAL_UARTEx_DisableFifoMode
 .text.HAL_UARTEx_SetTxFifoThreshold
                0x0800c866       0x7c ./Drivers/STM32H7xx_HAL_Driver/stm32h7xx_hal_uart_ex.o
                0x0800c866                HAL_UARTEx_SetTxFifoThreshold
 .text.HAL_UARTEx_SetRxFifoThreshold
                0x0800c8e2       0x7c ./Drivers/STM32H7xx_HAL_Driver/stm32h7xx_hal_uart_ex.o
                0x0800c8e2                HAL_UARTEx_SetRxFifoThreshold
 *fill*         0x0800c95e        0x2 
 .text.UARTEx_SetNbDataToProcess
                0x0800c960       0x9c ./Drivers/STM32H7xx_HAL_Driver/stm32h7xx_hal_uart_ex.o
 .text.arm_fir_q15
                0x0800c9fc      0x370 D:\Documents\01_Projects\Deersp\deersp\Audio_Matrix\CM7\Drivers\CMSIS\DSP\Lib\GCC\libarm_cortexM7lfdp_math.a(arm_fir_q15.o)
                0x0800c9fc                arm_fir_q15
 .text.arm_fir_init_q15
                0x0800cd6c       0x28 D:\Documents\01_Projects\Deersp\deersp\Audio_Matrix\CM7\Drivers\CMSIS\DSP\Lib\GCC\libarm_cortexM7lfdp_math.a(arm_fir_init_q15.o)
                0x0800cd6c                arm_fir_init_q15
 .text.memset   0x0800cd94       0x10 D:/Progams/STM32CubeIDE_1.18.0/STM32CubeIDE/plugins/com.st.stm32cube.ide.mcu.externaltools.gnu-tools-for-stm32.13.3.rel1.win32_1.0.0.202411081344/tools/bin/../lib/gcc/arm-none-eabi/13.3.1/../../../../arm-none-eabi/lib/thumb/v7e-m+dp/hard\libc_nano.a(libc_a-memset.o)
                0x0800cd94                memset
 .text.__libc_init_array
                0x0800cda4       0x48 D:/Progams/STM32CubeIDE_1.18.0/STM32CubeIDE/plugins/com.st.stm32cube.ide.mcu.externaltools.gnu-tools-for-stm32.13.3.rel1.win32_1.0.0.202411081344/tools/bin/../lib/gcc/arm-none-eabi/13.3.1/../../../../arm-none-eabi/lib/thumb/v7e-m+dp/hard\libc_nano.a(libc_a-init.o)
                0x0800cda4                __libc_init_array
 *(.glue_7)
 .glue_7        0x0800cdec        0x0 linker stubs
 *(.glue_7t)
 .glue_7t       0x0800cdec        0x0 linker stubs
 *(.eh_frame)
 .eh_frame      0x0800cdec        0x0 D:/Progams/STM32CubeIDE_1.18.0/STM32CubeIDE/plugins/com.st.stm32cube.ide.mcu.externaltools.gnu-tools-for-stm32.13.3.rel1.win32_1.0.0.202411081344/tools/bin/../lib/gcc/arm-none-eabi/13.3.1/thumb/v7e-m+dp/hard/crtbegin.o
 *(.init)
 .init          0x0800cdec        0x4 D:/Progams/STM32CubeIDE_1.18.0/STM32CubeIDE/plugins/com.st.stm32cube.ide.mcu.externaltools.gnu-tools-for-stm32.13.3.rel1.win32_1.0.0.202411081344/tools/bin/../lib/gcc/arm-none-eabi/13.3.1/thumb/v7e-m+dp/hard/crti.o
                0x0800cdec                _init
 .init          0x0800cdf0        0x8 D:/Progams/STM32CubeIDE_1.18.0/STM32CubeIDE/plugins/com.st.stm32cube.ide.mcu.externaltools.gnu-tools-for-stm32.13.3.rel1.win32_1.0.0.202411081344/tools/bin/../lib/gcc/arm-none-eabi/13.3.1/thumb/v7e-m+dp/hard/crtn.o
 *(.fini)
 .fini          0x0800cdf8        0x4 D:/Progams/STM32CubeIDE_1.18.0/STM32CubeIDE/plugins/com.st.stm32cube.ide.mcu.externaltools.gnu-tools-for-stm32.13.3.rel1.win32_1.0.0.202411081344/tools/bin/../lib/gcc/arm-none-eabi/13.3.1/thumb/v7e-m+dp/hard/crti.o
                0x0800cdf8                _fini
 .fini          0x0800cdfc        0x8 D:/Progams/STM32CubeIDE_1.18.0/STM32CubeIDE/plugins/com.st.stm32cube.ide.mcu.externaltools.gnu-tools-for-stm32.13.3.rel1.win32_1.0.0.202411081344/tools/bin/../lib/gcc/arm-none-eabi/13.3.1/thumb/v7e-m+dp/hard/crtn.o
                0x0800ce04                        . = ALIGN (0x4)
                0x0800ce04                        _etext = .

.vfp11_veneer   0x0800ce04        0x0
 .vfp11_veneer  0x0800ce04        0x0 linker stubs

.v4_bx          0x0800ce04        0x0
 .v4_bx         0x0800ce04        0x0 linker stubs

.iplt           0x0800ce04        0x0
 .iplt          0x0800ce04        0x0 D:/Progams/STM32CubeIDE_1.18.0/STM32CubeIDE/plugins/com.st.stm32cube.ide.mcu.externaltools.gnu-tools-for-stm32.13.3.rel1.win32_1.0.0.202411081344/tools/bin/../lib/gcc/arm-none-eabi/13.3.1/thumb/v7e-m+dp/hard/crtbegin.o

.rodata         0x0800ce04       0x9c
                0x0800ce04                        . = ALIGN (0x4)
 *(.rodata)
 .rodata        0x0800ce04       0x16 ./Core/Src/main.o
 *(.rodata*)
 *fill*         0x0800ce1a        0x2 
 .rodata.D1CorePrescTable
                0x0800ce1c       0x10 ./Common/Src/system_stm32h7xx_dualcore_boot_cm4_cm7.o
                0x0800ce1c                D1CorePrescTable
 .rodata.firCoeffsQ15
                0x0800ce2c       0x40 ./Core/Src/main.o
                0x0800ce2c                firCoeffsQ15
 .rodata.BUTTON_EXTI_LINE.2
                0x0800ce6c        0x4 ./Drivers/BSP/STM32H7xx_Nucleo/stm32h7xx_nucleo.o
 .rodata.flagBitshiftOffset.0
                0x0800ce70        0x8 ./Drivers/STM32H7xx_HAL_Driver/stm32h7xx_hal_dma.o
 .rodata.UARTPrescTable
                0x0800ce78       0x18 ./Drivers/STM32H7xx_HAL_Driver/stm32h7xx_hal_uart.o
                0x0800ce78                UARTPrescTable
 .rodata.numerator.1
                0x0800ce90        0x8 ./Drivers/STM32H7xx_HAL_Driver/stm32h7xx_hal_uart_ex.o
 .rodata.denominator.0
                0x0800ce98        0x8 ./Drivers/STM32H7xx_HAL_Driver/stm32h7xx_hal_uart_ex.o
                0x0800cea0                        . = ALIGN (0x4)

.ARM.extab      0x0800cea0        0x0
                0x0800cea0                        . = ALIGN (0x4)
 *(.ARM.extab* .gnu.linkonce.armextab.*)
                0x0800cea0                        . = ALIGN (0x4)

.ARM            0x0800cea0        0x8
                0x0800cea0                        . = ALIGN (0x4)
                0x0800cea0                        __exidx_start = .
 *(.ARM.exidx*)
 .ARM.exidx     0x0800cea0        0x8 D:/Progams/STM32CubeIDE_1.18.0/STM32CubeIDE/plugins/com.st.stm32cube.ide.mcu.externaltools.gnu-tools-for-stm32.13.3.rel1.win32_1.0.0.202411081344/tools/bin/../lib/gcc/arm-none-eabi/13.3.1/thumb/v7e-m+dp/hard\libgcc.a(_udivmoddi4.o)
                0x0800cea8                        __exidx_end = .
                0x0800cea8                        . = ALIGN (0x4)

.preinit_array  0x0800cea8        0x0
                0x0800cea8                        . = ALIGN (0x4)
                0x0800cea8                        PROVIDE (__preinit_array_start = .)
 *(.preinit_array*)
                0x0800cea8                        PROVIDE (__preinit_array_end = .)
                0x0800cea8                        . = ALIGN (0x4)

.init_array     0x0800cea8        0x4
                0x0800cea8                        . = ALIGN (0x4)
                0x0800cea8                        PROVIDE (__init_array_start = .)
 *(SORT_BY_NAME(.init_array.*))
 *(.init_array*)
 .init_array    0x0800cea8        0x4 D:/Progams/STM32CubeIDE_1.18.0/STM32CubeIDE/plugins/com.st.stm32cube.ide.mcu.externaltools.gnu-tools-for-stm32.13.3.rel1.win32_1.0.0.202411081344/tools/bin/../lib/gcc/arm-none-eabi/13.3.1/thumb/v7e-m+dp/hard/crtbegin.o
                0x0800ceac                        PROVIDE (__init_array_end = .)
                0x0800ceac                        . = ALIGN (0x4)

.fini_array     0x0800ceac        0x4
                0x0800ceac                        . = ALIGN (0x4)
                [!provide]                        PROVIDE (__fini_array_start = .)
 *(SORT_BY_NAME(.fini_array.*))
 *(.fini_array*)
 .fini_array    0x0800ceac        0x4 D:/Progams/STM32CubeIDE_1.18.0/STM32CubeIDE/plugins/com.st.stm32cube.ide.mcu.externaltools.gnu-tools-for-stm32.13.3.rel1.win32_1.0.0.202411081344/tools/bin/../lib/gcc/arm-none-eabi/13.3.1/thumb/v7e-m+dp/hard/crtbegin.o
                [!provide]                        PROVIDE (__fini_array_end = .)
                0x0800ceb0                        . = ALIGN (0x4)
                0x0800ceb0                        _sidata = LOADADDR (.data)

.rel.dyn        0x0800ceb0        0x0
 .rel.iplt      0x0800ceb0        0x0 D:/Progams/STM32CubeIDE_1.18.0/STM32CubeIDE/plugins/com.st.stm32cube.ide.mcu.externaltools.gnu-tools-for-stm32.13.3.rel1.win32_1.0.0.202411081344/tools/bin/../lib/gcc/arm-none-eabi/13.3.1/thumb/v7e-m+dp/hard/crtbegin.o

.data           0x24000000       0x20 load address 0x0800ceb0
                0x24000000                        . = ALIGN (0x4)
                0x24000000                        _sdata = .
 *(.data)
 *(.data*)
 .data.SystemCoreClock
                0x24000000        0x4 ./Common/Src/system_stm32h7xx_dualcore_boot_cm4_cm7.o
                0x24000000                SystemCoreClock
 .data.SystemD2Clock
                0x24000004        0x4 ./Common/Src/system_stm32h7xx_dualcore_boot_cm4_cm7.o
                0x24000004                SystemD2Clock
 .data.startUpRx
                0x24000008        0x1 ./Core/Src/main.o
                0x24000008                startUpRx
 .data.startUpTx
                0x24000009        0x1 ./Core/Src/main.o
                0x24000009                startUpTx
 *fill*         0x2400000a        0x2 
 .data.BUTTON_PORT
                0x2400000c        0x4 ./Drivers/BSP/STM32H7xx_Nucleo/stm32h7xx_nucleo.o
 .data.ButtonCallback.1
                0x24000010        0x4 ./Drivers/BSP/STM32H7xx_Nucleo/stm32h7xx_nucleo.o
 .data.BSP_BUTTON_PRIO.0
                0x24000014        0x4 ./Drivers/BSP/STM32H7xx_Nucleo/stm32h7xx_nucleo.o
 .data.uwTickPrio
                0x24000018        0x4 ./Drivers/STM32H7xx_HAL_Driver/stm32h7xx_hal.o
                0x24000018                uwTickPrio
 .data.uwTickFreq
                0x2400001c        0x1 ./Drivers/STM32H7xx_HAL_Driver/stm32h7xx_hal.o
                0x2400001c                uwTickFreq
 *(.RamFunc)
 *(.RamFunc*)
                0x24000020                        . = ALIGN (0x4)
 *fill*         0x2400001d        0x3 
                0x24000020                        _edata = .

.igot.plt       0x24000020        0x0 load address 0x0800ced0
 .igot.plt      0x24000020        0x0 D:/Progams/STM32CubeIDE_1.18.0/STM32CubeIDE/plugins/com.st.stm32cube.ide.mcu.externaltools.gnu-tools-for-stm32.13.3.rel1.win32_1.0.0.202411081344/tools/bin/../lib/gcc/arm-none-eabi/13.3.1/thumb/v7e-m+dp/hard/crtbegin.o
                0x24000020                        . = ALIGN (0x4)

.bss            0x24000020     0x1010 load address 0x0800ced0
                0x24000020                        _sbss = .
                0x24000020                        __bss_start__ = _sbss
 *(.bss)
 .bss           0x24000020       0x1c D:/Progams/STM32CubeIDE_1.18.0/STM32CubeIDE/plugins/com.st.stm32cube.ide.mcu.externaltools.gnu-tools-for-stm32.13.3.rel1.win32_1.0.0.202411081344/tools/bin/../lib/gcc/arm-none-eabi/13.3.1/thumb/v7e-m+dp/hard/crtbegin.o
 *(.bss*)
 .bss.hi2c2     0x2400003c       0x54 ./Core/Src/main.o
                0x2400003c                hi2c2
 .bss.hsai_BlockA1
                0x24000090       0x98 ./Core/Src/main.o
                0x24000090                hsai_BlockA1
 .bss.hsai_BlockB1
                0x24000128       0x98 ./Core/Src/main.o
                0x24000128                hsai_BlockB1
 .bss.hdma_sai1_a
                0x240001c0       0x78 ./Core/Src/main.o
                0x240001c0                hdma_sai1_a
 .bss.hdma_sai1_b
                0x24000238       0x78 ./Core/Src/main.o
                0x24000238                hdma_sai1_b
 .bss.huart3    0x240002b0       0x94 ./Core/Src/main.o
                0x240002b0                huart3
 .bss.hmdma_mdma_channel0_sw_0
                0x24000344       0x6c ./Core/Src/main.o
                0x24000344                hmdma_mdma_channel0_sw_0
 .bss.node_mdma_channel0_sw_1
                0x240003b0       0x28 ./Core/Src/main.o
                0x240003b0                node_mdma_channel0_sw_1
 .bss.node_mdma_channel0_sw_2
                0x240003d8       0x28 ./Core/Src/main.o
                0x240003d8                node_mdma_channel0_sw_2
 .bss.node_mdma_channel0_sw_3
                0x24000400       0x28 ./Core/Src/main.o
                0x24000400                node_mdma_channel0_sw_3
 .bss.node_mdma_channel0_sw_4
                0x24000428       0x28 ./Core/Src/main.o
                0x24000428                node_mdma_channel0_sw_4
 .bss.hmdma_mdma_channel2_sw_0
                0x24000450       0x6c ./Core/Src/main.o
                0x24000450                hmdma_mdma_channel2_sw_0
 *fill*         0x240004bc        0x4 
 .bss.node_mdma_channel2_sw_1
                0x240004c0       0x28 ./Core/Src/main.o
                0x240004c0                node_mdma_channel2_sw_1
 .bss.node_mdma_channel2_sw_2
                0x240004e8       0x28 ./Core/Src/main.o
                0x240004e8                node_mdma_channel2_sw_2
 .bss.node_mdma_channel2_sw_3
                0x24000510       0x28 ./Core/Src/main.o
                0x24000510                node_mdma_channel2_sw_3
 .bss.node_mdma_channel2_sw_4
                0x24000538       0x28 ./Core/Src/main.o
                0x24000538                node_mdma_channel2_sw_4
 .bss.aic3xHandle
                0x24000560        0xc ./Core/Src/main.o
                0x24000560                aic3xHandle
 *fill*         0x2400056c       0x14 
 .bss.sai_buffer_rx
                0x24000580      0x400 ./Core/Src/main.o
                0x24000580                sai_buffer_rx
 .bss.sai_buffer_tx
                0x24000980      0x400 ./Core/Src/main.o
                0x24000980                sai_buffer_tx
 .bss.audio_rx_status
                0x24000d80        0x1 ./Core/Src/main.o
                0x24000d80                audio_rx_status
 .bss.audio_dsp_status
                0x24000d81        0x1 ./Core/Src/main.o
                0x24000d81                audio_dsp_status
 .bss.audio_tx_status
                0x24000d82        0x1 ./Core/Src/main.o
                0x24000d82                audio_tx_status
 .bss.sai_status
                0x24000d83        0x1 ./Core/Src/main.o
                0x24000d83                sai_status
 .bss.transfercounter
                0x24000d84        0x4 ./Core/Src/main.o
                0x24000d84                transfercounter
 .bss.firStateQ15_ch1_l
                0x24000d88      0x13e ./Core/Src/main.o
 *fill*         0x24000ec6        0x2 
 .bss.firStateQ15_ch1_r
                0x24000ec8      0x13e ./Core/Src/main.o
 *fill*         0x24001006        0x2 
 .bss.firInstanceQ15_ch1_l
                0x24001008        0xc ./Core/Src/main.o
                0x24001008                firInstanceQ15_ch1_l
 .bss.firInstanceQ15_ch1_r
                0x24001014        0xc ./Core/Src/main.o
                0x24001014                firInstanceQ15_ch1_r
 .bss.SAI1_client
                0x24001020        0x4 ./Core/Src/stm32h7xx_hal_msp.o
 .bss.hpb_exti  0x24001024        0x8 ./Drivers/BSP/STM32H7xx_Nucleo/stm32h7xx_nucleo.o
                0x24001024                hpb_exti
 .bss.uwTick    0x2400102c        0x4 ./Drivers/STM32H7xx_HAL_Driver/stm32h7xx_hal.o
                0x2400102c                uwTick
 *(COMMON)
                0x24001030                        . = ALIGN (0x4)
                0x24001030                        _ebss = .
                0x24001030                        __bss_end__ = _ebss

.audiobuffer    0x20000000      0x800
                0x20000000                        . = ALIGN (0x4)
 *(.audiobuffer)
 .audiobuffer   0x20000000      0x800 ./Core/Src/main.o
                0x20000000                audio_buffer_rx_ch1_l
                0x20000200                audio_buffer_rx_ch1_r
                0x20000400                audio_buffer_tx_ch1_l
                0x20000600                audio_buffer_tx_ch1_r
                0x20000800                        . = ALIGN (0x4)

._user_heap_stack
                0x24001030      0x600
                0x24001030                        . = ALIGN (0x8)
                [!provide]                        PROVIDE (end = .)
                0x24001030                        PROVIDE (_end = .)
                0x24001230                        . = (. + _Min_Heap_Size)
 *fill*         0x24001030      0x200 
                0x24001630                        . = (. + _Min_Stack_Size)
 *fill*         0x24001230      0x400 
                0x24001630                        . = ALIGN (0x8)

/DISCARD/
 libc.a(*)
 libm.a(*)
 libgcc.a(*)

.ARM.attributes
                0x00000000       0x2e
 *(.ARM.attributes)
 .ARM.attributes
                0x00000000       0x20 D:/Progams/STM32CubeIDE_1.18.0/STM32CubeIDE/plugins/com.st.stm32cube.ide.mcu.externaltools.gnu-tools-for-stm32.13.3.rel1.win32_1.0.0.202411081344/tools/bin/../lib/gcc/arm-none-eabi/13.3.1/thumb/v7e-m+dp/hard/crti.o
 .ARM.attributes
                0x00000020       0x32 D:/Progams/STM32CubeIDE_1.18.0/STM32CubeIDE/plugins/com.st.stm32cube.ide.mcu.externaltools.gnu-tools-for-stm32.13.3.rel1.win32_1.0.0.202411081344/tools/bin/../lib/gcc/arm-none-eabi/13.3.1/thumb/v7e-m+dp/hard/crtbegin.o
 .ARM.attributes
                0x00000052       0x32 ./Common/Src/system_stm32h7xx_dualcore_boot_cm4_cm7.o
 .ARM.attributes
                0x00000084       0x32 ./Core/Src/aic3x.o
 .ARM.attributes
                0x000000b6       0x32 ./Core/Src/main.o
 .ARM.attributes
                0x000000e8       0x32 ./Core/Src/stm32h7xx_hal_msp.o
 .ARM.attributes
                0x0000011a       0x32 ./Core/Src/stm32h7xx_it.o
 .ARM.attributes
                0x0000014c       0x21 ./Core/Startup/startup_stm32h755zitx.o
 .ARM.attributes
                0x0000016d       0x32 ./Drivers/BSP/STM32H7xx_Nucleo/stm32h7xx_nucleo.o
 .ARM.attributes
                0x0000019f       0x32 ./Drivers/STM32H7xx_HAL_Driver/stm32h7xx_hal.o
 .ARM.attributes
                0x000001d1       0x32 ./Drivers/STM32H7xx_HAL_Driver/stm32h7xx_hal_cortex.o
 .ARM.attributes
                0x00000203       0x32 ./Drivers/STM32H7xx_HAL_Driver/stm32h7xx_hal_dma.o
 .ARM.attributes
                0x00000235       0x32 ./Drivers/STM32H7xx_HAL_Driver/stm32h7xx_hal_dma_ex.o
 .ARM.attributes
                0x00000267       0x32 ./Drivers/STM32H7xx_HAL_Driver/stm32h7xx_hal_exti.o
 .ARM.attributes
                0x00000299       0x32 ./Drivers/STM32H7xx_HAL_Driver/stm32h7xx_hal_gpio.o
 .ARM.attributes
                0x000002cb       0x32 ./Drivers/STM32H7xx_HAL_Driver/stm32h7xx_hal_hsem.o
 .ARM.attributes
                0x000002fd       0x32 ./Drivers/STM32H7xx_HAL_Driver/stm32h7xx_hal_i2c.o
 .ARM.attributes
                0x0000032f       0x32 ./Drivers/STM32H7xx_HAL_Driver/stm32h7xx_hal_i2c_ex.o
 .ARM.attributes
                0x00000361       0x32 ./Drivers/STM32H7xx_HAL_Driver/stm32h7xx_hal_mdma.o
 .ARM.attributes
                0x00000393       0x32 ./Drivers/STM32H7xx_HAL_Driver/stm32h7xx_hal_pwr_ex.o
 .ARM.attributes
                0x000003c5       0x32 ./Drivers/STM32H7xx_HAL_Driver/stm32h7xx_hal_rcc.o
 .ARM.attributes
                0x000003f7       0x32 ./Drivers/STM32H7xx_HAL_Driver/stm32h7xx_hal_rcc_ex.o
 .ARM.attributes
                0x00000429       0x32 ./Drivers/STM32H7xx_HAL_Driver/stm32h7xx_hal_sai.o
 .ARM.attributes
                0x0000045b       0x32 ./Drivers/STM32H7xx_HAL_Driver/stm32h7xx_hal_uart.o
 .ARM.attributes
                0x0000048d       0x32 ./Drivers/STM32H7xx_HAL_Driver/stm32h7xx_hal_uart_ex.o
 .ARM.attributes
                0x000004bf       0x32 D:\Documents\01_Projects\Deersp\deersp\Audio_Matrix\CM7\Drivers\CMSIS\DSP\Lib\GCC\libarm_cortexM7lfdp_math.a(arm_fir_q15.o)
 .ARM.attributes
                0x000004f1       0x32 D:\Documents\01_Projects\Deersp\deersp\Audio_Matrix\CM7\Drivers\CMSIS\DSP\Lib\GCC\libarm_cortexM7lfdp_math.a(arm_fir_init_q15.o)
 .ARM.attributes
                0x00000523       0x32 D:/Progams/STM32CubeIDE_1.18.0/STM32CubeIDE/plugins/com.st.stm32cube.ide.mcu.externaltools.gnu-tools-for-stm32.13.3.rel1.win32_1.0.0.202411081344/tools/bin/../lib/gcc/arm-none-eabi/13.3.1/../../../../arm-none-eabi/lib/thumb/v7e-m+dp/hard\libc_nano.a(libc_a-memset.o)
 .ARM.attributes
                0x00000555       0x32 D:/Progams/STM32CubeIDE_1.18.0/STM32CubeIDE/plugins/com.st.stm32cube.ide.mcu.externaltools.gnu-tools-for-stm32.13.3.rel1.win32_1.0.0.202411081344/tools/bin/../lib/gcc/arm-none-eabi/13.3.1/../../../../arm-none-eabi/lib/thumb/v7e-m+dp/hard\libc_nano.a(libc_a-init.o)
 .ARM.attributes
                0x00000587       0x20 D:/Progams/STM32CubeIDE_1.18.0/STM32CubeIDE/plugins/com.st.stm32cube.ide.mcu.externaltools.gnu-tools-for-stm32.13.3.rel1.win32_1.0.0.202411081344/tools/bin/../lib/gcc/arm-none-eabi/13.3.1/thumb/v7e-m+dp/hard\libgcc.a(_aeabi_uldivmod.o)
 .ARM.attributes
                0x000005a7       0x32 D:/Progams/STM32CubeIDE_1.18.0/STM32CubeIDE/plugins/com.st.stm32cube.ide.mcu.externaltools.gnu-tools-for-stm32.13.3.rel1.win32_1.0.0.202411081344/tools/bin/../lib/gcc/arm-none-eabi/13.3.1/thumb/v7e-m+dp/hard\libgcc.a(_udivmoddi4.o)
 .ARM.attributes
                0x000005d9       0x20 D:/Progams/STM32CubeIDE_1.18.0/STM32CubeIDE/plugins/com.st.stm32cube.ide.mcu.externaltools.gnu-tools-for-stm32.13.3.rel1.win32_1.0.0.202411081344/tools/bin/../lib/gcc/arm-none-eabi/13.3.1/thumb/v7e-m+dp/hard\libgcc.a(_dvmd_tls.o)
 .ARM.attributes
                0x000005f9       0x20 D:/Progams/STM32CubeIDE_1.18.0/STM32CubeIDE/plugins/com.st.stm32cube.ide.mcu.externaltools.gnu-tools-for-stm32.13.3.rel1.win32_1.0.0.202411081344/tools/bin/../lib/gcc/arm-none-eabi/13.3.1/thumb/v7e-m+dp/hard/crtn.o
OUTPUT(Audio_Matrix_CM7.elf elf32-littlearm)
LOAD linker stubs
LOAD D:/Progams/STM32CubeIDE_1.18.0/STM32CubeIDE/plugins/com.st.stm32cube.ide.mcu.externaltools.gnu-tools-for-stm32.13.3.rel1.win32_1.0.0.202411081344/tools/bin/../lib/gcc/arm-none-eabi/13.3.1/../../../../arm-none-eabi/lib/thumb/v7e-m+dp/hard\libc.a
LOAD D:/Progams/STM32CubeIDE_1.18.0/STM32CubeIDE/plugins/com.st.stm32cube.ide.mcu.externaltools.gnu-tools-for-stm32.13.3.rel1.win32_1.0.0.202411081344/tools/bin/../lib/gcc/arm-none-eabi/13.3.1/../../../../arm-none-eabi/lib/thumb/v7e-m+dp/hard\libm.a
LOAD D:/Progams/STM32CubeIDE_1.18.0/STM32CubeIDE/plugins/com.st.stm32cube.ide.mcu.externaltools.gnu-tools-for-stm32.13.3.rel1.win32_1.0.0.202411081344/tools/bin/../lib/gcc/arm-none-eabi/13.3.1/thumb/v7e-m+dp/hard\libgcc.a

.debug_info     0x00000000    0x1dedb
 .debug_info    0x00000000      0xe73 ./Common/Src/system_stm32h7xx_dualcore_boot_cm4_cm7.o
 .debug_info    0x00000e73     0x142d ./Core/Src/aic3x.o
 .debug_info    0x000022a0     0x3436 ./Core/Src/main.o
 .debug_info    0x000056d6     0x1936 ./Core/Src/stm32h7xx_hal_msp.o
 .debug_info    0x0000700c      0x82b ./Core/Src/stm32h7xx_it.o
 .debug_info    0x00007837       0x30 ./Core/Startup/startup_stm32h755zitx.o
 .debug_info    0x00007867      0xfe0 ./Drivers/BSP/STM32H7xx_Nucleo/stm32h7xx_nucleo.o
 .debug_info    0x00008847     0x177a ./Drivers/STM32H7xx_HAL_Driver/stm32h7xx_hal.o
 .debug_info    0x00009fc1     0x10d5 ./Drivers/STM32H7xx_HAL_Driver/stm32h7xx_hal_cortex.o
 .debug_info    0x0000b096      0xc43 ./Drivers/STM32H7xx_HAL_Driver/stm32h7xx_hal_dma.o
 .debug_info    0x0000bcd9      0x831 ./Drivers/STM32H7xx_HAL_Driver/stm32h7xx_hal_dma_ex.o
 .debug_info    0x0000c50a      0x9cc ./Drivers/STM32H7xx_HAL_Driver/stm32h7xx_hal_exti.o
 .debug_info    0x0000ced6      0xd06 ./Drivers/STM32H7xx_HAL_Driver/stm32h7xx_hal_gpio.o
 .debug_info    0x0000dbdc      0x3d3 ./Drivers/STM32H7xx_HAL_Driver/stm32h7xx_hal_hsem.o
 .debug_info    0x0000dfaf     0x22c9 ./Drivers/STM32H7xx_HAL_Driver/stm32h7xx_hal_i2c.o
 .debug_info    0x00010278      0xd84 ./Drivers/STM32H7xx_HAL_Driver/stm32h7xx_hal_i2c_ex.o
 .debug_info    0x00010ffc      0xbd2 ./Drivers/STM32H7xx_HAL_Driver/stm32h7xx_hal_mdma.o
 .debug_info    0x00011bce     0x1225 ./Drivers/STM32H7xx_HAL_Driver/stm32h7xx_hal_pwr_ex.o
 .debug_info    0x00012df3      0xe67 ./Drivers/STM32H7xx_HAL_Driver/stm32h7xx_hal_rcc.o
 .debug_info    0x00013c5a     0x1303 ./Drivers/STM32H7xx_HAL_Driver/stm32h7xx_hal_rcc_ex.o
 .debug_info    0x00014f5d     0x13d7 ./Drivers/STM32H7xx_HAL_Driver/stm32h7xx_hal_sai.o
 .debug_info    0x00016334     0x4b1d ./Drivers/STM32H7xx_HAL_Driver/stm32h7xx_hal_uart.o
 .debug_info    0x0001ae51      0xfbf ./Drivers/STM32H7xx_HAL_Driver/stm32h7xx_hal_uart_ex.o
 .debug_info    0x0001be10     0x14d4 D:\Documents\01_Projects\Deersp\deersp\Audio_Matrix\CM7\Drivers\CMSIS\DSP\Lib\GCC\libarm_cortexM7lfdp_math.a(arm_fir_q15.o)
 .debug_info    0x0001d2e4      0xbf7 D:\Documents\01_Projects\Deersp\deersp\Audio_Matrix\CM7\Drivers\CMSIS\DSP\Lib\GCC\libarm_cortexM7lfdp_math.a(arm_fir_init_q15.o)

.debug_abbrev   0x00000000     0x3a0e
 .debug_abbrev  0x00000000      0x165 ./Common/Src/system_stm32h7xx_dualcore_boot_cm4_cm7.o
 .debug_abbrev  0x00000165      0x224 ./Core/Src/aic3x.o
 .debug_abbrev  0x00000389      0x35c ./Core/Src/main.o
 .debug_abbrev  0x000006e5      0x281 ./Core/Src/stm32h7xx_hal_msp.o
 .debug_abbrev  0x00000966      0x16f ./Core/Src/stm32h7xx_it.o
 .debug_abbrev  0x00000ad5       0x24 ./Core/Startup/startup_stm32h755zitx.o
 .debug_abbrev  0x00000af9      0x2d4 ./Drivers/BSP/STM32H7xx_Nucleo/stm32h7xx_nucleo.o
 .debug_abbrev  0x00000dcd      0x295 ./Drivers/STM32H7xx_HAL_Driver/stm32h7xx_hal.o
 .debug_abbrev  0x00001062      0x339 ./Drivers/STM32H7xx_HAL_Driver/stm32h7xx_hal_cortex.o
 .debug_abbrev  0x0000139b      0x248 ./Drivers/STM32H7xx_HAL_Driver/stm32h7xx_hal_dma.o
 .debug_abbrev  0x000015e3      0x1cc ./Drivers/STM32H7xx_HAL_Driver/stm32h7xx_hal_dma_ex.o
 .debug_abbrev  0x000017af      0x212 ./Drivers/STM32H7xx_HAL_Driver/stm32h7xx_hal_exti.o
 .debug_abbrev  0x000019c1      0x205 ./Drivers/STM32H7xx_HAL_Driver/stm32h7xx_hal_gpio.o
 .debug_abbrev  0x00001bc6      0x1d3 ./Drivers/STM32H7xx_HAL_Driver/stm32h7xx_hal_hsem.o
 .debug_abbrev  0x00001d99      0x25d ./Drivers/STM32H7xx_HAL_Driver/stm32h7xx_hal_i2c.o
 .debug_abbrev  0x00001ff6      0x1f5 ./Drivers/STM32H7xx_HAL_Driver/stm32h7xx_hal_i2c_ex.o
 .debug_abbrev  0x000021eb      0x1ff ./Drivers/STM32H7xx_HAL_Driver/stm32h7xx_hal_mdma.o
 .debug_abbrev  0x000023ea      0x2d7 ./Drivers/STM32H7xx_HAL_Driver/stm32h7xx_hal_pwr_ex.o
 .debug_abbrev  0x000026c1      0x2c8 ./Drivers/STM32H7xx_HAL_Driver/stm32h7xx_hal_rcc.o
 .debug_abbrev  0x00002989      0x269 ./Drivers/STM32H7xx_HAL_Driver/stm32h7xx_hal_rcc_ex.o
 .debug_abbrev  0x00002bf2      0x28b ./Drivers/STM32H7xx_HAL_Driver/stm32h7xx_hal_sai.o
 .debug_abbrev  0x00002e7d      0x33d ./Drivers/STM32H7xx_HAL_Driver/stm32h7xx_hal_uart.o
 .debug_abbrev  0x000031ba      0x2d2 ./Drivers/STM32H7xx_HAL_Driver/stm32h7xx_hal_uart_ex.o
 .debug_abbrev  0x0000348c      0x343 D:\Documents\01_Projects\Deersp\deersp\Audio_Matrix\CM7\Drivers\CMSIS\DSP\Lib\GCC\libarm_cortexM7lfdp_math.a(arm_fir_q15.o)
 .debug_abbrev  0x000037cf      0x23f D:\Documents\01_Projects\Deersp\deersp\Audio_Matrix\CM7\Drivers\CMSIS\DSP\Lib\GCC\libarm_cortexM7lfdp_math.a(arm_fir_init_q15.o)

.debug_aranges  0x00000000     0x13a0
 .debug_aranges
                0x00000000       0x30 ./Common/Src/system_stm32h7xx_dualcore_boot_cm4_cm7.o
 .debug_aranges
                0x00000030       0xc0 ./Core/Src/aic3x.o
 .debug_aranges
                0x000000f0       0xa0 ./Core/Src/main.o
 .debug_aranges
                0x00000190       0x50 ./Core/Src/stm32h7xx_hal_msp.o
 .debug_aranges
                0x000001e0       0x78 ./Core/Src/stm32h7xx_it.o
 .debug_aranges
                0x00000258       0x28 ./Core/Startup/startup_stm32h755zitx.o
 .debug_aranges
                0x00000280       0x80 ./Drivers/BSP/STM32H7xx_Nucleo/stm32h7xx_nucleo.o
 .debug_aranges
                0x00000300      0x200 ./Drivers/STM32H7xx_HAL_Driver/stm32h7xx_hal.o
 .debug_aranges
                0x00000500      0x130 ./Drivers/STM32H7xx_HAL_Driver/stm32h7xx_hal_cortex.o
 .debug_aranges
                0x00000630       0xa0 ./Drivers/STM32H7xx_HAL_Driver/stm32h7xx_hal_dma.o
 .debug_aranges
                0x000006d0       0x60 ./Drivers/STM32H7xx_HAL_Driver/stm32h7xx_hal_dma_ex.o
 .debug_aranges
                0x00000730       0x60 ./Drivers/STM32H7xx_HAL_Driver/stm32h7xx_hal_exti.o
 .debug_aranges
                0x00000790       0x58 ./Drivers/STM32H7xx_HAL_Driver/stm32h7xx_hal_gpio.o
 .debug_aranges
                0x000007e8       0x70 ./Drivers/STM32H7xx_HAL_Driver/stm32h7xx_hal_hsem.o
 .debug_aranges
                0x00000858      0x2a0 ./Drivers/STM32H7xx_HAL_Driver/stm32h7xx_hal_i2c.o
 .debug_aranges
                0x00000af8       0x48 ./Drivers/STM32H7xx_HAL_Driver/stm32h7xx_hal_i2c_ex.o
 .debug_aranges
                0x00000b40       0xc0 ./Drivers/STM32H7xx_HAL_Driver/stm32h7xx_hal_mdma.o
 .debug_aranges
                0x00000c00      0x170 ./Drivers/STM32H7xx_HAL_Driver/stm32h7xx_hal_pwr_ex.o
 .debug_aranges
                0x00000d70       0x88 ./Drivers/STM32H7xx_HAL_Driver/stm32h7xx_hal_rcc.o
 .debug_aranges
                0x00000df8      0x100 ./Drivers/STM32H7xx_HAL_Driver/stm32h7xx_hal_rcc_ex.o
 .debug_aranges
                0x00000ef8      0x178 ./Drivers/STM32H7xx_HAL_Driver/stm32h7xx_hal_sai.o
 .debug_aranges
                0x00001070      0x248 ./Drivers/STM32H7xx_HAL_Driver/stm32h7xx_hal_uart.o
 .debug_aranges
                0x000012b8       0xa8 ./Drivers/STM32H7xx_HAL_Driver/stm32h7xx_hal_uart_ex.o
 .debug_aranges
                0x00001360       0x20 D:\Documents\01_Projects\Deersp\deersp\Audio_Matrix\CM7\Drivers\CMSIS\DSP\Lib\GCC\libarm_cortexM7lfdp_math.a(arm_fir_q15.o)
 .debug_aranges
                0x00001380       0x20 D:\Documents\01_Projects\Deersp\deersp\Audio_Matrix\CM7\Drivers\CMSIS\DSP\Lib\GCC\libarm_cortexM7lfdp_math.a(arm_fir_init_q15.o)

.debug_rnglists
                0x00000000      0xf2c
 .debug_rnglists
                0x00000000       0x21 ./Common/Src/system_stm32h7xx_dualcore_boot_cm4_cm7.o
 .debug_rnglists
                0x00000021       0x98 ./Core/Src/aic3x.o
 .debug_rnglists
                0x000000b9       0x7e ./Core/Src/main.o
 .debug_rnglists
                0x00000137       0x3b ./Core/Src/stm32h7xx_hal_msp.o
 .debug_rnglists
                0x00000172       0x55 ./Core/Src/stm32h7xx_it.o
 .debug_rnglists
                0x000001c7       0x19 ./Core/Startup/startup_stm32h755zitx.o
 .debug_rnglists
                0x000001e0       0x5d ./Drivers/BSP/STM32H7xx_Nucleo/stm32h7xx_nucleo.o
 .debug_rnglists
                0x0000023d      0x180 ./Drivers/STM32H7xx_HAL_Driver/stm32h7xx_hal.o
 .debug_rnglists
                0x000003bd       0xe0 ./Drivers/STM32H7xx_HAL_Driver/stm32h7xx_hal_cortex.o
 .debug_rnglists
                0x0000049d       0x82 ./Drivers/STM32H7xx_HAL_Driver/stm32h7xx_hal_dma.o
 .debug_rnglists
                0x0000051f       0x4a ./Drivers/STM32H7xx_HAL_Driver/stm32h7xx_hal_dma_ex.o
 .debug_rnglists
                0x00000569       0x46 ./Drivers/STM32H7xx_HAL_Driver/stm32h7xx_hal_exti.o
 .debug_rnglists
                0x000005af       0x3f ./Drivers/STM32H7xx_HAL_Driver/stm32h7xx_hal_gpio.o
 .debug_rnglists
                0x000005ee       0x4f ./Drivers/STM32H7xx_HAL_Driver/stm32h7xx_hal_hsem.o
 .debug_rnglists
                0x0000063d      0x22a ./Drivers/STM32H7xx_HAL_Driver/stm32h7xx_hal_i2c.o
 .debug_rnglists
                0x00000867       0x35 ./Drivers/STM32H7xx_HAL_Driver/stm32h7xx_hal_i2c_ex.o
 .debug_rnglists
                0x0000089c       0x9c ./Drivers/STM32H7xx_HAL_Driver/stm32h7xx_hal_mdma.o
 .debug_rnglists
                0x00000938      0x117 ./Drivers/STM32H7xx_HAL_Driver/stm32h7xx_hal_pwr_ex.o
 .debug_rnglists
                0x00000a4f       0x68 ./Drivers/STM32H7xx_HAL_Driver/stm32h7xx_hal_rcc.o
 .debug_rnglists
                0x00000ab7       0xc6 ./Drivers/STM32H7xx_HAL_Driver/stm32h7xx_hal_rcc_ex.o
 .debug_rnglists
                0x00000b7d      0x136 ./Drivers/STM32H7xx_HAL_Driver/stm32h7xx_hal_sai.o
 .debug_rnglists
                0x00000cb3      0x1fa ./Drivers/STM32H7xx_HAL_Driver/stm32h7xx_hal_uart.o
 .debug_rnglists
                0x00000ead       0x7f ./Drivers/STM32H7xx_HAL_Driver/stm32h7xx_hal_uart_ex.o

.debug_macro    0x00000000    0x3bd2f
 .debug_macro   0x00000000      0x2ad ./Common/Src/system_stm32h7xx_dualcore_boot_cm4_cm7.o
 .debug_macro   0x000002ad      0xb02 ./Common/Src/system_stm32h7xx_dualcore_boot_cm4_cm7.o
 .debug_macro   0x00000daf       0x2e ./Common/Src/system_stm32h7xx_dualcore_boot_cm4_cm7.o
 .debug_macro   0x00000ddd       0x49 ./Common/Src/system_stm32h7xx_dualcore_boot_cm4_cm7.o
 .debug_macro   0x00000e26       0x22 ./Common/Src/system_stm32h7xx_dualcore_boot_cm4_cm7.o
 .debug_macro   0x00000e48       0x8e ./Common/Src/system_stm32h7xx_dualcore_boot_cm4_cm7.o
 .debug_macro   0x00000ed6       0x51 ./Common/Src/system_stm32h7xx_dualcore_boot_cm4_cm7.o
 .debug_macro   0x00000f27      0x103 ./Common/Src/system_stm32h7xx_dualcore_boot_cm4_cm7.o
 .debug_macro   0x0000102a       0x6a ./Common/Src/system_stm32h7xx_dualcore_boot_cm4_cm7.o
 .debug_macro   0x00001094      0x1df ./Common/Src/system_stm32h7xx_dualcore_boot_cm4_cm7.o
 .debug_macro   0x00001273       0x1c ./Common/Src/system_stm32h7xx_dualcore_boot_cm4_cm7.o
 .debug_macro   0x0000128f       0x22 ./Common/Src/system_stm32h7xx_dualcore_boot_cm4_cm7.o
 .debug_macro   0x000012b1       0xfb ./Common/Src/system_stm32h7xx_dualcore_boot_cm4_cm7.o
 .debug_macro   0x000013ac     0x1305 ./Common/Src/system_stm32h7xx_dualcore_boot_cm4_cm7.o
 .debug_macro   0x000026b1      0x11f ./Common/Src/system_stm32h7xx_dualcore_boot_cm4_cm7.o
 .debug_macro   0x000027d0       0x27 ./Common/Src/system_stm32h7xx_dualcore_boot_cm4_cm7.o
 .debug_macro   0x000027f7    0x2769e ./Common/Src/system_stm32h7xx_dualcore_boot_cm4_cm7.o
 .debug_macro   0x00029e95       0x6d ./Common/Src/system_stm32h7xx_dualcore_boot_cm4_cm7.o
 .debug_macro   0x00029f02      0x238 ./Common/Src/system_stm32h7xx_dualcore_boot_cm4_cm7.o
 .debug_macro   0x0002a13a     0x3d79 ./Common/Src/system_stm32h7xx_dualcore_boot_cm4_cm7.o
 .debug_macro   0x0002deb3      0x190 ./Common/Src/system_stm32h7xx_dualcore_boot_cm4_cm7.o
 .debug_macro   0x0002e043       0x61 ./Common/Src/system_stm32h7xx_dualcore_boot_cm4_cm7.o
 .debug_macro   0x0002e0a4       0x29 ./Common/Src/system_stm32h7xx_dualcore_boot_cm4_cm7.o
 .debug_macro   0x0002e0cd       0x43 ./Common/Src/system_stm32h7xx_dualcore_boot_cm4_cm7.o
 .debug_macro   0x0002e110       0x34 ./Common/Src/system_stm32h7xx_dualcore_boot_cm4_cm7.o
 .debug_macro   0x0002e144      0x370 ./Common/Src/system_stm32h7xx_dualcore_boot_cm4_cm7.o
 .debug_macro   0x0002e4b4       0x16 ./Common/Src/system_stm32h7xx_dualcore_boot_cm4_cm7.o
 .debug_macro   0x0002e4ca       0x4a ./Common/Src/system_stm32h7xx_dualcore_boot_cm4_cm7.o
 .debug_macro   0x0002e514       0x34 ./Common/Src/system_stm32h7xx_dualcore_boot_cm4_cm7.o
 .debug_macro   0x0002e548       0x10 ./Common/Src/system_stm32h7xx_dualcore_boot_cm4_cm7.o
 .debug_macro   0x0002e558       0x58 ./Common/Src/system_stm32h7xx_dualcore_boot_cm4_cm7.o
 .debug_macro   0x0002e5b0       0x8e ./Common/Src/system_stm32h7xx_dualcore_boot_cm4_cm7.o
 .debug_macro   0x0002e63e       0x1c ./Common/Src/system_stm32h7xx_dualcore_boot_cm4_cm7.o
 .debug_macro   0x0002e65a      0x185 ./Common/Src/system_stm32h7xx_dualcore_boot_cm4_cm7.o
 .debug_macro   0x0002e7df      0x19b ./Common/Src/system_stm32h7xx_dualcore_boot_cm4_cm7.o
 .debug_macro   0x0002e97a       0x5d ./Common/Src/system_stm32h7xx_dualcore_boot_cm4_cm7.o
 .debug_macro   0x0002e9d7     0x3b99 ./Common/Src/system_stm32h7xx_dualcore_boot_cm4_cm7.o
 .debug_macro   0x00032570     0x1072 ./Common/Src/system_stm32h7xx_dualcore_boot_cm4_cm7.o
 .debug_macro   0x000335e2      0x154 ./Common/Src/system_stm32h7xx_dualcore_boot_cm4_cm7.o
 .debug_macro   0x00033736      0x130 ./Common/Src/system_stm32h7xx_dualcore_boot_cm4_cm7.o
 .debug_macro   0x00033866      0x3c2 ./Common/Src/system_stm32h7xx_dualcore_boot_cm4_cm7.o
 .debug_macro   0x00033c28       0xac ./Common/Src/system_stm32h7xx_dualcore_boot_cm4_cm7.o
 .debug_macro   0x00033cd4      0x72d ./Common/Src/system_stm32h7xx_dualcore_boot_cm4_cm7.o
 .debug_macro   0x00034401      0x228 ./Common/Src/system_stm32h7xx_dualcore_boot_cm4_cm7.o
 .debug_macro   0x00034629       0x66 ./Common/Src/system_stm32h7xx_dualcore_boot_cm4_cm7.o
 .debug_macro   0x0003468f      0x3bb ./Common/Src/system_stm32h7xx_dualcore_boot_cm4_cm7.o
 .debug_macro   0x00034a4a      0x407 ./Common/Src/system_stm32h7xx_dualcore_boot_cm4_cm7.o
 .debug_macro   0x00034e51      0x27c ./Common/Src/system_stm32h7xx_dualcore_boot_cm4_cm7.o
 .debug_macro   0x000350cd      0x3ca ./Common/Src/system_stm32h7xx_dualcore_boot_cm4_cm7.o
 .debug_macro   0x00035497      0x4a2 ./Common/Src/system_stm32h7xx_dualcore_boot_cm4_cm7.o
 .debug_macro   0x00035939       0x51 ./Common/Src/system_stm32h7xx_dualcore_boot_cm4_cm7.o
 .debug_macro   0x0003598a       0x4a ./Common/Src/system_stm32h7xx_dualcore_boot_cm4_cm7.o
 .debug_macro   0x000359d4      0x22c ./Common/Src/system_stm32h7xx_dualcore_boot_cm4_cm7.o
 .debug_macro   0x00035c00       0x67 ./Common/Src/system_stm32h7xx_dualcore_boot_cm4_cm7.o
 .debug_macro   0x00035c67       0xa5 ./Common/Src/system_stm32h7xx_dualcore_boot_cm4_cm7.o
 .debug_macro   0x00035d0c      0x218 ./Common/Src/system_stm32h7xx_dualcore_boot_cm4_cm7.o
 .debug_macro   0x00035f24      0x2ea ./Common/Src/system_stm32h7xx_dualcore_boot_cm4_cm7.o
 .debug_macro   0x0003620e       0x35 ./Common/Src/system_stm32h7xx_dualcore_boot_cm4_cm7.o
 .debug_macro   0x00036243      0x3bb ./Common/Src/system_stm32h7xx_dualcore_boot_cm4_cm7.o
 .debug_macro   0x000365fe       0x10 ./Common/Src/system_stm32h7xx_dualcore_boot_cm4_cm7.o
 .debug_macro   0x0003660e       0xe4 ./Common/Src/system_stm32h7xx_dualcore_boot_cm4_cm7.o
 .debug_macro   0x000366f2      0x693 ./Common/Src/system_stm32h7xx_dualcore_boot_cm4_cm7.o
 .debug_macro   0x00036d85       0xa6 ./Common/Src/system_stm32h7xx_dualcore_boot_cm4_cm7.o
 .debug_macro   0x00036e2b      0x7a4 ./Common/Src/system_stm32h7xx_dualcore_boot_cm4_cm7.o
 .debug_macro   0x000375cf      0x3e5 ./Core/Src/aic3x.o
 .debug_macro   0x000379b4       0x22 ./Core/Src/aic3x.o
 .debug_macro   0x000379d6      0x305 ./Core/Src/aic3x.o
 .debug_macro   0x00037cdb      0x432 ./Core/Src/main.o
 .debug_macro   0x0003810d       0x2e ./Core/Src/main.o
 .debug_macro   0x0003813b       0x52 ./Core/Src/main.o
 .debug_macro   0x0003818d       0xc7 ./Core/Src/main.o
 .debug_macro   0x00038254       0x10 ./Core/Src/main.o
 .debug_macro   0x00038264       0x1c ./Core/Src/main.o
 .debug_macro   0x00038280       0x3c ./Core/Src/main.o
 .debug_macro   0x000382bc       0x10 ./Core/Src/main.o
 .debug_macro   0x000382cc       0x1c ./Core/Src/main.o
 .debug_macro   0x000382e8       0x16 ./Core/Src/main.o
 .debug_macro   0x000382fe      0x146 ./Core/Src/main.o
 .debug_macro   0x00038444       0x16 ./Core/Src/main.o
 .debug_macro   0x0003845a       0x20 ./Core/Src/main.o
 .debug_macro   0x0003847a      0x201 ./Core/Src/main.o
 .debug_macro   0x0003867b       0xc8 ./Core/Src/main.o
 .debug_macro   0x00038743      0x2dd ./Core/Src/stm32h7xx_hal_msp.o
 .debug_macro   0x00038a20      0x2e7 ./Core/Src/stm32h7xx_it.o
 .debug_macro   0x00038d07      0x2d4 ./Drivers/BSP/STM32H7xx_Nucleo/stm32h7xx_nucleo.o
 .debug_macro   0x00038fdb       0x28 ./Drivers/BSP/STM32H7xx_Nucleo/stm32h7xx_nucleo.o
 .debug_macro   0x00039003      0x2d7 ./Drivers/STM32H7xx_HAL_Driver/stm32h7xx_hal.o
 .debug_macro   0x000392da      0x2ad ./Drivers/STM32H7xx_HAL_Driver/stm32h7xx_hal_cortex.o
 .debug_macro   0x00039587      0x301 ./Drivers/STM32H7xx_HAL_Driver/stm32h7xx_hal_dma.o
 .debug_macro   0x00039888      0x2ad ./Drivers/STM32H7xx_HAL_Driver/stm32h7xx_hal_dma_ex.o
 .debug_macro   0x00039b35      0x2bb ./Drivers/STM32H7xx_HAL_Driver/stm32h7xx_hal_exti.o
 .debug_macro   0x00039df0      0x2c1 ./Drivers/STM32H7xx_HAL_Driver/stm32h7xx_hal_gpio.o
 .debug_macro   0x0003a0b1      0x2bf ./Drivers/STM32H7xx_HAL_Driver/stm32h7xx_hal_hsem.o
 .debug_macro   0x0003a370      0x379 ./Drivers/STM32H7xx_HAL_Driver/stm32h7xx_hal_i2c.o
 .debug_macro   0x0003a6e9      0x2ad ./Drivers/STM32H7xx_HAL_Driver/stm32h7xx_hal_i2c_ex.o
 .debug_macro   0x0003a996      0x2bc ./Drivers/STM32H7xx_HAL_Driver/stm32h7xx_hal_mdma.o
 .debug_macro   0x0003ac52      0x2e6 ./Drivers/STM32H7xx_HAL_Driver/stm32h7xx_hal_pwr_ex.o
 .debug_macro   0x0003af38      0x2d1 ./Drivers/STM32H7xx_HAL_Driver/stm32h7xx_hal_rcc.o
 .debug_macro   0x0003b209      0x2cb ./Drivers/STM32H7xx_HAL_Driver/stm32h7xx_hal_rcc_ex.o
 .debug_macro   0x0003b4d4      0x2ca ./Drivers/STM32H7xx_HAL_Driver/stm32h7xx_hal_sai.o
 .debug_macro   0x0003b79e      0x2d8 ./Drivers/STM32H7xx_HAL_Driver/stm32h7xx_hal_uart.o
 .debug_macro   0x0003ba76      0x2b9 ./Drivers/STM32H7xx_HAL_Driver/stm32h7xx_hal_uart_ex.o

.debug_line     0x00000000    0x1ea5e
 .debug_line    0x00000000      0xb53 ./Common/Src/system_stm32h7xx_dualcore_boot_cm4_cm7.o
 .debug_line    0x00000b53     0x10ee ./Core/Src/aic3x.o
 .debug_line    0x00001c41     0x1638 ./Core/Src/main.o
 .debug_line    0x00003279      0xb55 ./Core/Src/stm32h7xx_hal_msp.o
 .debug_line    0x00003dce      0xa67 ./Core/Src/stm32h7xx_it.o
 .debug_line    0x00004835       0x7b ./Core/Startup/startup_stm32h755zitx.o
 .debug_line    0x000048b0      0xbe0 ./Drivers/BSP/STM32H7xx_Nucleo/stm32h7xx_nucleo.o
 .debug_line    0x00005490     0x1067 ./Drivers/STM32H7xx_HAL_Driver/stm32h7xx_hal.o
 .debug_line    0x000064f7      0xefe ./Drivers/STM32H7xx_HAL_Driver/stm32h7xx_hal_cortex.o
 .debug_line    0x000073f5     0x2889 ./Drivers/STM32H7xx_HAL_Driver/stm32h7xx_hal_dma.o
 .debug_line    0x00009c7e     0x123d ./Drivers/STM32H7xx_HAL_Driver/stm32h7xx_hal_dma_ex.o
 .debug_line    0x0000aebb      0xe61 ./Drivers/STM32H7xx_HAL_Driver/stm32h7xx_hal_exti.o
 .debug_line    0x0000bd1c      0xd91 ./Drivers/STM32H7xx_HAL_Driver/stm32h7xx_hal_gpio.o
 .debug_line    0x0000caad      0xaa6 ./Drivers/STM32H7xx_HAL_Driver/stm32h7xx_hal_hsem.o
 .debug_line    0x0000d553     0x3c7f ./Drivers/STM32H7xx_HAL_Driver/stm32h7xx_hal_i2c.o
 .debug_line    0x000111d2      0xa96 ./Drivers/STM32H7xx_HAL_Driver/stm32h7xx_hal_i2c_ex.o
 .debug_line    0x00011c68     0x1568 ./Drivers/STM32H7xx_HAL_Driver/stm32h7xx_hal_mdma.o
 .debug_line    0x000131d0     0x11d1 ./Drivers/STM32H7xx_HAL_Driver/stm32h7xx_hal_pwr_ex.o
 .debug_line    0x000143a1     0x15af ./Drivers/STM32H7xx_HAL_Driver/stm32h7xx_hal_rcc.o
 .debug_line    0x00015950     0x1ed3 ./Drivers/STM32H7xx_HAL_Driver/stm32h7xx_hal_rcc_ex.o
 .debug_line    0x00017823     0x1ec1 ./Drivers/STM32H7xx_HAL_Driver/stm32h7xx_hal_sai.o
 .debug_line    0x000196e4     0x398f ./Drivers/STM32H7xx_HAL_Driver/stm32h7xx_hal_uart.o
 .debug_line    0x0001d073      0xe9e ./Drivers/STM32H7xx_HAL_Driver/stm32h7xx_hal_uart_ex.o
 .debug_line    0x0001df11      0x8a8 D:\Documents\01_Projects\Deersp\deersp\Audio_Matrix\CM7\Drivers\CMSIS\DSP\Lib\GCC\libarm_cortexM7lfdp_math.a(arm_fir_q15.o)
 .debug_line    0x0001e7b9      0x2a5 D:\Documents\01_Projects\Deersp\deersp\Audio_Matrix\CM7\Drivers\CMSIS\DSP\Lib\GCC\libarm_cortexM7lfdp_math.a(arm_fir_init_q15.o)

.debug_str      0x00000000   0x183fb6
 .debug_str     0x00000000   0x183fb6 ./Common/Src/system_stm32h7xx_dualcore_boot_cm4_cm7.o
                             0x1790bb (size before relaxing)
 .debug_str     0x00183fb6   0x17abd6 ./Core/Src/aic3x.o
 .debug_str     0x00183fb6   0x17df2e ./Core/Src/main.o
 .debug_str     0x00183fb6   0x17a395 ./Core/Src/stm32h7xx_hal_msp.o
 .debug_str     0x00183fb6   0x1797ee ./Core/Src/stm32h7xx_it.o
 .debug_str     0x00183fb6       0x82 ./Core/Startup/startup_stm32h755zitx.o
 .debug_str     0x00183fb6   0x179faf ./Drivers/BSP/STM32H7xx_Nucleo/stm32h7xx_nucleo.o
 .debug_str     0x00183fb6   0x17a128 ./Drivers/STM32H7xx_HAL_Driver/stm32h7xx_hal.o
 .debug_str     0x00183fb6   0x17998f ./Drivers/STM32H7xx_HAL_Driver/stm32h7xx_hal_cortex.o
 .debug_str     0x00183fb6   0x179729 ./Drivers/STM32H7xx_HAL_Driver/stm32h7xx_hal_dma.o
 .debug_str     0x00183fb6   0x1790b4 ./Drivers/STM32H7xx_HAL_Driver/stm32h7xx_hal_dma_ex.o
 .debug_str     0x00183fb6   0x178e6c ./Drivers/STM32H7xx_HAL_Driver/stm32h7xx_hal_exti.o
 .debug_str     0x00183fb6   0x17901a ./Drivers/STM32H7xx_HAL_Driver/stm32h7xx_hal_gpio.o
 .debug_str     0x00183fb6   0x178ca5 ./Drivers/STM32H7xx_HAL_Driver/stm32h7xx_hal_hsem.o
 .debug_str     0x00183fb6   0x17a045 ./Drivers/STM32H7xx_HAL_Driver/stm32h7xx_hal_i2c.o
 .debug_str     0x00183fb6   0x1793e9 ./Drivers/STM32H7xx_HAL_Driver/stm32h7xx_hal_i2c_ex.o
 .debug_str     0x00183fb6   0x179321 ./Drivers/STM32H7xx_HAL_Driver/stm32h7xx_hal_mdma.o
 .debug_str     0x00183fb6   0x179525 ./Drivers/STM32H7xx_HAL_Driver/stm32h7xx_hal_pwr_ex.o
 .debug_str     0x00183fb6   0x17939b ./Drivers/STM32H7xx_HAL_Driver/stm32h7xx_hal_rcc.o
 .debug_str     0x00183fb6   0x1798d0 ./Drivers/STM32H7xx_HAL_Driver/stm32h7xx_hal_rcc_ex.o
 .debug_str     0x00183fb6   0x17964b ./Drivers/STM32H7xx_HAL_Driver/stm32h7xx_hal_sai.o
 .debug_str     0x00183fb6   0x179ec9 ./Drivers/STM32H7xx_HAL_Driver/stm32h7xx_hal_uart.o
 .debug_str     0x00183fb6   0x179489 ./Drivers/STM32H7xx_HAL_Driver/stm32h7xx_hal_uart_ex.o
 .debug_str     0x00183fb6      0x77e D:\Documents\01_Projects\Deersp\deersp\Audio_Matrix\CM7\Drivers\CMSIS\DSP\Lib\GCC\libarm_cortexM7lfdp_math.a(arm_fir_q15.o)
 .debug_str     0x00183fb6      0x769 D:\Documents\01_Projects\Deersp\deersp\Audio_Matrix\CM7\Drivers\CMSIS\DSP\Lib\GCC\libarm_cortexM7lfdp_math.a(arm_fir_init_q15.o)

.comment        0x00000000       0xb8
 .comment       0x00000000       0xb8 ./Common/Src/system_stm32h7xx_dualcore_boot_cm4_cm7.o
                                 0x44 (size before relaxing)
 .comment       0x000000b8       0x44 ./Core/Src/aic3x.o
 .comment       0x000000b8       0x44 ./Core/Src/main.o
 .comment       0x000000b8       0x44 ./Core/Src/stm32h7xx_hal_msp.o
 .comment       0x000000b8       0x44 ./Core/Src/stm32h7xx_it.o
 .comment       0x000000b8       0x44 ./Drivers/BSP/STM32H7xx_Nucleo/stm32h7xx_nucleo.o
 .comment       0x000000b8       0x44 ./Drivers/STM32H7xx_HAL_Driver/stm32h7xx_hal.o
 .comment       0x000000b8       0x44 ./Drivers/STM32H7xx_HAL_Driver/stm32h7xx_hal_cortex.o
 .comment       0x000000b8       0x44 ./Drivers/STM32H7xx_HAL_Driver/stm32h7xx_hal_dma.o
 .comment       0x000000b8       0x44 ./Drivers/STM32H7xx_HAL_Driver/stm32h7xx_hal_dma_ex.o
 .comment       0x000000b8       0x44 ./Drivers/STM32H7xx_HAL_Driver/stm32h7xx_hal_exti.o
 .comment       0x000000b8       0x44 ./Drivers/STM32H7xx_HAL_Driver/stm32h7xx_hal_gpio.o
 .comment       0x000000b8       0x44 ./Drivers/STM32H7xx_HAL_Driver/stm32h7xx_hal_hsem.o
 .comment       0x000000b8       0x44 ./Drivers/STM32H7xx_HAL_Driver/stm32h7xx_hal_i2c.o
 .comment       0x000000b8       0x44 ./Drivers/STM32H7xx_HAL_Driver/stm32h7xx_hal_i2c_ex.o
 .comment       0x000000b8       0x44 ./Drivers/STM32H7xx_HAL_Driver/stm32h7xx_hal_mdma.o
 .comment       0x000000b8       0x44 ./Drivers/STM32H7xx_HAL_Driver/stm32h7xx_hal_pwr_ex.o
 .comment       0x000000b8       0x44 ./Drivers/STM32H7xx_HAL_Driver/stm32h7xx_hal_rcc.o
 .comment       0x000000b8       0x44 ./Drivers/STM32H7xx_HAL_Driver/stm32h7xx_hal_rcc_ex.o
 .comment       0x000000b8       0x44 ./Drivers/STM32H7xx_HAL_Driver/stm32h7xx_hal_sai.o
 .comment       0x000000b8       0x44 ./Drivers/STM32H7xx_HAL_Driver/stm32h7xx_hal_uart.o
 .comment       0x000000b8       0x44 ./Drivers/STM32H7xx_HAL_Driver/stm32h7xx_hal_uart_ex.o
 .comment       0x000000b8       0x76 D:\Documents\01_Projects\Deersp\deersp\Audio_Matrix\CM7\Drivers\CMSIS\DSP\Lib\GCC\libarm_cortexM7lfdp_math.a(arm_fir_q15.o)
 .comment       0x000000b8       0x76 D:\Documents\01_Projects\Deersp\deersp\Audio_Matrix\CM7\Drivers\CMSIS\DSP\Lib\GCC\libarm_cortexM7lfdp_math.a(arm_fir_init_q15.o)

.debug_frame    0x00000000     0x51d8
 .debug_frame   0x00000000       0x78 ./Common/Src/system_stm32h7xx_dualcore_boot_cm4_cm7.o
 .debug_frame   0x00000078      0x318 ./Core/Src/aic3x.o
 .debug_frame   0x00000390      0x25c ./Core/Src/main.o
 .debug_frame   0x000005ec      0x114 ./Core/Src/stm32h7xx_hal_msp.o
 .debug_frame   0x00000700      0x158 ./Core/Src/stm32h7xx_it.o
 .debug_frame   0x00000858      0x1dc ./Drivers/BSP/STM32H7xx_Nucleo/stm32h7xx_nucleo.o
 .debug_frame   0x00000a34      0x848 ./Drivers/STM32H7xx_HAL_Driver/stm32h7xx_hal.o
 .debug_frame   0x0000127c      0x508 ./Drivers/STM32H7xx_HAL_Driver/stm32h7xx_hal_cortex.o
 .debug_frame   0x00001784      0x2b4 ./Drivers/STM32H7xx_HAL_Driver/stm32h7xx_hal_dma.o
 .debug_frame   0x00001a38      0x174 ./Drivers/STM32H7xx_HAL_Driver/stm32h7xx_hal_dma_ex.o
 .debug_frame   0x00001bac      0x16c ./Drivers/STM32H7xx_HAL_Driver/stm32h7xx_hal_exti.o
 .debug_frame   0x00001d18      0x14c ./Drivers/STM32H7xx_HAL_Driver/stm32h7xx_hal_gpio.o
 .debug_frame   0x00001e64      0x1bc ./Drivers/STM32H7xx_HAL_Driver/stm32h7xx_hal_hsem.o
 .debug_frame   0x00002020      0xc40 ./Drivers/STM32H7xx_HAL_Driver/stm32h7xx_hal_i2c.o
 .debug_frame   0x00002c60      0x100 ./Drivers/STM32H7xx_HAL_Driver/stm32h7xx_hal_i2c_ex.o
 .debug_frame   0x00002d60      0x34c ./Drivers/STM32H7xx_HAL_Driver/stm32h7xx_hal_mdma.o
 .debug_frame   0x000030ac      0x5ec ./Drivers/STM32H7xx_HAL_Driver/stm32h7xx_hal_pwr_ex.o
 .debug_frame   0x00003698      0x1f8 ./Drivers/STM32H7xx_HAL_Driver/stm32h7xx_hal_rcc.o
 .debug_frame   0x00003890      0x43c ./Drivers/STM32H7xx_HAL_Driver/stm32h7xx_hal_rcc_ex.o
 .debug_frame   0x00003ccc      0x69c ./Drivers/STM32H7xx_HAL_Driver/stm32h7xx_hal_sai.o
 .debug_frame   0x00004368      0xa94 ./Drivers/STM32H7xx_HAL_Driver/stm32h7xx_hal_uart.o
 .debug_frame   0x00004dfc      0x2c0 ./Drivers/STM32H7xx_HAL_Driver/stm32h7xx_hal_uart_ex.o
 .debug_frame   0x000050bc       0x44 D:\Documents\01_Projects\Deersp\deersp\Audio_Matrix\CM7\Drivers\CMSIS\DSP\Lib\GCC\libarm_cortexM7lfdp_math.a(arm_fir_q15.o)
 .debug_frame   0x00005100       0x2c D:\Documents\01_Projects\Deersp\deersp\Audio_Matrix\CM7\Drivers\CMSIS\DSP\Lib\GCC\libarm_cortexM7lfdp_math.a(arm_fir_init_q15.o)
 .debug_frame   0x0000512c       0x20 D:/Progams/STM32CubeIDE_1.18.0/STM32CubeIDE/plugins/com.st.stm32cube.ide.mcu.externaltools.gnu-tools-for-stm32.13.3.rel1.win32_1.0.0.202411081344/tools/bin/../lib/gcc/arm-none-eabi/13.3.1/../../../../arm-none-eabi/lib/thumb/v7e-m+dp/hard\libc_nano.a(libc_a-memset.o)
 .debug_frame   0x0000514c       0x2c D:/Progams/STM32CubeIDE_1.18.0/STM32CubeIDE/plugins/com.st.stm32cube.ide.mcu.externaltools.gnu-tools-for-stm32.13.3.rel1.win32_1.0.0.202411081344/tools/bin/../lib/gcc/arm-none-eabi/13.3.1/../../../../arm-none-eabi/lib/thumb/v7e-m+dp/hard\libc_nano.a(libc_a-init.o)
 .debug_frame   0x00005178       0x2c D:/Progams/STM32CubeIDE_1.18.0/STM32CubeIDE/plugins/com.st.stm32cube.ide.mcu.externaltools.gnu-tools-for-stm32.13.3.rel1.win32_1.0.0.202411081344/tools/bin/../lib/gcc/arm-none-eabi/13.3.1/thumb/v7e-m+dp/hard\libgcc.a(_aeabi_uldivmod.o)
 .debug_frame   0x000051a4       0x34 D:/Progams/STM32CubeIDE_1.18.0/STM32CubeIDE/plugins/com.st.stm32cube.ide.mcu.externaltools.gnu-tools-for-stm32.13.3.rel1.win32_1.0.0.202411081344/tools/bin/../lib/gcc/arm-none-eabi/13.3.1/thumb/v7e-m+dp/hard\libgcc.a(_udivmoddi4.o)

.debug_line_str
                0x00000000       0x66
 .debug_line_str
                0x00000000       0x66 ./Core/Startup/startup_stm32h755zitx.o

.debug_loc      0x00000000      0xfad
 .debug_loc     0x00000000      0xe48 D:\Documents\01_Projects\Deersp\deersp\Audio_Matrix\CM7\Drivers\CMSIS\DSP\Lib\GCC\libarm_cortexM7lfdp_math.a(arm_fir_q15.o)
 .debug_loc     0x00000e48      0x165 D:\Documents\01_Projects\Deersp\deersp\Audio_Matrix\CM7\Drivers\CMSIS\DSP\Lib\GCC\libarm_cortexM7lfdp_math.a(arm_fir_init_q15.o)

.debug_ranges   0x00000000      0x280
 .debug_ranges  0x00000000      0x270 D:\Documents\01_Projects\Deersp\deersp\Audio_Matrix\CM7\Drivers\CMSIS\DSP\Lib\GCC\libarm_cortexM7lfdp_math.a(arm_fir_q15.o)
 .debug_ranges  0x00000270       0x10 D:\Documents\01_Projects\Deersp\deersp\Audio_Matrix\CM7\Drivers\CMSIS\DSP\Lib\GCC\libarm_cortexM7lfdp_math.a(arm_fir_init_q15.o)
