../Core/Src/aic3x.c:76:19:AIC3X_Init	16	static
../Core/Src/aic3x.c:94:19:AIC3X_HwReset	16	static
../Core/Src/aic3x.c:117:19:AIC3X_SwReset	40	static
../Core/Src/aic3x.c:128:19:AIC3X_ReadData	40	static
../Core/Src/aic3x.c:142:19:AIC3X_WriteData	40	static
../Core/Src/aic3x.c:156:19:AIC3X_ReadDataPathControl	24	static
../Core/Src/aic3x.c:184:19:AIC3X_WriteDataPathControl	24	static
../Core/Src/aic3x.c:226:19:AIC3X_ReadASDataIntfControl	40	static
../Core/Src/aic3x.c:287:19:AIC3X_WriteASDataIntfControl	40	static
../Core/Src/aic3x.c:337:19:USER_AIC3X_ReadPllProgramming	56	static
../Core/Src/aic3x.c:426:19:USER_AIC3X_WritePllProgramming	48	static
../Core/Src/aic3x.c:492:19:AIC3X_ReadPGAGainControl	24	static
../Core/Src/aic3x.c:521:19:AIC3X_WritePGAGainControl	24	static
../Core/Src/aic3x.c:542:19:AIC3X_ReadADCMixControl	32	static
../Core/Src/aic3x.c:624:19:AIC3X_WriteADCMixControl	32	static
../Core/Src/aic3x.c:712:19:AIC3X_ReadDACPowerControl	24	static
../Core/Src/aic3x.c:739:19:AIC3X_WriteDACPowerControl	24	static
../Core/Src/aic3x.c:767:19:AIC3X_ReadVolControl	32	static
../Core/Src/aic3x.c:800:19:AIC3X_WriteVolControl	32	static
../Core/Src/aic3x.c:829:19:AIC3X_ReadOutputLevelControl	32	static
../Core/Src/aic3x.c:860:19:AIC3X_WriteOutputLevelControl	32	static
