../Core/Src/main.c:193:5:main	32	static,ignoring_inline_asm
../Core/Src/main.c:576:6:SystemClock_Config	120	static
../Core/Src/main.c:635:6:PeriphCommonClock_Config	200	static
../Core/Src/main.c:663:13:MX_I2C2_Init	8	static
../Core/Src/main.c:711:13:MX_SAI1_Init	8	static
../Core/Src/main.c:761:13:MX_USART3_UART_Init	8	static
../Core/Src/main.c:807:13:MX_DMA_Init	16	static
../Core/Src/main.c:837:13:MX_MDMA_Init	96	static
../Core/Src/main.c:1195:13:MX_GPIO_Init	56	static
../Core/Src/main.c:1267:6:HAL_SAI_RxHalfCpltCallback	16	static
../Core/Src/main.c:1280:6:HAL_SAI_RxCpltCallback	16	static
../Core/Src/main.c:1312:6:MDMA_RxXferBlockCpltCallback	24	static
../Core/Src/main.c:1359:6:MDMA_TxXferBlockCpltCallback	24	static
../Core/Src/main.c:1408:6:MDMA_RxErrorCallback	16	static
../Core/Src/main.c:1412:6:MDMA_TxErrorCallback	16	static
../Core/Src/main.c:1416:19:codecSetup	72	static
../Core/Src/main.c:1580:6:Error_Handler	4	static,ignoring_inline_asm
