../Core/Src/main.c:109:5:main	24	static
../Core/Src/main.c:265:6:SystemClock_Config	120	static
../Core/Src/main.c:324:6:PeriphCommonClock_Config	200	static
../Core/Src/main.c:352:13:MX_I2C2_Init	8	static
../Core/Src/main.c:400:13:MX_SAI1_Init	8	static
../Core/Src/main.c:450:6:MX_USART3_UART_Init	8	static
../Core/Src/main.c:496:13:MX_DMA_Init	16	static
../Core/Src/main.c:517:13:MX_GPIO_Init	40	static
../Core/Src/main.c:554:6:HAL_SAI_RxHalfCpltCallback	24	static
../Core/Src/main.c:570:6:HAL_SAI_RxCpltCallback	24	static
../Core/Src/main.c:605:6:MDMA_RxXferBlockCpltCallback	16	static
../Core/Src/main.c:618:6:MDMA_TxXferBlockCpltCallback	16	static
../Core/Src/main.c:631:6:MDMA_RxErrorCallback	16	static
../Core/Src/main.c:636:6:MDMA_TxErrorCallback	16	static
../Core/Src/main.c:641:19:codecSetup	72	static
../Core/Src/main.c:787:6:MPU_Config	24	static
../Core/Src/main.c:880:6:Error_Handler	4	static,ignoring_inline_asm
