../Core/Src/main.c:107:5:main	24	static
../Core/Src/main.c:246:6:SystemClock_Config	120	static
../Core/Src/main.c:309:6:PeriphCommonClock_Config	200	static
../Core/Src/main.c:340:13:MX_I2C2_Init	8	static
../Core/Src/main.c:388:13:MX_SAI1_Init	8	static
../Core/Src/main.c:440:13:MX_USART3_UART_Init	8	static
../Core/Src/main.c:488:13:MX_DMA_Init	16	static
../Core/Src/main.c:509:13:MX_GPIO_Init	48	static
../Core/Src/main.c:548:6:HAL_SAI_RxHalfCpltCallback	24	static
../Core/Src/main.c:564:6:HAL_SAI_RxCpltCallback	24	static
../Core/Src/main.c:599:6:MDMA_RxXferBlockCpltCallback	16	static
../Core/Src/main.c:612:6:MDMA_TxXferBlockCpltCallback	16	static
../Core/Src/main.c:625:6:MDMA_RxErrorCallback	16	static
../Core/Src/main.c:630:6:MDMA_TxErrorCallback	16	static
../Core/Src/main.c:635:19:codecSetup	72	static
../Core/Src/main.c:783:6:Error_Handler	4	static,ignoring_inline_asm
