../Core/Src/main.c:190:5:main	40	static,ignoring_inline_asm
../Core/Src/main.c:562:6:SystemClock_Config	120	static
../Core/Src/main.c:621:6:PeriphCommonClock_Config	200	static
../Core/Src/main.c:649:13:MX_I2C2_Init	8	static
../Core/Src/main.c:697:13:MX_SAI1_Init	8	static
../Core/Src/main.c:747:13:MX_USART3_UART_Init	8	static
../Core/Src/main.c:793:13:MX_DMA_Init	16	static
../Core/Src/main.c:823:13:MX_MDMA_Init	96	static
../Core/Src/main.c:1181:13:MX_GPIO_Init	56	static
../Core/Src/main.c:1253:6:HAL_SAI_RxHalfCpltCallback	16	static
../Core/Src/main.c:1266:6:HAL_SAI_RxCpltCallback	16	static
../Core/Src/main.c:1298:6:MDMA_RxXferBlockCpltCallback	24	static
../Core/Src/main.c:1345:6:MDMA_TxXferBlockCpltCallback	24	static
../Core/Src/main.c:1393:6:MDMA_RxErrorCallback	16	static
../Core/Src/main.c:1397:6:MDMA_TxErrorCallback	16	static
../Core/Src/main.c:1401:19:codecSetup	72	static
../Core/Src/main.c:1565:6:Error_Handler	4	static,ignoring_inline_asm
