../Core/Src/main.c:179:5:main	32	static
../Core/Src/main.c:437:6:SystemClock_Config	120	static
../Core/Src/main.c:496:6:PeriphCommonClock_Config	200	static
../Core/Src/main.c:524:13:MX_I2C2_Init	8	static
../Core/Src/main.c:572:13:MX_SAI1_Init	8	static
../Core/Src/main.c:622:13:MX_USART3_UART_Init	8	static
../Core/Src/main.c:668:13:MX_DMA_Init	16	static
../Core/Src/main.c:707:13:MX_MDMA_Init	96	static
../Core/Src/main.c:1373:13:MX_GPIO_Init	56	static
../Core/Src/main.c:1445:6:HAL_SAI_RxHalfCpltCallback	16	static
../Core/Src/main.c:1469:6:HAL_SAI_RxCpltCallback	16	static
../Core/Src/main.c:1484:6:HAL_SAI_TxHalfCpltCallback	16	static
../Core/Src/main.c:1489:6:HAL_SAI_TxCpltCallback	16	static
../Core/Src/main.c:1493:6:MDMA_RxXferBlockCpltCallback	32	static
../Core/Src/main.c:1571:6:MDMA_TxXferBlockCpltCallback	24	static
../Core/Src/main.c:1598:6:MDMA_RxErrorCallback	24	static
../Core/Src/main.c:1602:6:MDMA_TxErrorCallback	24	static
../Core/Src/main.c:1608:19:codecSetup	72	static
../Core/Src/main.c:1772:6:Error_Handler	4	static,ignoring_inline_asm
