../Core/Src/main.c:108:5:main	10
../Core/Src/main.c:252:6:SystemClock_Config	4
../Core/Src/main.c:311:6:PeriphCommonClock_Config	2
../Core/Src/main.c:339:13:MX_I2C2_Init	4
../Core/Src/main.c:387:13:MX_SAI1_Init	3
../Core/Src/main.c:437:6:MX_USART3_UART_Init	5
../Core/Src/main.c:483:13:MX_DMA_Init	1
../Core/Src/main.c:504:13:MX_GPIO_Init	1
../Core/Src/main.c:541:6:HAL_SAI_RxHalfCpltCallback	2
../Core/Src/main.c:557:6:HAL_SAI_RxCpltCallback	2
../Core/Src/main.c:592:6:MDMA_RxXferBlockCpltCallback	2
../Core/Src/main.c:605:6:MDMA_TxXferBlockCpltCallback	2
../Core/Src/main.c:618:6:MDMA_RxErrorCallback	1
../Core/Src/main.c:623:6:MDMA_TxErrorCallback	1
../Core/Src/main.c:628:19:codecSetup	12
../Core/Src/main.c:776:6:Error_Handler	1
